Component: Arm Compiler for Embedded 6.19 Tool: armlink [5e73cb00]

==============================================================================

Section Cross References

    startup_stm32l476xx.o(STACK) refers (Special) to heapauxi.o(.text) for __use_two_region_memory
    startup_stm32l476xx.o(HEAP) refers (Special) to heapauxi.o(.text) for __use_two_region_memory
    startup_stm32l476xx.o(RESET) refers (Special) to heapauxi.o(.text) for __use_two_region_memory
    startup_stm32l476xx.o(RESET) refers to startup_stm32l476xx.o(STACK) for __initial_sp
    startup_stm32l476xx.o(RESET) refers to startup_stm32l476xx.o(.text) for Reset_Handler
    startup_stm32l476xx.o(RESET) refers to stm32l4xx_it.o(.text.NMI_Handler) for NMI_Handler
    startup_stm32l476xx.o(RESET) refers to stm32l4xx_it.o(.text.HardFault_Handler) for HardFault_Handler
    startup_stm32l476xx.o(RESET) refers to stm32l4xx_it.o(.text.MemManage_Handler) for MemManage_Handler
    startup_stm32l476xx.o(RESET) refers to stm32l4xx_it.o(.text.BusFault_Handler) for BusFault_Handler
    startup_stm32l476xx.o(RESET) refers to stm32l4xx_it.o(.text.UsageFault_Handler) for UsageFault_Handler
    startup_stm32l476xx.o(RESET) refers to stm32l4xx_it.o(.text.SVC_Handler) for SVC_Handler
    startup_stm32l476xx.o(RESET) refers to stm32l4xx_it.o(.text.DebugMon_Handler) for DebugMon_Handler
    startup_stm32l476xx.o(RESET) refers to stm32l4xx_it.o(.text.PendSV_Handler) for PendSV_Handler
    startup_stm32l476xx.o(RESET) refers to stm32l4xx_it.o(.text.SysTick_Handler) for SysTick_Handler
    startup_stm32l476xx.o(RESET) refers to stm32l4xx_it.o(.text.DMA1_Channel6_IRQHandler) for DMA1_Channel6_IRQHandler
    startup_stm32l476xx.o(RESET) refers to stm32l4xx_it.o(.text.DMA1_Channel7_IRQHandler) for DMA1_Channel7_IRQHandler
    startup_stm32l476xx.o(RESET) refers to stm32l4xx_it.o(.text.ADC1_2_IRQHandler) for ADC1_2_IRQHandler
    startup_stm32l476xx.o(RESET) refers to stm32l4xx_it.o(.text.TIM2_IRQHandler) for TIM2_IRQHandler
    startup_stm32l476xx.o(RESET) refers to stm32l4xx_it.o(.text.USART2_IRQHandler) for USART2_IRQHandler
    startup_stm32l476xx.o(RESET) refers to stm32l4xx_it.o(.text.EXTI15_10_IRQHandler) for EXTI15_10_IRQHandler
    startup_stm32l476xx.o(RESET) refers to stm32l4xx_it.o(.text.TIM6_DAC_IRQHandler) for TIM6_DAC_IRQHandler
    startup_stm32l476xx.o(RESET) refers to stm32l4xx_it.o(.text.TIM7_IRQHandler) for TIM7_IRQHandler
    startup_stm32l476xx.o(.text) refers (Special) to heapauxi.o(.text) for __use_two_region_memory
    startup_stm32l476xx.o(.text) refers to system_stm32l4xx.o(.text.SystemInit) for SystemInit
    startup_stm32l476xx.o(.text) refers to __main.o(!!!main) for __main
    startup_stm32l476xx.o(.text) refers to startup_stm32l476xx.o(HEAP) for Heap_Mem
    startup_stm32l476xx.o(.text) refers to startup_stm32l476xx.o(STACK) for Stack_Mem
    lcd.o(.text.delay) refers to f2d.o(x$fpl$f2d) for __aeabi_f2d
    lcd.o(.text.delay) refers to dmul.o(x$fpl$dmul) for __aeabi_dmul
    lcd.o(.text.delay) refers to dfix.o(x$fpl$dfix) for __aeabi_d2iz
    lcd.o(.ARM.exidx.text.delay) refers to lcd.o(.text.delay) for [Anonymous Symbol]
    lcd.o(.text.LCD_init) refers to lcd.o(.text.LCD_Command) for LCD_Command
    lcd.o(.ARM.exidx.text.LCD_init) refers to lcd.o(.text.LCD_init) for [Anonymous Symbol]
    lcd.o(.text.LCD_Command) refers to stm32l4xx_hal_gpio.o(.text.HAL_GPIO_WritePin) for HAL_GPIO_WritePin
    lcd.o(.ARM.exidx.text.LCD_Command) refers to lcd.o(.text.LCD_Command) for [Anonymous Symbol]
    lcd.o(.text.LCD_WriteData) refers to stm32l4xx_hal_gpio.o(.text.HAL_GPIO_WritePin) for HAL_GPIO_WritePin
    lcd.o(.ARM.exidx.text.LCD_WriteData) refers to lcd.o(.text.LCD_WriteData) for [Anonymous Symbol]
    lcd.o(.text.LCD_Print) refers to stm32l4xx_hal_gpio.o(.text.HAL_GPIO_WritePin) for HAL_GPIO_WritePin
    lcd.o(.ARM.exidx.text.LCD_Print) refers to lcd.o(.text.LCD_Print) for [Anonymous Symbol]
    lcd.o(.text.LCD_Print_String) refers to lcd.o(.text.LCD_Print) for LCD_Print
    lcd.o(.ARM.exidx.text.LCD_Print_String) refers to lcd.o(.text.LCD_Print_String) for [Anonymous Symbol]
    lcd.o(.text.LCD_Clear) refers to lcd.o(.text.LCD_Command) for LCD_Command
    lcd.o(.ARM.exidx.text.LCD_Clear) refers to lcd.o(.text.LCD_Clear) for [Anonymous Symbol]
    lcd.o(.text.LCD_PrintWithBits) refers to lcd.o(.bss.LCD_PrintWithBits.memory) for LCD_PrintWithBits.memory
    lcd.o(.text.LCD_PrintWithBits) refers to lcd.o(.text.LCD_Command) for LCD_Command
    lcd.o(.text.LCD_PrintWithBits) refers to lcd.o(.text.LCD_Print) for LCD_Print
    lcd.o(.ARM.exidx.text.LCD_PrintWithBits) refers to lcd.o(.text.LCD_PrintWithBits) for [Anonymous Symbol]
    lcd.o(.text.LCD_Set_Cursor) refers to lcd.o(.text.LCD_Command) for LCD_Command
    lcd.o(.ARM.exidx.text.LCD_Set_Cursor) refers to lcd.o(.text.LCD_Set_Cursor) for [Anonymous Symbol]
    lcd.o(.text.LCD_Cursor_On_Off) refers to lcd.o(.text.LCD_Command) for LCD_Command
[...]
    [Anonymous Symbol]                       0x08001c18   Section        0  stm32l4xx_hal_pwr_ex.o(.text.HAL_PWREx_ControlVoltageScaling)
    [Anonymous Symbol]                       0x08001ca4   Section        0  stm32l4xx_hal_pwr_ex.o(.text.HAL_PWREx_GetVoltageRange)
    [Anonymous Symbol]                       0x08001cb4   Section        0  stm32l4xx_hal_pwr.o(.text.HAL_PWR_EnableBkUpAccess)
    [Anonymous Symbol]                       0x08001cc8   Section        0  stm32l4xx_hal_rcc_ex.o(.text.HAL_RCCEx_EnableMSIPLLMode)
    [Anonymous Symbol]                       0x08001cdc   Section        0  stm32l4xx_hal_rcc_ex.o(.text.HAL_RCCEx_PeriphCLKConfig)
    [Anonymous Symbol]                       0x080020c0   Section        0  stm32l4xx_hal_rcc.o(.text.HAL_RCC_ClockConfig)
    [Anonymous Symbol]                       0x0800233c   Section        0  stm32l4xx_hal_rcc.o(.text.HAL_RCC_GetPCLK1Freq)
    [Anonymous Symbol]                       0x08002368   Section        0  stm32l4xx_hal_rcc.o(.text.HAL_RCC_GetPCLK2Freq)
    [Anonymous Symbol]                       0x08002394   Section        0  stm32l4xx_hal_rcc.o(.text.HAL_RCC_GetSysClockFreq)
    [Anonymous Symbol]                       0x08002458   Section        0  stm32l4xx_hal_rcc.o(.text.HAL_RCC_OscConfig)
    [Anonymous Symbol]                       0x08002bcc   Section        0  stm32l4xx_hal_rng.o(.text.HAL_RNG_Init)
    [Anonymous Symbol]                       0x08002c40   Section        0  stm32l4xx_hal_msp.o(.text.HAL_RNG_MspInit)
    [Anonymous Symbol]                       0x08002c74   Section        0  stm32l4xx_hal_rtc.o(.text.HAL_RTC_Init)
    [Anonymous Symbol]                       0x08002d38   Section        0  stm32l4xx_hal_msp.o(.text.HAL_RTC_MspInit)
    [Anonymous Symbol]                       0x08002d8c   Section        0  stm32l4xx_hal_rtc.o(.text.HAL_RTC_SetDate)
    [Anonymous Symbol]                       0x08002ed0   Section        0  stm32l4xx_hal_rtc.o(.text.HAL_RTC_SetTime)
    [Anonymous Symbol]                       0x08003044   Section        0  stm32l4xx_hal_cortex.o(.text.HAL_SYSTICK_Config)
    [Anonymous Symbol]                       0x08003070   Section        0  stm32l4xx_hal_tim_ex.o(.text.HAL_TIMEx_Break2Callback)
    [Anonymous Symbol]                       0x08003074   Section        0  stm32l4xx_hal_tim_ex.o(.text.HAL_TIMEx_BreakCallback)
    [Anonymous Symbol]                       0x08003078   Section        0  stm32l4xx_hal_tim_ex.o(.text.HAL_TIMEx_CommutCallback)
    [Anonymous Symbol]                       0x0800307c   Section        0  stm32l4xx_hal_tim_ex.o(.text.HAL_TIMEx_MasterConfigSynchronization)
    [Anonymous Symbol]                       0x0800313c   Section        0  stm32l4xx_hal_tim.o(.text.HAL_TIM_Base_Init)
    [Anonymous Symbol]                       0x080031a0   Section        0  stm32l4xx_hal_msp.o(.text.HAL_TIM_Base_MspInit)
    [Anonymous Symbol]                       0x0800326c   Section        0  stm32l4xx_hal_tim.o(.text.HAL_TIM_ConfigClockSource)
    [Anonymous Symbol]                       0x08003408   Section        0  stm32l4xx_hal_tim.o(.text.HAL_TIM_IC_CaptureCallback)
    [Anonymous Symbol]                       0x0800340c   Section        0  stm32l4xx_hal_tim.o(.text.HAL_TIM_IRQHandler)
    [Anonymous Symbol]                       0x08003598   Section        0  stm32l4xx_hal_msp.o(.text.HAL_TIM_MspPostInit)
    [Anonymous Symbol]                       0x0800361c   Section        0  stm32l4xx_hal_tim.o(.text.HAL_TIM_OC_DelayElapsedCallback)
    [Anonymous Symbol]                       0x08003620   Section        0  stm32l4xx_hal_tim.o(.text.HAL_TIM_PWM_ConfigChannel)
    [Anonymous Symbol]                       0x080039c0   Section        0  stm32l4xx_hal_tim.o(.text.HAL_TIM_PWM_Init)
    [Anonymous Symbol]                       0x08003a24   Section        0  stm32l4xx_hal_tim.o(.text.HAL_TIM_PWM_MspInit)
    [Anonymous Symbol]                       0x08003a28   Section        0  stm32l4xx_hal_tim.o(.text.HAL_TIM_PWM_PulseFinishedCallback)
    [Anonymous Symbol]                       0x08003a2c   Section        0  stm32l4xx_hal_tim.o(.text.HAL_TIM_PeriodElapsedCallback)
    [Anonymous Symbol]                       0x08003a30   Section        0  stm32l4xx_hal_tim.o(.text.HAL_TIM_TriggerCallback)
    [Anonymous Symbol]                       0x08003a34   Section        0  stm32l4xx_hal_uart.o(.text.HAL_UARTEx_RxEventCallback)
    [Anonymous Symbol]                       0x08003a38   Section        0  stm32l4xx_hal_uart_ex.o(.text.HAL_UARTEx_WakeupCallback)
    [Anonymous Symbol]                       0x08003a3c   Section        0  stm32l4xx_hal_uart.o(.text.HAL_UART_ErrorCallback)
    [Anonymous Symbol]                       0x08003a40   Section        0  stm32l4xx_hal_uart.o(.text.HAL_UART_IRQHandler)
    [Anonymous Symbol]                       0x08004014   Section        0  stm32l4xx_hal_uart.o(.text.HAL_UART_Init)
    [Anonymous Symbol]                       0x080040d8   Section        0  stm32l4xx_hal_msp.o(.text.HAL_UART_MspInit)
    [Anonymous Symbol]                       0x080041e0   Section        0  stm32l4xx_hal_uart.o(.text.HAL_UART_Receive_DMA)
    [Anonymous Symbol]                       0x080043d8   Section        0  stm32l4xx_hal_uart.o(.text.HAL_UART_RxCpltCallback)
    [Anonymous Symbol]                       0x080043dc   Section        0  stm32l4xx_hal_uart.o(.text.HAL_UART_RxHalfCpltCallback)
    [Anonymous Symbol]                       0x080043e0   Section        0  stm32l4xx_hal_uart.o(.text.HAL_UART_TxCpltCallback)
    [Anonymous Symbol]                       0x080043e4   Section        0  stm32l4xx_it.o(.text.HardFault_Handler)
    [Anonymous Symbol]                       0x080043e8   Section        0  stm32l4xx_it.o(.text.MemManage_Handler)
    [Anonymous Symbol]                       0x080043ec   Section        0  stm32l4xx_it.o(.text.NMI_Handler)
    [Anonymous Symbol]                       0x080043f0   Section        0  stm32l4xx_it.o(.text.PendSV_Handler)
    RCCEx_PLLSAI1_Config                     0x080043f5   Thumb Code   366  stm32l4xx_hal_rcc_ex.o(.text.RCCEx_PLLSAI1_Config)
    [Anonymous Symbol]                       0x080043f4   Section        0  stm32l4xx_hal_rcc_ex.o(.text.RCCEx_PLLSAI1_Config)
    RCCEx_PLLSAI2_Config                     0x08004565   Thumb Code   326  stm32l4xx_hal_rcc_ex.o(.text.RCCEx_PLLSAI2_Config)
    [Anonymous Symbol]                       0x08004564   Section        0  stm32l4xx_hal_rcc_ex.o(.text.RCCEx_PLLSAI2_Config)
    [Anonymous Symbol]                       0x080046ac   Section        0  stm32l4xx_hal_rtc.o(.text.RTC_ExitInitMode)
    [Anonymous Symbol]                       0x08004740   Section        0  stm32l4xx_it.o(.text.SVC_Handler)
    [Anonymous Symbol]                       0x08004744   Section        0  stm32l4xx_it.o(.text.SysTick_Handler)
    [Anonymous Symbol]                       0x080047c0   Section        0  main.o(.text.SystemClock_Config)
    [Anonymous Symbol]                       0x08004868   Section        0  system_stm32l4xx.o(.text.SystemInit)
    [Anonymous Symbol]                       0x0800487c   Section        0  stm32l4xx_it.o(.text.TIM2_IRQHandler)
    [Anonymous Symbol]                       0x08004888   Section        0  stm32l4xx_it.o(.text.TIM6_DAC_IRQHandler)
    [Anonymous Symbol]                       0x080048a8   Section        0  stm32l4xx_it.o(.text.TIM7_IRQHandler)
    [Anonymous Symbol]                       0x080048b4   Section        0  stm32l4xx_hal_tim.o(.text.TIM_Base_SetConfig)
    [Anonymous Symbol]                       0x080049f4   Section        0  stm32l4xx_hal_uart.o(.text.UART_AdvFeatureConfig)
    UART_DMAAbortOnError                     0x08004add   Thumb Code    16  stm32l4xx_hal_uart.o(.text.UART_DMAAbortOnError)
    [Anonymous Symbol]                       0x08004adc   Section        0  stm32l4xx_hal_uart.o(.text.UART_DMAAbortOnError)
    UART_DMAError                            0x08004aed   Thumb Code   384  stm32l4xx_hal_uart.o(.text.UART_DMAError)
    [Anonymous Symbol]                       0x08004aec   Section        0  stm32l4xx_hal_uart.o(.text.UART_DMAError)
    UART_DMAReceiveCplt                      0x08004c6d   Thumb Code   348  stm32l4xx_hal_uart.o(.text.UART_DMAReceiveCplt)
    [Anonymous Symbol]                       0x08004c6c   Section        0  stm32l4xx_hal_uart.o(.text.UART_DMAReceiveCplt)
    UART_DMARxHalfCplt                       0x08004dc9   Thumb Code    22  stm32l4xx_hal_uart.o(.text.UART_DMARxHalfCplt)
    [Anonymous Symbol]                       0x08004dc8   Section        0  stm32l4xx_hal_uart.o(.text.UART_DMARxHalfCplt)
    [Anonymous Symbol]                       0x08004de0   Section        0  stm32l4xx_hal_uart.o(.text.UART_SetConfig)
    [Anonymous Symbol]                       0x08005048   Section        0  stm32l4xx_hal_uart.o(.text.UART_WaitOnFlagUntilTimeout)
    [Anonymous Symbol]                       0x08005258   Section        0  stm32l4xx_it.o(.text.USART2_IRQHandler)
    [Anonymous Symbol]                       0x0800527c   Section        0  stm32l4xx_it.o(.text.UsageFault_Handler)
    [Anonymous Symbol]                       0x08005280   Section        0  main.o(.text.main)
    [Anonymous Symbol]                       0x08005840   Section        0  filter.o(.text.make_noise)
    i.__hardfp_fmod                          0x0800591c   Section        0  fmod.o(i.__hardfp_fmod)
    i.__mathlib_dbl_invalid                  0x08005a20   Section        0  dunder.o(i.__mathlib_dbl_invalid)
    $v0                                      0x08005a40   Number         0  d2f.o(x$fpl$d2f)
    x$fpl$d2f                                0x08005a40   Section       98  d2f.o(x$fpl$d2f)
    $v0                                      0x08005aa4   Number         0  daddsub_clz.o(x$fpl$dadd)
    x$fpl$dadd                               0x08005aa4   Section      336  daddsub_clz.o(x$fpl$dadd)
    _dadd1                                   0x08005ab5   Thumb Code     0  daddsub_clz.o(x$fpl$dadd)
    $v0                                      0x08005bf4   Number         0  dcmpi.o(x$fpl$dcmpinf)
    x$fpl$dcmpinf                            0x08005bf4   Section       24  dcmpi.o(x$fpl$dcmpinf)
    $v0                                      0x08005c0c   Number         0  ddiv.o(x$fpl$ddiv)
    x$fpl$ddiv                               0x08005c0c   Section      692  ddiv.o(x$fpl$ddiv)
    ddiv_entry                               0x08005c13   Thumb Code     0  ddiv.o(x$fpl$ddiv)
    $v0                                      0x08005ec0   Number         0  deqf.o(x$fpl$deqf)
    x$fpl$deqf                               0x08005ec0   Section      120  deqf.o(x$fpl$deqf)
    $v0                                      0x08005f38   Number         0  dflt_clz.o(x$fpl$dflt)
    x$fpl$dflt                               0x08005f38   Section       46  dflt_clz.o(x$fpl$dflt)
    $v0                                      0x08005f68   Number         0  dgeqf.o(x$fpl$dgeqf)
    x$fpl$dgeqf                              0x08005f68   Section      120  dgeqf.o(x$fpl$dgeqf)
    $v0                                      0x08005fe0   Number         0  dleqf.o(x$fpl$dleqf)
    x$fpl$dleqf                              0x08005fe0   Section      120  dleqf.o(x$fpl$dleqf)
    $v0                                      0x08006058   Number         0  dmul.o(x$fpl$dmul)
    x$fpl$dmul                               0x08006058   Section      340  dmul.o(x$fpl$dmul)
    $v0                                      0x080061ac   Number         0  dnaninf.o(x$fpl$dnaninf)
    x$fpl$dnaninf                            0x080061ac   Section      156  dnaninf.o(x$fpl$dnaninf)
    $v0                                      0x08006248   Number         0  drem_clz.o(x$fpl$drem)
    x$fpl$drem                               0x08006248   Section      336  drem_clz.o(x$fpl$drem)
    $v0                                      0x08006398   Number         0  dretinf.o(x$fpl$dretinf)
    x$fpl$dretinf                            0x08006398   Section       12  dretinf.o(x$fpl$dretinf)
    $v0                                      0x080063a4   Number         0  daddsub_clz.o(x$fpl$drsb)
    x$fpl$drsb                               0x080063a4   Section       22  daddsub_clz.o(x$fpl$drsb)
    $v0                                      0x080063bc   Number         0  daddsub_clz.o(x$fpl$dsub)
    x$fpl$dsub                               0x080063bc   Section      476  daddsub_clz.o(x$fpl$dsub)
    _dsub1                                   0x080063cd   Thumb Code     0  daddsub_clz.o(x$fpl$dsub)
    $v0                                      0x08006598   Number         0  f2d.o(x$fpl$f2d)
    x$fpl$f2d                                0x08006598   Section       86  f2d.o(x$fpl$f2d)
    $v0                                      0x080065ee   Number         0  dcmp.o(x$fpl$fcmp)
    x$fpl$fcmp                               0x080065ee   Section       84  dcmp.o(x$fpl$fcmp)
    $v0                                      0x08006642   Number         0  fnaninf.o(x$fpl$fnaninf)
    x$fpl$fnaninf                            0x08006642   Section      140  fnaninf.o(x$fpl$fnaninf)
    $v0                                      0x080066ce   Number         0  fpinit.o(x$fpl$fpinit)
    x$fpl$fpinit                             0x080066ce   Section       26  fpinit.o(x$fpl$fpinit)
    $v0                                      0x080066e8   Number         0  fretinf.o(x$fpl$fretinf)
    x$fpl$fretinf                            0x080066e8   Section       10  fretinf.o(x$fpl$fretinf)
    x$fpl$usenofp                            0x080066f2   Section        0  usenofp.o(x$fpl$usenofp)
    .Lswitch.table.UART_SetConfig.5          0x0800673c   Data          16  stm32l4xx_hal_uart.o(.rodata.cst16)
    .L_MergedGlobals                         0x20000000   Data           8  stm32l4xx_hal.o(.data..L_MergedGlobals)
    [Anonymous Symbol]                       0x20000000   Section        0  stm32l4xx_hal.o(.data..L_MergedGlobals)
    .bss                                     0x20000010   Section      228  rand.o(.bss)
    .bss                                     0x200000f4   Section       96  libspace.o(.bss)
    .L_MergedGlobals                         0x20000154   Data         108  main.o(.bss..L_MergedGlobals)
    [Anonymous Symbol]                       0x20000154   Section        0  main.o(.bss..L_MergedGlobals)
    Heap_Mem                                 0x20000fd0   Data         512  startup_stm32l476xx.o(HEAP)
    HEAP                                     0x20000fd0   Section      512  startup_stm32l476xx.o(HEAP)
    Stack_Mem                                0x200011d0   Data        1024  startup_stm32l476xx.o(STACK)
    STACK                                    0x200011d0   Section     1024  startup_stm32l476xx.o(STACK)
    __initial_sp                             0x200015d0   Data           0  startup_stm32l476xx.o(STACK)

    Global Symbols

    Symbol Name                              Value     Ov Type        Size  Object(Section)

    BuildAttributes$$THM_ISAv4$E$P$D$K$B$S$7EM$VFPi3$EXTD16$VFPS$VFMA$PE$A:L22UL41UL21$X:L11$S22US41US21$IEEE1$IW$~IW$USESV6$~STKCKD$USESV7$~SHL$OTIME$ROPI$IEEEX$EBA8$UX$STANDARDLIB$REQ8$PRES8$EABIv2 0x00000000   Number         0  anon$$obj.o ABSOLUTE
    __ARM_exceptions_init                     - Undefined Weak Reference
    __alloca_initialize                       - Undefined Weak Reference
    __arm_preinit_                            - Undefined Weak Reference
    __arm_relocate_pie_                       - Undefined Weak Reference
    __cpp_initialize__aeabi_                  - Undefined Weak Reference
    __cxa_finalize                            - Undefined Weak Reference
    __rt_locale                               - Undefined Weak Reference
    __sigvec_lookup                           - Undefined Weak Reference
    _atexit_init                              - Undefined Weak Reference
    _call_atexit_fns                          - Undefined Weak Reference
    _clock_init                               - Undefined Weak Reference
    _fp_trap_init                             - Undefined Weak Reference
    _fp_trap_shutdown                         - Undefined Weak Reference
    _get_lc_collate                           - Undefined Weak Reference
    _get_lc_ctype                             - Undefined Weak Reference
    _get_lc_monetary                          - Undefined Weak Reference
    _get_lc_numeric                           - Undefined Weak Reference
    _get_lc_time                              - Undefined Weak Reference
    _getenv_init                              - Undefined Weak Reference
    _handle_redirection                       - Undefined Weak Reference
    _init_alloc                               - Undefined Weak Reference
    _init_user_alloc                          - Undefined Weak Reference
    _initio                                   - Undefined Weak Reference
    _printf_post_padding                      - Undefined Weak Reference
    _printf_pre_padding                       - Undefined Weak Reference
    _printf_truncate_signed                   - Undefined Weak Reference
    _printf_truncate_unsigned                 - Undefined Weak Reference
    _signal_finish                            - Undefined Weak Reference
    _signal_init                              - Undefined Weak Reference
    _terminate_alloc                          - Undefined Weak Reference
    _terminate_user_alloc                     - Undefined Weak Reference
    _terminateio                              - Undefined Weak Reference
    __Vectors_Size                           0x00000188   Number         0  startup_stm32l476xx.o ABSOLUTE
    __Vectors                                0x08000000   Data           4  startup_stm32l476xx.o(RESET)
    __Vectors_End                            0x08000188   Data           0  startup_stm32l476xx.o(RESET)
    __main                                   0x08000189   Thumb Code     8  __main.o(!!!main)
    __scatterload                            0x08000191   Thumb Code     0  __scatter.o(!!!scatter)
    __scatterload_rt2                        0x08000191   Thumb Code    44  __scatter.o(!!!scatter)
    __scatterload_rt2_thumb_only             0x08000191   Thumb Code     0  __scatter.o(!!!scatter)
    __scatterload_null                       0x0800019f   Thumb Code     0  __scatter.o(!!!scatter)
    __scatterload_copy                       0x080001c5   Thumb Code    26  __scatter_copy.o(!!handler_copy)
    __scatterload_zeroinit                   0x080001e1   Thumb Code    28  __scatter_zi.o(!!handler_zi)
    __rt_lib_init                            0x080001fd   Thumb Code     0  libinit.o(.ARM.Collect$$libinit$$00000000)
    __rt_lib_init_fp_1                       0x080001ff   Thumb Code     0  libinit2.o(.ARM.Collect$$libinit$$00000001)
    __rt_lib_init_heap_1                     0x08000203   Thumb Code     0  libinit2.o(.ARM.Collect$$libinit$$0000000C)
    __rt_lib_init_preinit_1                  0x08000203   Thumb Code     0  libinit2.o(.ARM.Collect$$libinit$$00000006)
    __rt_lib_init_rand_2                     0x08000203   Thumb Code     0  libinit2.o(.ARM.Collect$$libinit$$0000000F)
    __rt_lib_init_relocate_pie_1             0x08000203   Thumb Code     0  libinit2.o(.ARM.Collect$$libinit$$00000004)
    __rt_lib_init_user_alloc_1               0x08000203   Thumb Code     0  libinit2.o(.ARM.Collect$$libinit$$0000000E)
    __rt_lib_init_alloca_1                   0x08000207   Thumb Code     0  libinit2.o(.ARM.Collect$$libinit$$00000030)
    __rt_lib_init_argv_1                     0x08000207   Thumb Code     0  libinit2.o(.ARM.Collect$$libinit$$0000002E)
    __rt_lib_init_atexit_1                   0x08000207   Thumb Code     0  libinit2.o(.ARM.Collect$$libinit$$0000001D)
    __rt_lib_init_clock_1                    0x08000207   Thumb Code     0  libinit2.o(.ARM.Collect$$libinit$$00000023)
    __rt_lib_init_cpp_1                      0x08000207   Thumb Code     0  libinit2.o(.ARM.Collect$$libinit$$00000034)
    __rt_lib_init_exceptions_1               0x08000207   Thumb Code     0  libinit2.o(.ARM.Collect$$libinit$$00000032)
    __rt_lib_init_fp_trap_1                  0x08000207   Thumb Code     0  libinit2.o(.ARM.Collect$$libinit$$00000021)
    __rt_lib_init_getenv_1                   0x08000207   Thumb Code     0  libinit2.o(.ARM.Collect$$libinit$$00000025)
    __rt_lib_init_lc_collate_1               0x08000207   Thumb Code     0  libinit2.o(.ARM.Collect$$libinit$$00000013)
    __rt_lib_init_lc_ctype_1                 0x08000207   Thumb Code     0  libinit2.o(.ARM.Collect$$libinit$$00000015)
    __rt_lib_init_lc_monetary_1              0x08000207   Thumb Code     0  libinit2.o(.ARM.Collect$$libinit$$00000017)
    __rt_lib_init_lc_numeric_1               0x08000207   Thumb Code     0  libinit2.o(.ARM.Collect$$libinit$$00000019)
    __rt_lib_init_lc_time_1                  0x08000207   Thumb Code     0  libinit2.o(.ARM.Collect$$libinit$$0000001B)
    __rt_lib_init_rand_1                     0x08000207   Thumb Code     0  libinit2.o(.ARM.Collect$$libinit$$00000010)
    __rt_lib_init_return                     0x08000207   Thumb Code     0  libinit2.o(.ARM.Collect$$libinit$$00000035)
    __rt_lib_init_signal_1                   0x08000207   Thumb Code     0  libinit2.o(.ARM.Collect$$libinit$$0000001F)
    __rt_lib_init_stdio_1                    0x08000207   Thumb Code     0  libinit2.o(.ARM.Collect$$libinit$$00000027)
    __rt_lib_shutdown                        0x08000209   Thumb Code     0  libshutdown.o(.ARM.Collect$$libshutdown$$00000000)
    __rt_lib_shutdown_cpp_1                  0x0800020b   Thumb Code     0  libshutdown2.o(.ARM.Collect$$libshutdown$$00000002)
    __rt_lib_shutdown_fp_trap_1              0x0800020b   Thumb Code     0  libshutdown2.o(.ARM.Collect$$libshutdown$$00000007)
    __rt_lib_shutdown_heap_1                 0x0800020b   Thumb Code     0  libshutdown2.o(.ARM.Collect$$libshutdown$$0000000F)
    __rt_lib_shutdown_return                 0x0800020b   Thumb Code     0  libshutdown2.o(.ARM.Collect$$libshutdown$$00000010)
    __rt_lib_shutdown_signal_1               0x0800020b   Thumb Code     0  libshutdown2.o(.ARM.Collect$$libshutdown$$0000000A)
    __rt_lib_shutdown_stdio_1                0x0800020b   Thumb Code     0  libshutdown2.o(.ARM.Collect$$libshutdown$$00000004)
    __rt_lib_shutdown_user_alloc_1           0x0800020b   Thumb Code     0  libshutdown2.o(.ARM.Collect$$libshutdown$$0000000C)
    __rt_entry                               0x0800020d   Thumb Code     0  __rtentry.o(.ARM.Collect$$rtentry$$00000000)
    __rt_entry_presh_1                       0x0800020d   Thumb Code     0  __rtentry2.o(.ARM.Collect$$rtentry$$00000002)
    __rt_entry_sh                            0x0800020d   Thumb Code     0  __rtentry4.o(.ARM.Collect$$rtentry$$00000004)
    __rt_entry_li                            0x08000213   Thumb Code     0  __rtentry2.o(.ARM.Collect$$rtentry$$0000000A)
    __rt_entry_postsh_1                      0x08000213   Thumb Code     0  __rtentry2.o(.ARM.Collect$$rtentry$$00000009)
    __rt_entry_main                          0x08000217   Thumb Code     0  __rtentry2.o(.ARM.Collect$$rtentry$$0000000D)
    __rt_entry_postli_1                      0x08000217   Thumb Code     0  __rtentry2.o(.ARM.Collect$$rtentry$$0000000C)
    __rt_exit                                0x0800021f   Thumb Code     0  rtexit.o(.ARM.Collect$$rtexit$$00000000)
    __rt_exit_ls                             0x08000221   Thumb Code     0  rtexit2.o(.ARM.Collect$$rtexit$$00000003)
    __rt_exit_prels_1                        0x08000221   Thumb Code     0  rtexit2.o(.ARM.Collect$$rtexit$$00000002)
    __rt_exit_exit                           0x08000225   Thumb Code     0  rtexit2.o(.ARM.Collect$$rtexit$$00000004)
    rand                                     0x0800022d   Thumb Code    48  rand.o(.emb_text)
    Reset_Handler                            0x08000261   Thumb Code     8  startup_stm32l476xx.o(.text)
    ADC3_IRQHandler                          0x0800027b   Thumb Code     0  startup_stm32l476xx.o(.text)
    CAN1_RX0_IRQHandler                      0x0800027b   Thumb Code     0  startup_stm32l476xx.o(.text)
    CAN1_RX1_IRQHandler                      0x0800027b   Thumb Code     0  startup_stm32l476xx.o(.text)
    CAN1_SCE_IRQHandler                      0x0800027b   Thumb Code     0  startup_stm32l476xx.o(.text)
    CAN1_TX_IRQHandler                       0x0800027b   Thumb Code     0  startup_stm32l476xx.o(.text)
    COMP_IRQHandler                          0x0800027b   Thumb Code     0  startup_stm32l476xx.o(.text)
    DFSDM1_FLT0_IRQHandler                   0x0800027b   Thumb Code     0  startup_stm32l476xx.o(.text)
    DFSDM1_FLT1_IRQHandler                   0x0800027b   Thumb Code     0  startup_stm32l476xx.o(.text)
    DFSDM1_FLT2_IRQHandler                   0x0800027b   Thumb Code     0  startup_stm32l476xx.o(.text)
    DFSDM1_FLT3_IRQHandler                   0x0800027b   Thumb Code     0  startup_stm32l476xx.o(.text)
    DMA1_Channel1_IRQHandler                 0x0800027b   Thumb Code     0  startup_stm32l476xx.o(.text)
    DMA1_Channel2_IRQHandler                 0x0800027b   Thumb Code     0  startup_stm32l476xx.o(.text)
    DMA1_Channel3_IRQHandler                 0x0800027b   Thumb Code     0  startup_stm32l476xx.o(.text)
    DMA1_Channel4_IRQHandler                 0x0800027b   Thumb Code     0  startup_stm32l476xx.o(.text)
    DMA1_Channel5_IRQHandler                 0x0800027b   Thumb Code     0  startup_stm32l476xx.o(.text)
    DMA2_Channel1_IRQHandler                 0x0800027b   Thumb Code     0  startup_stm32l476xx.o(.text)
    DMA2_Channel2_IRQHandler                 0x0800027b   Thumb Code     0  startup_stm32l476xx.o(.text)
    DMA2_Channel3_IRQHandler                 0x0800027b   Thumb Code     0  startup_stm32l476xx.o(.text)
    DMA2_Channel4_IRQHandler                 0x0800027b   Thumb Code     0  startup_stm32l476xx.o(.text)
    DMA2_Channel5_IRQHandler                 0x0800027b   Thumb Code     0  startup_stm32l476xx.o(.text)
    DMA2_Channel6_IRQHandler                 0x0800027b   Thumb Code     0  startup_stm32l476xx.o(.text)
    DMA2_Channel7_IRQHandler                 0x0800027b   Thumb Code     0  startup_stm32l476xx.o(.text)
    EXTI0_IRQHandler                         0x0800027b   Thumb Code     0  startup_stm32l476xx.o(.text)
    EXTI1_IRQHandler                         0x0800027b   Thumb Code     0  startup_stm32l476xx.o(.text)
    EXTI2_IRQHandler                         0x0800027b   Thumb Code     0  startup_stm32l476xx.o(.text)
    EXTI3_IRQHandler                         0x0800027b   Thumb Code     0  startup_stm32l476xx.o(.text)
    EXTI4_IRQHandler                         0x0800027b   Thumb Code     0  startup_stm32l476xx.o(.text)
    EXTI9_5_IRQHandler                       0x0800027b   Thumb Code     0  startup_stm32l476xx.o(.text)
    FLASH_IRQHandler                         0x0800027b   Thumb Code     0  startup_stm32l476xx.o(.text)
    FMC_IRQHandler                           0x0800027b   Thumb Code     0  startup_stm32l476xx.o(.text)
    FPU_IRQHandler                           0x0800027b   Thumb Code     0  startup_stm32l476xx.o(.text)
    I2C1_ER_IRQHandler                       0x0800027b   Thumb Code     0  startup_stm32l476xx.o(.text)
    I2C1_EV_IRQHandler                       0x0800027b   Thumb Code     0  startup_stm32l476xx.o(.text)
    I2C2_ER_IRQHandler                       0x0800027b   Thumb Code     0  startup_stm32l476xx.o(.text)
    I2C2_EV_IRQHandler                       0x0800027b   Thumb Code     0  startup_stm32l476xx.o(.text)
    I2C3_ER_IRQHandler                       0x0800027b   Thumb Code     0  startup_stm32l476xx.o(.text)
    I2C3_EV_IRQHandler                       0x0800027b   Thumb Code     0  startup_stm32l476xx.o(.text)
    LCD_IRQHandler                           0x0800027b   Thumb Code     0  startup_stm32l476xx.o(.text)
    LPTIM1_IRQHandler                        0x0800027b   Thumb Code     0  startup_stm32l476xx.o(.text)
    LPTIM2_IRQHandler                        0x0800027b   Thumb Code     0  startup_stm32l476xx.o(.text)
    LPUART1_IRQHandler                       0x0800027b   Thumb Code     0  startup_stm32l476xx.o(.text)
    OTG_FS_IRQHandler                        0x0800027b   Thumb Code     0  startup_stm32l476xx.o(.text)
    PVD_PVM_IRQHandler                       0x0800027b   Thumb Code     0  startup_stm32l476xx.o(.text)
    QUADSPI_IRQHandler                       0x0800027b   Thumb Code     0  startup_stm32l476xx.o(.text)
    RCC_IRQHandler                           0x0800027b   Thumb Code     0  startup_stm32l476xx.o(.text)
    RNG_IRQHandler                           0x0800027b   Thumb Code     0  startup_stm32l476xx.o(.text)
    RTC_Alarm_IRQHandler                     0x0800027b   Thumb Code     0  startup_stm32l476xx.o(.text)
    RTC_WKUP_IRQHandler                      0x0800027b   Thumb Code     0  startup_stm32l476xx.o(.text)
    SAI1_IRQHandler                          0x0800027b   Thumb Code     0  startup_stm32l476xx.o(.text)
    SAI2_IRQHandler                          0x0800027b   Thumb Code     0  startup_stm32l476xx.o(.text)
    SDMMC1_IRQHandler                        0x0800027b   Thumb Code     0  startup_stm32l476xx.o(.text)
    SPI1_IRQHandler                          0x0800027b   Thumb Code     0  startup_stm32l476xx.o(.text)
    SPI2_IRQHandler                          0x0800027b   Thumb Code     0  startup_stm32l476xx.o(.text)
    SPI3_IRQHandler                          0x0800027b   Thumb Code     0  startup_stm32l476xx.o(.text)
    SWPMI1_IRQHandler                        0x0800027b   Thumb Code     0  startup_stm32l476xx.o(.text)
    TAMP_STAMP_IRQHandler                    0x0800027b   Thumb Code     0  startup_stm32l476xx.o(.text)
    TIM1_BRK_TIM15_IRQHandler                0x0800027b   Thumb Code     0  startup_stm32l476xx.o(.text)
    TIM1_CC_IRQHandler                       0x0800027b   Thumb Code     0  startup_stm32l476xx.o(.text)
    TIM1_TRG_COM_TIM17_IRQHandler            0x0800027b   Thumb Code     0  startup_stm32l476xx.o(.text)
    TIM1_UP_TIM16_IRQHandler                 0x0800027b   Thumb Code     0  startup_stm32l476xx.o(.text)
    TIM3_IRQHandler                          0x0800027b   Thumb Code     0  startup_stm32l476xx.o(.text)
    TIM4_IRQHandler                          0x0800027b   Thumb Code     0  startup_stm32l476xx.o(.text)
    TIM5_IRQHandler                          0x0800027b   Thumb Code     0  startup_stm32l476xx.o(.text)
    TIM8_BRK_IRQHandler                      0x0800027b   Thumb Code     0  startup_stm32l476xx.o(.text)
    TIM8_CC_IRQHandler                       0x0800027b   Thumb Code     0  startup_stm32l476xx.o(.text)
    TIM8_TRG_COM_IRQHandler                  0x0800027b   Thumb Code     0  startup_stm32l476xx.o(.text)
    TIM8_UP_IRQHandler                       0x0800027b   Thumb Code     0  startup_stm32l476xx.o(.text)
    TSC_IRQHandler                           0x0800027b   Thumb Code     0  startup_stm32l476xx.o(.text)
    UART4_IRQHandler                         0x0800027b   Thumb Code     0  startup_stm32l476xx.o(.text)
    UART5_IRQHandler                         0x0800027b   Thumb Code     0  startup_stm32l476xx.o(.text)
    USART1_IRQHandler                        0x0800027b   Thumb Code     0  startup_stm32l476xx.o(.text)
    USART3_IRQHandler                        0x0800027b   Thumb Code     0  startup_stm32l476xx.o(.text)
    WWDG_IRQHandler                          0x0800027b   Thumb Code     0  startup_stm32l476xx.o(.text)
    __user_initial_stackheap                 0x0800027d   Thumb Code     0  startup_stm32l476xx.o(.text)
    __aeabi_uldivmod                         0x080002a1   Thumb Code     0  lludivv7m.o(.text)
    _ll_udiv                                 0x080002a1   Thumb Code   240  lludivv7m.o(.text)
    srand                                    0x08000391   Thumb Code    42  rand.o(.text)
    _rand_init                               0x080003bb   Thumb Code     4  rand.o(.text)
    __aeabi_memclr4                          0x080003cd   Thumb Code     0  rt_memclr_w.o(.text)
    __aeabi_memclr8                          0x080003cd   Thumb Code     0  rt_memclr_w.o(.text)
    __rt_memclr_w                            0x080003cd   Thumb Code     0  rt_memclr_w.o(.text)
    _memset_w                                0x080003d1   Thumb Code    74  rt_memclr_w.o(.text)
    __use_two_region_memory                  0x0800041b   Thumb Code     2  heapauxi.o(.text)
    __rt_heap_escrow$2region                 0x0800041d   Thumb Code     2  heapauxi.o(.text)
    __rt_heap_expand$2region                 0x0800041f   Thumb Code     2  heapauxi.o(.text)
    __read_errno                             0x08000421   Thumb Code    10  _rserrno.o(.text)
    __set_errno                              0x0800042b   Thumb Code    12  _rserrno.o(.text)
    __aeabi_errno_addr                       0x08000439   Thumb Code     8  rt_errno_addr_intlibspace.o(.text)
    __errno$intlibspace                      0x08000439   Thumb Code     0  rt_errno_addr_intlibspace.o(.text)
    __rt_errno_addr$intlibspace              0x08000439   Thumb Code     0  rt_errno_addr_intlibspace.o(.text)
    __user_libspace                          0x08000441   Thumb Code     8  libspace.o(.text)
    __user_perproc_libspace                  0x08000441   Thumb Code     0  libspace.o(.text)
    __user_perthread_libspace                0x08000441   Thumb Code     0  libspace.o(.text)
    __user_setup_stackheap                   0x08000449   Thumb Code    74  sys_stackheap_outer.o(.text)
    exit                                     0x08000493   Thumb Code    18  exit.o(.text)
    _sys_exit                                0x080004a5   Thumb Code     8  sys_exit.o(.text)
    __I$use$semihosting                      0x080004b1   Thumb Code     0  use_no_semi.o(.text)
    __use_no_semihosting_swi                 0x080004b1   Thumb Code     2  use_no_semi.o(.text)
    __semihosting_library_function           0x080004b3   Thumb Code     0  indicate_semi.o(.text)
    ADC1_2_IRQHandler                        0x080004b5   Thumb Code    26  stm32l4xx_it.o(.text.ADC1_2_IRQHandler)
    BusFault_Handler                         0x080004d1   Thumb Code     2  stm32l4xx_it.o(.text.BusFault_Handler)
    DMA1_Channel6_IRQHandler                 0x080004d5   Thumb Code    12  stm32l4xx_it.o(.text.DMA1_Channel6_IRQHandler)
    DMA1_Channel7_IRQHandler                 0x080004e1   Thumb Code    12  stm32l4xx_it.o(.text.DMA1_Channel7_IRQHandler)
    DebugMon_Handler                         0x080004ed   Thumb Code     2  stm32l4xx_it.o(.text.DebugMon_Handler)
    EXTI15_10_IRQHandler                     0x080004f1   Thumb Code     8  stm32l4xx_it.o(.text.EXTI15_10_IRQHandler)
    Error_Handler                            0x080004f9   Thumb Code    10  main.o(.text.Error_Handler)
    FastSin                                  0x08000505   Thumb Code   124  fastmath.o(.text.FastSin)
    Filter                                   0x08000581   Thumb Code   788  filter.o(.text.Filter)
    HAL_ADCEx_EndOfSamplingCallback          0x0800089d   Thumb Code     2  stm32l4xx_hal_adc_ex.o(.text.HAL_ADCEx_EndOfSamplingCallback)
    HAL_ADCEx_InjectedConvCpltCallback       0x080008a1   Thumb Code     2  stm32l4xx_hal_adc_ex.o(.text.HAL_ADCEx_InjectedConvCpltCallback)
    HAL_ADCEx_InjectedQueueOverflowCallback  0x080008a5   Thumb Code     2  stm32l4xx_hal_adc_ex.o(.text.HAL_ADCEx_InjectedQueueOverflowCallback)
    HAL_ADCEx_LevelOutOfWindow2Callback      0x080008a9   Thumb Code     2  stm32l4xx_hal_adc_ex.o(.text.HAL_ADCEx_LevelOutOfWindow2Callback)
    HAL_ADCEx_LevelOutOfWindow3Callback      0x080008ad   Thumb Code     2  stm32l4xx_hal_adc_ex.o(.text.HAL_ADCEx_LevelOutOfWindow3Callback)
    HAL_ADCEx_MultiModeConfigChannel         0x080008b1   Thumb Code   208  stm32l4xx_hal_adc_ex.o(.text.HAL_ADCEx_MultiModeConfigChannel)
    HAL_ADC_ConfigChannel                    0x08000981   Thumb Code   884  stm32l4xx_hal_adc.o(.text.HAL_ADC_ConfigChannel)
    HAL_ADC_ConvCpltCallback                 0x08000d05   Thumb Code     2  stm32l4xx_hal_adc.o(.text.HAL_ADC_ConvCpltCallback)
    HAL_ADC_ErrorCallback                    0x08000d09   Thumb Code     2  stm32l4xx_hal_adc.o(.text.HAL_ADC_ErrorCallback)
    HAL_ADC_IRQHandler                       0x08000d0d   Thumb Code   638  stm32l4xx_hal_adc.o(.text.HAL_ADC_IRQHandler)
    HAL_ADC_Init                             0x08000f8d   Thumb Code   540  stm32l4xx_hal_adc.o(.text.HAL_ADC_Init)
    HAL_ADC_LevelOutOfWindowCallback         0x080011a9   Thumb Code     2  stm32l4xx_hal_adc.o(.text.HAL_ADC_LevelOutOfWindowCallback)
    HAL_ADC_MspInit                          0x080011ad   Thumb Code   116  stm32l4xx_hal_msp.o(.text.HAL_ADC_MspInit)
    HAL_CRCEx_Polynomial_Set                 0x08001221   Thumb Code   140  stm32l4xx_hal_crc_ex.o(.text.HAL_CRCEx_Polynomial_Set)
    HAL_CRC_Init                             0x080012ad   Thumb Code   120  stm32l4xx_hal_crc.o(.text.HAL_CRC_Init)
    HAL_CRC_MspInit                          0x08001325   Thumb Code    50  stm32l4xx_hal_msp.o(.text.HAL_CRC_MspInit)
    HAL_DACEx_DMAUnderrunCallbackCh2         0x08001359   Thumb Code     2  stm32l4xx_hal_dac_ex.o(.text.HAL_DACEx_DMAUnderrunCallbackCh2)
    HAL_DAC_ConfigChannel                    0x0800135d   Thumb Code   284  stm32l4xx_hal_dac.o(.text.HAL_DAC_ConfigChannel)
    HAL_DAC_DMAUnderrunCallbackCh1           0x08001479   Thumb Code     2  stm32l4xx_hal_dac.o(.text.HAL_DAC_DMAUnderrunCallbackCh1)
    HAL_DAC_IRQHandler                       0x0800147d   Thumb Code   108  stm32l4xx_hal_dac.o(.text.HAL_DAC_IRQHandler)
    HAL_DAC_Init                             0x080014e9   Thumb Code    40  stm32l4xx_hal_dac.o(.text.HAL_DAC_Init)
    HAL_DAC_MspInit                          0x08001511   Thumb Code   112  stm32l4xx_hal_msp.o(.text.HAL_DAC_MspInit)
    HAL_DAC_Start                            0x08001581   Thumb Code    80  stm32l4xx_hal_dac.o(.text.HAL_DAC_Start)
    HAL_DMA_Abort                            0x080015d1   Thumb Code    74  stm32l4xx_hal_dma.o(.text.HAL_DMA_Abort)
    HAL_DMA_Abort_IT                         0x0800161d   Thumb Code    88  stm32l4xx_hal_dma.o(.text.HAL_DMA_Abort_IT)
    HAL_DMA_IRQHandler                       0x08001675   Thumb Code   170  stm32l4xx_hal_dma.o(.text.HAL_DMA_IRQHandler)
    HAL_DMA_Init                             0x08001721   Thumb Code   204  stm32l4xx_hal_dma.o(.text.HAL_DMA_Init)
    HAL_DMA_Start_IT                         0x080017ed   Thumb Code   164  stm32l4xx_hal_dma.o(.text.HAL_DMA_Start_IT)
    HAL_Delay                                0x08001891   Thumb Code    40  stm32l4xx_hal.o(.text.HAL_Delay)
    HAL_GPIO_EXTI_Callback                   0x080018b9   Thumb Code     2  stm32l4xx_hal_gpio.o(.text.HAL_GPIO_EXTI_Callback)
    HAL_GPIO_EXTI_IRQHandler                 0x080018bd   Thumb Code    22  stm32l4xx_hal_gpio.o(.text.HAL_GPIO_EXTI_IRQHandler)
    HAL_GPIO_Init                            0x080018d5   Thumb Code   458  stm32l4xx_hal_gpio.o(.text.HAL_GPIO_Init)
    HAL_GPIO_WritePin                        0x08001aa5   Thumb Code    12  stm32l4xx_hal_gpio.o(.text.HAL_GPIO_WritePin)
    HAL_GetTick                              0x08001ab1   Thumb Code    12  stm32l4xx_hal.o(.text.HAL_GetTick)
    HAL_IncTick                              0x08001abd   Thumb Code    26  stm32l4xx_hal.o(.text.HAL_IncTick)
    HAL_Init                                 0x08001ad9   Thumb Code    30  stm32l4xx_hal.o(.text.HAL_Init)
    HAL_InitTick                             0x08001af9   Thumb Code    76  stm32l4xx_hal.o(.text.HAL_InitTick)
    HAL_MspInit                              0x08001b45   Thumb Code    50  stm32l4xx_hal_msp.o(.text.HAL_MspInit)
    HAL_NVIC_EnableIRQ                       0x08001b79   Thumb Code    38  stm32l4xx_hal_cortex.o(.text.HAL_NVIC_EnableIRQ)
    HAL_NVIC_SetPriority                     0x08001ba1   Thumb Code    86  stm32l4xx_hal_cortex.o(.text.HAL_NVIC_SetPriority)
    HAL_NVIC_SetPriorityGrouping             0x08001bf9   Thumb Code    32  stm32l4xx_hal_cortex.o(.text.HAL_NVIC_SetPriorityGrouping)
    HAL_PWREx_ControlVoltageScaling          0x08001c19   Thumb Code   140  stm32l4xx_hal_pwr_ex.o(.text.HAL_PWREx_ControlVoltageScaling)
    HAL_PWREx_GetVoltageRange                0x08001ca5   Thumb Code    16  stm32l4xx_hal_pwr_ex.o(.text.HAL_PWREx_GetVoltageRange)
    HAL_PWR_EnableBkUpAccess                 0x08001cb5   Thumb Code    18  stm32l4xx_hal_pwr.o(.text.HAL_PWR_EnableBkUpAccess)
    HAL_RCCEx_EnableMSIPLLMode               0x08001cc9   Thumb Code    18  stm32l4xx_hal_rcc_ex.o(.text.HAL_RCCEx_EnableMSIPLLMode)
    HAL_RCCEx_PeriphCLKConfig                0x08001cdd   Thumb Code   996  stm32l4xx_hal_rcc_ex.o(.text.HAL_RCCEx_PeriphCLKConfig)
    HAL_RCC_ClockConfig                      0x080020c1   Thumb Code   634  stm32l4xx_hal_rcc.o(.text.HAL_RCC_ClockConfig)
    HAL_RCC_GetPCLK1Freq                     0x0800233d   Thumb Code    42  stm32l4xx_hal_rcc.o(.text.HAL_RCC_GetPCLK1Freq)
    HAL_RCC_GetPCLK2Freq                     0x08002369   Thumb Code    42  stm32l4xx_hal_rcc.o(.text.HAL_RCC_GetPCLK2Freq)
    HAL_RCC_GetSysClockFreq                  0x08002395   Thumb Code   194  stm32l4xx_hal_rcc.o(.text.HAL_RCC_GetSysClockFreq)
    HAL_RCC_OscConfig                        0x08002459   Thumb Code  1908  stm32l4xx_hal_rcc.o(.text.HAL_RCC_OscConfig)
    HAL_RNG_Init                             0x08002bcd   Thumb Code   116  stm32l4xx_hal_rng.o(.text.HAL_RNG_Init)
    HAL_RNG_MspInit                          0x08002c41   Thumb Code    50  stm32l4xx_hal_msp.o(.text.HAL_RNG_MspInit)
    HAL_RTC_Init                             0x08002c75   Thumb Code   196  stm32l4xx_hal_rtc.o(.text.HAL_RTC_Init)
    HAL_RTC_MspInit                          0x08002d39   Thumb Code    82  stm32l4xx_hal_msp.o(.text.HAL_RTC_MspInit)
    HAL_RTC_SetDate                          0x08002d8d   Thumb Code   324  stm32l4xx_hal_rtc.o(.text.HAL_RTC_SetDate)
    HAL_RTC_SetTime                          0x08002ed1   Thumb Code   370  stm32l4xx_hal_rtc.o(.text.HAL_RTC_SetTime)
    HAL_SYSTICK_Config                       0x08003045   Thumb Code    44  stm32l4xx_hal_cortex.o(.text.HAL_SYSTICK_Config)
    HAL_TIMEx_Break2Callback                 0x08003071   Thumb Code     2  stm32l4xx_hal_tim_ex.o(.text.HAL_TIMEx_Break2Callback)
    HAL_TIMEx_BreakCallback                  0x08003075   Thumb Code     2  stm32l4xx_hal_tim_ex.o(.text.HAL_TIMEx_BreakCallback)
    HAL_TIMEx_CommutCallback                 0x08003079   Thumb Code     2  stm32l4xx_hal_tim_ex.o(.text.HAL_TIMEx_CommutCallback)
    HAL_TIMEx_MasterConfigSynchronization    0x0800307d   Thumb Code   190  stm32l4xx_hal_tim_ex.o(.text.HAL_TIMEx_MasterConfigSynchronization)
    HAL_TIM_Base_Init                        0x0800313d   Thumb Code    98  stm32l4xx_hal_tim.o(.text.HAL_TIM_Base_Init)
    HAL_TIM_Base_MspInit                     0x080031a1   Thumb Code   204  stm32l4xx_hal_msp.o(.text.HAL_TIM_Base_MspInit)
    HAL_TIM_ConfigClockSource                0x0800326d   Thumb Code   412  stm32l4xx_hal_tim.o(.text.HAL_TIM_ConfigClockSource)
    HAL_TIM_IC_CaptureCallback               0x08003409   Thumb Code     2  stm32l4xx_hal_tim.o(.text.HAL_TIM_IC_CaptureCallback)
    HAL_TIM_IRQHandler                       0x0800340d   Thumb Code   396  stm32l4xx_hal_tim.o(.text.HAL_TIM_IRQHandler)
    HAL_TIM_MspPostInit                      0x08003599   Thumb Code   130  stm32l4xx_hal_msp.o(.text.HAL_TIM_MspPostInit)
    HAL_TIM_OC_DelayElapsedCallback          0x0800361d   Thumb Code     2  stm32l4xx_hal_tim.o(.text.HAL_TIM_OC_DelayElapsedCallback)
    HAL_TIM_PWM_ConfigChannel                0x08003621   Thumb Code   926  stm32l4xx_hal_tim.o(.text.HAL_TIM_PWM_ConfigChannel)
    HAL_TIM_PWM_Init                         0x080039c1   Thumb Code    98  stm32l4xx_hal_tim.o(.text.HAL_TIM_PWM_Init)
    HAL_TIM_PWM_MspInit                      0x08003a25   Thumb Code     2  stm32l4xx_hal_tim.o(.text.HAL_TIM_PWM_MspInit)
    HAL_TIM_PWM_PulseFinishedCallback        0x08003a29   Thumb Code     2  stm32l4xx_hal_tim.o(.text.HAL_TIM_PWM_PulseFinishedCallback)
    HAL_TIM_PeriodElapsedCallback            0x08003a2d   Thumb Code     2  stm32l4xx_hal_tim.o(.text.HAL_TIM_PeriodElapsedCallback)
    HAL_TIM_TriggerCallback                  0x08003a31   Thumb Code     2  stm32l4xx_hal_tim.o(.text.HAL_TIM_TriggerCallback)
    HAL_UARTEx_RxEventCallback               0x08003a35   Thumb Code     2  stm32l4xx_hal_uart.o(.text.HAL_UARTEx_RxEventCallback)
    HAL_UARTEx_WakeupCallback                0x08003a39   Thumb Code     2  stm32l4xx_hal_uart_ex.o(.text.HAL_UARTEx_WakeupCallback)
    HAL_UART_ErrorCallback                   0x08003a3d   Thumb Code     2  stm32l4xx_hal_uart.o(.text.HAL_UART_ErrorCallback)
    HAL_UART_IRQHandler                      0x08003a41   Thumb Code  1492  stm32l4xx_hal_uart.o(.text.HAL_UART_IRQHandler)
    HAL_UART_Init                            0x08004015   Thumb Code   194  stm32l4xx_hal_uart.o(.text.HAL_UART_Init)
    HAL_UART_MspInit                         0x080040d9   Thumb Code   262  stm32l4xx_hal_msp.o(.text.HAL_UART_MspInit)
    HAL_UART_Receive_DMA                     0x080041e1   Thumb Code   504  stm32l4xx_hal_uart.o(.text.HAL_UART_Receive_DMA)
    HAL_UART_RxCpltCallback                  0x080043d9   Thumb Code     2  stm32l4xx_hal_uart.o(.text.HAL_UART_RxCpltCallback)
    HAL_UART_RxHalfCpltCallback              0x080043dd   Thumb Code     2  stm32l4xx_hal_uart.o(.text.HAL_UART_RxHalfCpltCallback)
    HAL_UART_TxCpltCallback                  0x080043e1   Thumb Code     2  stm32l4xx_hal_uart.o(.text.HAL_UART_TxCpltCallback)
    HardFault_Handler                        0x080043e5   Thumb Code     2  stm32l4xx_it.o(.text.HardFault_Handler)
    MemManage_Handler                        0x080043e9   Thumb Code     2  stm32l4xx_it.o(.text.MemManage_Handler)
    NMI_Handler                              0x080043ed   Thumb Code     2  stm32l4xx_it.o(.text.NMI_Handler)
    PendSV_Handler                           0x080043f1   Thumb Code     2  stm32l4xx_it.o(.text.PendSV_Handler)
    RTC_ExitInitMode                         0x080046ad   Thumb Code   148  stm32l4xx_hal_rtc.o(.text.RTC_ExitInitMode)
    SVC_Handler                              0x08004741   Thumb Code     2  stm32l4xx_it.o(.text.SVC_Handler)
    SysTick_Handler                          0x08004745   Thumb Code   124  stm32l4xx_it.o(.text.SysTick_Handler)
    SystemClock_Config                       0x080047c1   Thumb Code   168  main.o(.text.SystemClock_Config)
    SystemInit                               0x08004869   Thumb Code    18  system_stm32l4xx.o(.text.SystemInit)
    TIM2_IRQHandler                          0x0800487d   Thumb Code    12  stm32l4xx_it.o(.text.TIM2_IRQHandler)
    TIM6_DAC_IRQHandler                      0x08004889   Thumb Code    30  stm32l4xx_it.o(.text.TIM6_DAC_IRQHandler)
    TIM7_IRQHandler                          0x080048a9   Thumb Code    12  stm32l4xx_it.o(.text.TIM7_IRQHandler)
    TIM_Base_SetConfig                       0x080048b5   Thumb Code   318  stm32l4xx_hal_tim.o(.text.TIM_Base_SetConfig)
    UART_AdvFeatureConfig                    0x080049f5   Thumb Code   232  stm32l4xx_hal_uart.o(.text.UART_AdvFeatureConfig)
    UART_SetConfig                           0x08004de1   Thumb Code   600  stm32l4xx_hal_uart.o(.text.UART_SetConfig)
    UART_WaitOnFlagUntilTimeout              0x08005049   Thumb Code   526  stm32l4xx_hal_uart.o(.text.UART_WaitOnFlagUntilTimeout)
    USART2_IRQHandler                        0x08005259   Thumb Code    36  stm32l4xx_it.o(.text.USART2_IRQHandler)
    UsageFault_Handler                       0x0800527d   Thumb Code     2  stm32l4xx_it.o(.text.UsageFault_Handler)
    main                                     0x08005281   Thumb Code  1470  main.o(.text.main)
    make_noise                               0x08005841   Thumb Code   212  filter.o(.text.make_noise)
    __hardfp_fmod                            0x0800591d   Thumb Code   254  fmod.o(i.__hardfp_fmod)
    __mathlib_dbl_invalid                    0x08005a21   Thumb Code    24  dunder.o(i.__mathlib_dbl_invalid)
    __aeabi_d2f                              0x08005a41   Thumb Code     0  d2f.o(x$fpl$d2f)
    _d2f                                     0x08005a41   Thumb Code    98  d2f.o(x$fpl$d2f)
    __aeabi_dadd                             0x08005aa5   Thumb Code     0  daddsub_clz.o(x$fpl$dadd)
    _dadd                                    0x08005aa5   Thumb Code   332  daddsub_clz.o(x$fpl$dadd)
    __fpl_dcmp_Inf                           0x08005bf5   Thumb Code    24  dcmpi.o(x$fpl$dcmpinf)
    __aeabi_ddiv                             0x08005c0d   Thumb Code     0  ddiv.o(x$fpl$ddiv)
    _ddiv                                    0x08005c0d   Thumb Code   556  ddiv.o(x$fpl$ddiv)
    __aeabi_cdcmpeq                          0x08005ec1   Thumb Code     0  deqf.o(x$fpl$deqf)
    _dcmpeq                                  0x08005ec1   Thumb Code   120  deqf.o(x$fpl$deqf)
    __aeabi_i2d                              0x08005f39   Thumb Code     0  dflt_clz.o(x$fpl$dflt)
    _dflt                                    0x08005f39   Thumb Code    46  dflt_clz.o(x$fpl$dflt)
    __aeabi_cdcmpge                          0x08005f69   Thumb Code     0  dgeqf.o(x$fpl$dgeqf)
    _dcmpge                                  0x08005f69   Thumb Code   120  dgeqf.o(x$fpl$dgeqf)
    __aeabi_cdcmple                          0x08005fe1   Thumb Code     0  dleqf.o(x$fpl$dleqf)
    _dcmple                                  0x08005fe1   Thumb Code   120  dleqf.o(x$fpl$dleqf)
    __fpl_dcmple_InfNaN                      0x08006043   Thumb Code     0  dleqf.o(x$fpl$dleqf)
    __aeabi_dmul                             0x08006059   Thumb Code     0  dmul.o(x$fpl$dmul)
    _dmul                                    0x08006059   Thumb Code   332  dmul.o(x$fpl$dmul)
    __fpl_dnaninf                            0x080061ad   Thumb Code   156  dnaninf.o(x$fpl$dnaninf)
    _drem                                    0x08006249   Thumb Code   328  drem_clz.o(x$fpl$drem)
    __fpl_dretinf                            0x08006399   Thumb Code    12  dretinf.o(x$fpl$dretinf)
    __aeabi_drsub                            0x080063a5   Thumb Code     0  daddsub_clz.o(x$fpl$drsb)
    _drsb                                    0x080063a5   Thumb Code    22  daddsub_clz.o(x$fpl$drsb)
    __aeabi_dsub                             0x080063bd   Thumb Code     0  daddsub_clz.o(x$fpl$dsub)
    _dsub                                    0x080063bd   Thumb Code   472  daddsub_clz.o(x$fpl$dsub)
    __aeabi_f2d                              0x08006599   Thumb Code     0  f2d.o(x$fpl$f2d)
    _f2d                                     0x08006599   Thumb Code    86  f2d.o(x$fpl$f2d)
    __aeabi_dcmpeq                           0x080065ef   Thumb Code     0  dcmp.o(x$fpl$fcmp)
    _deq                                     0x080065ef   Thumb Code    14  dcmp.o(x$fpl$fcmp)
    _dneq                                    0x080065fd   Thumb Code    14  dcmp.o(x$fpl$fcmp)
    __aeabi_dcmpgt                           0x0800660b   Thumb Code     0  dcmp.o(x$fpl$fcmp)
    _dgr                                     0x0800660b   Thumb Code    14  dcmp.o(x$fpl$fcmp)
    __aeabi_dcmpge                           0x08006619   Thumb Code     0  dcmp.o(x$fpl$fcmp)
    _dgeq                                    0x08006619   Thumb Code    14  dcmp.o(x$fpl$fcmp)
    __aeabi_dcmple                           0x08006627   Thumb Code     0  dcmp.o(x$fpl$fcmp)
    _dleq                                    0x08006627   Thumb Code    14  dcmp.o(x$fpl$fcmp)
    __aeabi_dcmplt                           0x08006635   Thumb Code     0  dcmp.o(x$fpl$fcmp)
    _dls                                     0x08006635   Thumb Code    14  dcmp.o(x$fpl$fcmp)
    __fpl_fnaninf                            0x08006643   Thumb Code   140  fnaninf.o(x$fpl$fnaninf)
    _fp_init                                 0x080066cf   Thumb Code    26  fpinit.o(x$fpl$fpinit)
    __fplib_config_fpu_vfp                   0x080066e7   Thumb Code     0  fpinit.o(x$fpl$fpinit)
    __fplib_config_pureend_doubles           0x080066e7   Thumb Code     0  fpinit.o(x$fpl$fpinit)
    __fpl_fretinf                            0x080066e9   Thumb Code    10  fretinf.o(x$fpl$fretinf)
    AHBPrescTable                            0x080066f2   Data          16  system_stm32l4xx.o(.rodata.AHBPrescTable)
    __I$use$fp                               0x080066f2   Number         0  usenofp.o(x$fpl$usenofp)
    APBPrescTable                            0x08006702   Data           8  system_stm32l4xx.o(.rodata.APBPrescTable)
    MSIRangeTable                            0x0800670c   Data          48  system_stm32l4xx.o(.rodata.MSIRangeTable)
    sinTable                                 0x0800674c   Data        2052  fastmath.o(.rodata.sinTable)
    Region$$Table$$Base                      0x08006f50   Number         0  anon$$obj.o(Region$$Table)
    Region$$Table$$Limit                     0x08006f70   Number         0  anon$$obj.o(Region$$Table)
    uwTickFreq                               0x20000000   Data           1  stm32l4xx_hal.o(.data..L_MergedGlobals)
    uwTickPrio                               0x20000004   Data           4  stm32l4xx_hal.o(.data..L_MergedGlobals)
    SystemCoreClock                          0x20000008   Data           4  system_stm32l4xx.o(.data.SystemCoreClock)
    _random_number_data                      0x20000010   Data         228  rand.o(.bss)
    __libspace_start                         0x200000f4   Data          96  libspace.o(.bss)
    __temporary_stack_top$libspace           0x20000154   Data           0  libspace.o(.bss)
    hrng                                     0x20000154   Data          16  main.o(.bss..L_MergedGlobals)
    hdac1                                    0x20000164   Data          20  main.o(.bss..L_MergedGlobals)
    hcrc                                     0x20000178   Data          36  main.o(.bss..L_MergedGlobals)
    hrtc                                     0x2000019c   Data          36  main.o(.bss..L_MergedGlobals)
    buff                                     0x200001c0   Data          30  stm32l4xx_it.o(.bss.buff)
    counts                                   0x200001de   Data           2  stm32l4xx_it.o(.bss.counts)
    hadc1                                    0x200001e0   Data         100  main.o(.bss.hadc1)
    hdma_usart2_rx                           0x20000244   Data          72  main.o(.bss.hdma_usart2_rx)
    hdma_usart2_tx                           0x2000028c   Data          72  main.o(.bss.hdma_usart2_tx)
    htim2                                    0x200002d4   Data          76  main.o(.bss.htim2)
    htim3                                    0x20000320   Data          76  main.o(.bss.htim3)
    htim6                                    0x2000036c   Data          76  main.o(.bss.htim6)
    htim7                                    0x200003b8   Data          76  main.o(.bss.htim7)
    huart2                                   0x20000404   Data         132  main.o(.bss.huart2)
    signal_filtered                          0x20000488   Data        1440  main.o(.bss.signal_filtered)
    signal_noise                             0x20000a28   Data        1440  main.o(.bss.signal_noise)
    uwTick                                   0x20000fc8   Data           4  stm32l4xx_hal.o(.bss.uwTick)



==============================================================================

Memory Map of the image

  Image Entry point : 0x08000189

  Load Region LR_IROM1 (Base: 0x08000000, Size: 0x00006f80, Max: 0x00100000, ABSOLUTE)

    Execution Region ER_IROM1 (Exec base: 0x08000000, Load base: 0x08000000, Size: 0x00006f70, Max: 0x00100000, ABSOLUTE)

    Exec Addr    Load Addr    Size         Type   Attr      Idx    E Section Name        Object

    0x08000000   0x08000000   0x00000188   Data   RO            3    RESET               startup_stm32l476xx.o
    0x08000188   0x08000188   0x00000008   Code   RO         1874  * !!!main             c_w.l(__main.o)
    0x08000190   0x08000190   0x00000034   Code   RO         2153    !!!scatter          c_w.l(__scatter.o)
    0x080001c4   0x080001c4   0x0000001a   Code   RO         2155    !!handler_copy      c_w.l(__scatter_copy.o)
    0x080001de   0x080001de   0x00000002   PAD
    0x080001e0   0x080001e0   0x0000001c   Code   RO         2157    !!handler_zi        c_w.l(__scatter_zi.o)
    0x080001fc   0x080001fc   0x00000002   Code   RO         2073    .ARM.Collect$$libinit$$00000000  c_w.l(libinit.o)
    0x080001fe   0x080001fe   0x00000004   Code   RO         1931    .ARM.Collect$$libinit$$00000001  c_w.l(libinit2.o)
    0x08000202   0x08000202   0x00000000   Code   RO         1934    .ARM.Collect$$libinit$$00000004  c_w.l(libinit2.o)
    0x08000202   0x08000202   0x00000000   Code   RO         1936    .ARM.Collect$$libinit$$00000006  c_w.l(libinit2.o)
    0x08000202   0x08000202   0x00000000   Code   RO         1939    .ARM.Collect$$libinit$$0000000C  c_w.l(libinit2.o)
    0x08000202   0x08000202   0x00000000   Code   RO         1941    .ARM.Collect$$libinit$$0000000E  c_w.l(libinit2.o)
    0x08000202   0x08000202   0x00000004   Code   RO         1942    .ARM.Collect$$libinit$$0000000F  c_w.l(libinit2.o)
    0x08000206   0x08000206   0x00000000   Code   RO         1943    .ARM.Collect$$libinit$$00000010  c_w.l(libinit2.o)
    0x08000206   0x08000206   0x00000000   Code   RO         1946    .ARM.Collect$$libinit$$00000013  c_w.l(libinit2.o)
    0x08000206   0x08000206   0x00000000   Code   RO         1948    .ARM.Collect$$libinit$$00000015  c_w.l(libinit2.o)
    0x08000206   0x08000206   0x00000000   Code   RO         1950    .ARM.Collect$$libinit$$00000017  c_w.l(libinit2.o)
    0x08000206   0x08000206   0x00000000   Code   RO         1952    .ARM.Collect$$libinit$$00000019  c_w.l(libinit2.o)
    0x08000206   0x08000206   0x00000000   Code   RO         1954    .ARM.Collect$$libinit$$0000001B  c_w.l(libinit2.o)
    0x08000206   0x08000206   0x00000000   Code   RO         1956    .ARM.Collect$$libinit$$0000001D  c_w.l(libinit2.o)
    0x08000206   0x08000206   0x00000000   Code   RO         1958    .ARM.Collect$$libinit$$0000001F  c_w.l(libinit2.o)
    0x08000206   0x08000206   0x00000000   Code   RO         1960    .ARM.Collect$$libinit$$00000021  c_w.l(libinit2.o)
    0x08000206   0x08000206   0x00000000   Code   RO         1962    .ARM.Collect$$libinit$$00000023  c_w.l(libinit2.o)
    0x08000206   0x08000206   0x00000000   Code   RO         1964    .ARM.Collect$$libinit$$00000025  c_w.l(libinit2.o)
    0x08000206   0x08000206   0x00000000   Code   RO         1966    .ARM.Collect$$libinit$$00000027  c_w.l(libinit2.o)
    0x08000206   0x08000206   0x00000000   Code   RO         1970    .ARM.Collect$$libinit$$0000002E  c_w.l(libinit2.o)
    0x08000206   0x08000206   0x00000000   Code   RO         1972    .ARM.Collect$$libinit$$00000030  c_w.l(libinit2.o)
    0x08000206   0x08000206   0x00000000   Code   RO         1974    .ARM.Collect$$libinit$$00000032  c_w.l(libinit2.o)
    0x08000206   0x08000206   0x00000000   Code   RO         1976    .ARM.Collect$$libinit$$00000034  c_w.l(libinit2.o)
    0x08000206   0x08000206   0x00000002   Code   RO         1977    .ARM.Collect$$libinit$$00000035  c_w.l(libinit2.o)
    0x08000208   0x08000208   0x00000002   Code   RO         2120    .ARM.Collect$$libshutdown$$00000000  c_w.l(libshutdown.o)
    0x0800020a   0x0800020a   0x00000000   Code   RO         2136    .ARM.Collect$$libshutdown$$00000002  c_w.l(libshutdown2.o)
    0x0800020a   0x0800020a   0x00000000   Code   RO         2138    .ARM.Collect$$libshutdown$$00000004  c_w.l(libshutdown2.o)
    0x0800020a   0x0800020a   0x00000000   Code   RO         2141    .ARM.Collect$$libshutdown$$00000007  c_w.l(libshutdown2.o)
    0x0800020a   0x0800020a   0x00000000   Code   RO         2144    .ARM.Collect$$libshutdown$$0000000A  c_w.l(libshutdown2.o)
    0x0800020a   0x0800020a   0x00000000   Code   RO         2146    .ARM.Collect$$libshutdown$$0000000C  c_w.l(libshutdown2.o)
    0x0800020a   0x0800020a   0x00000000   Code   RO         2149    .ARM.Collect$$libshutdown$$0000000F  c_w.l(libshutdown2.o)
    0x0800020a   0x0800020a   0x00000002   Code   RO         2150    .ARM.Collect$$libshutdown$$00000010  c_w.l(libshutdown2.o)
    0x0800020c   0x0800020c   0x00000000   Code   RO         1917    .ARM.Collect$$rtentry$$00000000  c_w.l(__rtentry.o)
    0x0800020c   0x0800020c   0x00000000   Code   RO         2024    .ARM.Collect$$rtentry$$00000002  c_w.l(__rtentry2.o)
    0x0800020c   0x0800020c   0x00000006   Code   RO         2036    .ARM.Collect$$rtentry$$00000004  c_w.l(__rtentry4.o)
    0x08000212   0x08000212   0x00000000   Code   RO         2026    .ARM.Collect$$rtentry$$00000009  c_w.l(__rtentry2.o)
    0x08000212   0x08000212   0x00000004   Code   RO         2027    .ARM.Collect$$rtentry$$0000000A  c_w.l(__rtentry2.o)
    0x08000216   0x08000216   0x00000000   Code   RO         2029    .ARM.Collect$$rtentry$$0000000C  c_w.l(__rtentry2.o)
    0x08000216   0x08000216   0x00000008   Code   RO         2030    .ARM.Collect$$rtentry$$0000000D  c_w.l(__rtentry2.o)
    0x0800021e   0x0800021e   0x00000002   Code   RO         2078    .ARM.Collect$$rtexit$$00000000  c_w.l(rtexit.o)
    0x08000220   0x08000220   0x00000000   Code   RO         2100    .ARM.Collect$$rtexit$$00000002  c_w.l(rtexit2.o)
    0x08000220   0x08000220   0x00000004   Code   RO         2101    .ARM.Collect$$rtexit$$00000003  c_w.l(rtexit2.o)
    0x08000224   0x08000224   0x00000006   Code   RO         2102    .ARM.Collect$$rtexit$$00000004  c_w.l(rtexit2.o)
    0x0800022a   0x0800022a   0x00000002   PAD
    0x0800022c   0x0800022c   0x00000034   Code   RO         1865    .emb_text           c_w.l(rand.o)
    0x08000260   0x08000260   0x00000040   Code   RO            4    .text               startup_stm32l476xx.o
    0x080002a0   0x080002a0   0x000000f0   Code   RO         1833    .text               c_w.l(lludivv7m.o)
    0x08000390   0x08000390   0x0000003c   Code   RO         1866    .text               c_w.l(rand.o)
    0x080003cc   0x080003cc   0x0000004e   Code   RO         1870    .text               c_w.l(rt_memclr_w.o)
    0x0800041a   0x0800041a   0x00000006   Code   RO         1872    .text               c_w.l(heapauxi.o)
    0x08000420   0x08000420   0x00000016   Code   RO         1922    .text               c_w.l(_rserrno.o)
    0x08000436   0x08000436   0x00000002   PAD
    0x08000438   0x08000438   0x00000008   Code   RO         2043    .text               c_w.l(rt_errno_addr_intlibspace.o)
    0x08000440   0x08000440   0x00000008   Code   RO         2053    .text               c_w.l(libspace.o)
    0x08000448   0x08000448   0x0000004a   Code   RO         2056    .text               c_w.l(sys_stackheap_outer.o)
    0x08000492   0x08000492   0x00000012   Code   RO         2058    .text               c_w.l(exit.o)
    0x080004a4   0x080004a4   0x0000000c   Code   RO         2092    .text               c_w.l(sys_exit.o)
    0x080004b0   0x080004b0   0x00000002   Code   RO         2096    .text               c_w.l(use_no_semi.o)
    0x080004b2   0x080004b2   0x00000000   Code   RO         2098    .text               c_w.l(indicate_semi.o)
    0x080004b2   0x080004b2   0x00000002   PAD
    0x080004b4   0x080004b4   0x0000001a   Code   RO          169    .text.ADC1_2_IRQHandler  stm32l4xx_it.o
    0x080004ce   0x080004ce   0x00000002   PAD
    0x080004d0   0x080004d0   0x00000002   Code   RO          153    .text.BusFault_Handler  stm32l4xx_it.o
    0x080004d2   0x080004d2   0x00000002   PAD
    0x080004d4   0x080004d4   0x0000000c   Code   RO          165    .text.DMA1_Channel6_IRQHandler  stm32l4xx_it.o
    0x080004e0   0x080004e0   0x0000000c   Code   RO          167    .text.DMA1_Channel7_IRQHandler  stm32l4xx_it.o
    0x080004ec   0x080004ec   0x00000002   Code   RO          159    .text.DebugMon_Handler  stm32l4xx_it.o
    0x080004ee   0x080004ee   0x00000002   PAD
    0x080004f0   0x080004f0   0x00000008   Code   RO          175    .text.EXTI15_10_IRQHandler  stm32l4xx_it.o
    0x080004f8   0x080004f8   0x0000000a   Code   RO          126    .text.Error_Handler  main.o
    0x08000502   0x08000502   0x00000002   PAD
    0x08000504   0x08000504   0x0000007c   Code   RO           90    .text.FastSin       fastmath.o
    0x08000580   0x08000580   0x0000031a   Code   RO          110    .text.Filter        filter.o
    0x0800089a   0x0800089a   0x00000002   PAD
    0x0800089c   0x0800089c   0x00000002   Code   RO          335    .text.HAL_ADCEx_EndOfSamplingCallback  stm32l4xx_hal_adc_ex.o
    0x0800089e   0x0800089e   0x00000002   PAD
    0x080008a0   0x080008a0   0x00000002   Code   RO          327    .text.HAL_ADCEx_InjectedConvCpltCallback  stm32l4xx_hal_adc_ex.o
    0x080008a2   0x080008a2   0x00000002   PAD
    0x080008a4   0x080008a4   0x00000002   Code   RO          329    .text.HAL_ADCEx_InjectedQueueOverflowCallback  stm32l4xx_hal_adc_ex.o
    0x080008a6   0x080008a6   0x00000002   PAD
    0x080008a8   0x080008a8   0x00000002   Code   RO          331    .text.HAL_ADCEx_LevelOutOfWindow2Callback  stm32l4xx_hal_adc_ex.o
    0x080008aa   0x080008aa   0x00000002   PAD
    0x080008ac   0x080008ac   0x00000002   Code   RO          333    .text.HAL_ADCEx_LevelOutOfWindow3Callback  stm32l4xx_hal_adc_ex.o
    0x080008ae   0x080008ae   0x00000002   PAD
    0x080008b0   0x080008b0   0x000000d0   Code   RO          347    .text.HAL_ADCEx_MultiModeConfigChannel  stm32l4xx_hal_adc_ex.o
    0x08000980   0x08000980   0x00000384   Code   RO          287    .text.HAL_ADC_ConfigChannel  stm32l4xx_hal_adc.o
    0x08000d04   0x08000d04   0x00000002   Code   RO          279    .text.HAL_ADC_ConvCpltCallback  stm32l4xx_hal_adc.o
    0x08000d06   0x08000d06   0x00000002   PAD
    0x08000d08   0x08000d08   0x00000002   Code   RO          283    .text.HAL_ADC_ErrorCallback  stm32l4xx_hal_adc.o
    0x08000d0a   0x08000d0a   0x00000002   PAD
    0x08000d0c   0x08000d0c   0x0000027e   Code   RO          277    .text.HAL_ADC_IRQHandler  stm32l4xx_hal_adc.o
    0x08000f8a   0x08000f8a   0x00000002   PAD
    0x08000f8c   0x08000f8c   0x0000021c   Code   RO          239    .text.HAL_ADC_Init  stm32l4xx_hal_adc.o
    0x080011a8   0x080011a8   0x00000002   Code   RO          281    .text.HAL_ADC_LevelOutOfWindowCallback  stm32l4xx_hal_adc.o
    0x080011aa   0x080011aa   0x00000002   PAD
    0x080011ac   0x080011ac   0x00000074   Code   RO          201    .text.HAL_ADC_MspInit  stm32l4xx_hal_msp.o
    0x08001220   0x08001220   0x0000008c   Code   RO         1048    .text.HAL_CRCEx_Polynomial_Set  stm32l4xx_hal_crc_ex.o
    0x080012ac   0x080012ac   0x00000078   Code   RO         1026    .text.HAL_CRC_Init  stm32l4xx_hal_crc.o
    0x08001324   0x08001324   0x00000032   Code   RO          205    .text.HAL_CRC_MspInit  stm32l4xx_hal_msp.o
    0x08001356   0x08001356   0x00000002   PAD
    0x08001358   0x08001358   0x00000002   Code   RO         1124    .text.HAL_DACEx_DMAUnderrunCallbackCh2  stm32l4xx_hal_dac_ex.o
    0x0800135a   0x0800135a   0x00000002   PAD
    0x0800135c   0x0800135c   0x0000011c   Code   RO         1098    .text.HAL_DAC_ConfigChannel  stm32l4xx_hal_dac.o
    0x08001478   0x08001478   0x00000002   Code   RO         1086    .text.HAL_DAC_DMAUnderrunCallbackCh1  stm32l4xx_hal_dac.o
    0x0800147a   0x0800147a   0x00000002   PAD
    0x0800147c   0x0800147c   0x0000006c   Code   RO         1084    .text.HAL_DAC_IRQHandler  stm32l4xx_hal_dac.o
    0x080014e8   0x080014e8   0x00000028   Code   RO         1062    .text.HAL_DAC_Init  stm32l4xx_hal_dac.o
    0x08001510   0x08001510   0x00000070   Code   RO          209    .text.HAL_DAC_MspInit  stm32l4xx_hal_msp.o
    0x08001580   0x08001580   0x00000050   Code   RO         1070    .text.HAL_DAC_Start  stm32l4xx_hal_dac.o
    0x080015d0   0x080015d0   0x0000004a   Code   RO          799    .text.HAL_DMA_Abort  stm32l4xx_hal_dma.o
    0x0800161a   0x0800161a   0x00000002   PAD
    0x0800161c   0x0800161c   0x00000058   Code   RO          801    .text.HAL_DMA_Abort_IT  stm32l4xx_hal_dma.o
    0x08001674   0x08001674   0x000000aa   Code   RO          805    .text.HAL_DMA_IRQHandler  stm32l4xx_hal_dma.o
    0x0800171e   0x0800171e   0x00000002   PAD
    0x08001720   0x08001720   0x000000cc   Code   RO          791    .text.HAL_DMA_Init  stm32l4xx_hal_dma.o
    0x080017ec   0x080017ec   0x000000a4   Code   RO          797    .text.HAL_DMA_Start_IT  stm32l4xx_hal_dma.o
    0x08001890   0x08001890   0x00000028   Code   RO          385    .text.HAL_Delay     stm32l4xx_hal.o
    0x080018b8   0x080018b8   0x00000002   Code   RO          781    .text.HAL_GPIO_EXTI_Callback  stm32l4xx_hal_gpio.o
    0x080018ba   0x080018ba   0x00000002   PAD
    0x080018bc   0x080018bc   0x00000016   Code   RO          779    .text.HAL_GPIO_EXTI_IRQHandler  stm32l4xx_hal_gpio.o
    0x080018d2   0x080018d2   0x00000002   PAD
    0x080018d4   0x080018d4   0x000001d0   Code   RO          767    .text.HAL_GPIO_Init  stm32l4xx_hal_gpio.o
    0x08001aa4   0x08001aa4   0x0000000c   Code   RO          773    .text.HAL_GPIO_WritePin  stm32l4xx_hal_gpio.o
    0x08001ab0   0x08001ab0   0x0000000c   Code   RO          377    .text.HAL_GetTick   stm32l4xx_hal.o
    0x08001abc   0x08001abc   0x0000001a   Code   RO          375    .text.HAL_IncTick   stm32l4xx_hal.o
    0x08001ad6   0x08001ad6   0x00000002   PAD
    0x08001ad8   0x08001ad8   0x0000001e   Code   RO          365    .text.HAL_Init      stm32l4xx_hal.o
    0x08001af6   0x08001af6   0x00000002   PAD
    0x08001af8   0x08001af8   0x0000004c   Code   RO          367    .text.HAL_InitTick  stm32l4xx_hal.o
    0x08001b44   0x08001b44   0x00000032   Code   RO          199    .text.HAL_MspInit   stm32l4xx_hal_msp.o
    0x08001b76   0x08001b76   0x00000002   PAD
    0x08001b78   0x08001b78   0x00000026   Code   RO          958    .text.HAL_NVIC_EnableIRQ  stm32l4xx_hal_cortex.o
    0x08001b9e   0x08001b9e   0x00000002   PAD
    0x08001ba0   0x08001ba0   0x00000056   Code   RO          956    .text.HAL_NVIC_SetPriority  stm32l4xx_hal_cortex.o
    0x08001bf6   0x08001bf6   0x00000002   PAD
    0x08001bf8   0x08001bf8   0x00000020   Code   RO          954    .text.HAL_NVIC_SetPriorityGrouping  stm32l4xx_hal_cortex.o
    0x08001c18   0x08001c18   0x0000008c   Code   RO          866    .text.HAL_PWREx_ControlVoltageScaling  stm32l4xx_hal_pwr_ex.o
    0x08001ca4   0x08001ca4   0x00000010   Code   RO          864    .text.HAL_PWREx_GetVoltageRange  stm32l4xx_hal_pwr_ex.o
    0x08001cb4   0x08001cb4   0x00000012   Code   RO          826    .text.HAL_PWR_EnableBkUpAccess  stm32l4xx_hal_pwr.o
    0x08001cc6   0x08001cc6   0x00000002   PAD
    0x08001cc8   0x08001cc8   0x00000012   Code   RO          691    .text.HAL_RCCEx_EnableMSIPLLMode  stm32l4xx_hal_rcc_ex.o
    0x08001cda   0x08001cda   0x00000002   PAD
    0x08001cdc   0x08001cdc   0x000003e4   Code   RO          653    .text.HAL_RCCEx_PeriphCLKConfig  stm32l4xx_hal_rcc_ex.o
    0x080020c0   0x080020c0   0x0000027a   Code   RO          623    .text.HAL_RCC_ClockConfig  stm32l4xx_hal_rcc.o
    0x0800233a   0x0800233a   0x00000002   PAD
    0x0800233c   0x0800233c   0x0000002a   Code   RO          629    .text.HAL_RCC_GetPCLK1Freq  stm32l4xx_hal_rcc.o
    0x08002366   0x08002366   0x00000002   PAD
    0x08002368   0x08002368   0x0000002a   Code   RO          631    .text.HAL_RCC_GetPCLK2Freq  stm32l4xx_hal_rcc.o
    0x08002392   0x08002392   0x00000002   PAD
    0x08002394   0x08002394   0x000000c2   Code   RO          621    .text.HAL_RCC_GetSysClockFreq  stm32l4xx_hal_rcc.o
    0x08002456   0x08002456   0x00000002   PAD
    0x08002458   0x08002458   0x00000774   Code   RO          619    .text.HAL_RCC_OscConfig  stm32l4xx_hal_rcc.o
    0x08002bcc   0x08002bcc   0x00000074   Code   RO         1148    .text.HAL_RNG_Init  stm32l4xx_hal_rng.o
    0x08002c40   0x08002c40   0x00000032   Code   RO          213    .text.HAL_RNG_MspInit  stm32l4xx_hal_msp.o
    0x08002c72   0x08002c72   0x00000002   PAD
    0x08002c74   0x08002c74   0x000000c4   Code   RO         1184    .text.HAL_RTC_Init  stm32l4xx_hal_rtc.o
    0x08002d38   0x08002d38   0x00000052   Code   RO          217    .text.HAL_RTC_MspInit  stm32l4xx_hal_msp.o
    0x08002d8a   0x08002d8a   0x00000002   PAD
    0x08002d8c   0x08002d8c   0x00000144   Code   RO         1204    .text.HAL_RTC_SetDate  stm32l4xx_hal_rtc.o
    0x08002ed0   0x08002ed0   0x00000172   Code   RO         1196    .text.HAL_RTC_SetTime  stm32l4xx_hal_rtc.o
    0x08003042   0x08003042   0x00000002   PAD
    0x08003044   0x08003044   0x0000002c   Code   RO          966    .text.HAL_SYSTICK_Config  stm32l4xx_hal_cortex.o
    0x08003070   0x08003070   0x00000002   Code   RO         1637    .text.HAL_TIMEx_Break2Callback  stm32l4xx_hal_tim_ex.o
    0x08003072   0x08003072   0x00000002   PAD
    0x08003074   0x08003074   0x00000002   Code   RO         1635    .text.HAL_TIMEx_BreakCallback  stm32l4xx_hal_tim_ex.o
    0x08003076   0x08003076   0x00000002   PAD
    0x08003078   0x08003078   0x00000002   Code   RO         1631    .text.HAL_TIMEx_CommutCallback  stm32l4xx_hal_tim_ex.o
    0x0800307a   0x0800307a   0x00000002   PAD
    0x0800307c   0x0800307c   0x000000be   Code   RO         1621    .text.HAL_TIMEx_MasterConfigSynchronization  stm32l4xx_hal_tim_ex.o
    0x0800313a   0x0800313a   0x00000002   PAD
    0x0800313c   0x0800313c   0x00000062   Code   RO         1326    .text.HAL_TIM_Base_Init  stm32l4xx_hal_tim.o
    0x0800319e   0x0800319e   0x00000002   PAD
    0x080031a0   0x080031a0   0x000000cc   Code   RO          221    .text.HAL_TIM_Base_MspInit  stm32l4xx_hal_msp.o
    0x0800326c   0x0800326c   0x0000019c   Code   RO         1506    .text.HAL_TIM_ConfigClockSource  stm32l4xx_hal_tim.o
    0x08003408   0x08003408   0x00000002   Code   RO         1462    .text.HAL_TIM_IC_CaptureCallback  stm32l4xx_hal_tim.o
    0x0800340a   0x0800340a   0x00000002   PAD
    0x0800340c   0x0800340c   0x0000018c   Code   RO         1460    .text.HAL_TIM_IRQHandler  stm32l4xx_hal_tim.o
    0x08003598   0x08003598   0x00000082   Code   RO          223    .text.HAL_TIM_MspPostInit  stm32l4xx_hal_msp.o
    0x0800361a   0x0800361a   0x00000002   PAD
    0x0800361c   0x0800361c   0x00000002   Code   RO         1464    .text.HAL_TIM_OC_DelayElapsedCallback  stm32l4xx_hal_tim.o
    0x0800361e   0x0800361e   0x00000002   PAD
    0x08003620   0x08003620   0x0000039e   Code   RO         1480    .text.HAL_TIM_PWM_ConfigChannel  stm32l4xx_hal_tim.o
    0x080039be   0x080039be   0x00000002   PAD
    0x080039c0   0x080039c0   0x00000062   Code   RO         1380    .text.HAL_TIM_PWM_Init  stm32l4xx_hal_tim.o
    0x08003a22   0x08003a22   0x00000002   PAD
    0x08003a24   0x08003a24   0x00000002   Code   RO         1382    .text.HAL_TIM_PWM_MspInit  stm32l4xx_hal_tim.o
    0x08003a26   0x08003a26   0x00000002   PAD
    0x08003a28   0x08003a28   0x00000002   Code   RO         1466    .text.HAL_TIM_PWM_PulseFinishedCallback  stm32l4xx_hal_tim.o
    0x08003a2a   0x08003a2a   0x00000002   PAD
    0x08003a2c   0x08003a2c   0x00000002   Code   RO         1468    .text.HAL_TIM_PeriodElapsedCallback  stm32l4xx_hal_tim.o
    0x08003a2e   0x08003a2e   0x00000002   PAD
    0x08003a30   0x08003a30   0x00000002   Code   RO         1470    .text.HAL_TIM_TriggerCallback  stm32l4xx_hal_tim.o
    0x08003a32   0x08003a32   0x00000002   PAD
    0x08003a34   0x08003a34   0x00000002   Code   RO         1737    .text.HAL_UARTEx_RxEventCallback  stm32l4xx_hal_uart.o
    0x08003a36   0x08003a36   0x00000002   PAD
    0x08003a38   0x08003a38   0x00000002   Code   RO         1788    .text.HAL_UARTEx_WakeupCallback  stm32l4xx_hal_uart_ex.o
    0x08003a3a   0x08003a3a   0x00000002   PAD
    0x08003a3c   0x08003a3c   0x00000002   Code   RO         1735    .text.HAL_UART_ErrorCallback  stm32l4xx_hal_uart.o
    0x08003a3e   0x08003a3e   0x00000002   PAD
    0x08003a40   0x08003a40   0x000005d4   Code   RO         1731    .text.HAL_UART_IRQHandler  stm32l4xx_hal_uart.o
    0x08004014   0x08004014   0x000000c2   Code   RO         1651    .text.HAL_UART_Init  stm32l4xx_hal_uart.o
    0x080040d6   0x080040d6   0x00000002   PAD
    0x080040d8   0x080040d8   0x00000106   Code   RO          227    .text.HAL_UART_MspInit  stm32l4xx_hal_msp.o
    0x080041de   0x080041de   0x00000002   PAD
    0x080041e0   0x080041e0   0x000001f8   Code   RO         1695    .text.HAL_UART_Receive_DMA  stm32l4xx_hal_uart.o
    0x080043d8   0x080043d8   0x00000002   Code   RO         1743    .text.HAL_UART_RxCpltCallback  stm32l4xx_hal_uart.o
    0x080043da   0x080043da   0x00000002   PAD
    0x080043dc   0x080043dc   0x00000002   Code   RO         1745    .text.HAL_UART_RxHalfCpltCallback  stm32l4xx_hal_uart.o
    0x080043de   0x080043de   0x00000002   PAD
    0x080043e0   0x080043e0   0x00000002   Code   RO         1739    .text.HAL_UART_TxCpltCallback  stm32l4xx_hal_uart.o
    0x080043e2   0x080043e2   0x00000002   PAD
    0x080043e4   0x080043e4   0x00000002   Code   RO          149    .text.HardFault_Handler  stm32l4xx_it.o
    0x080043e6   0x080043e6   0x00000002   PAD
    0x080043e8   0x080043e8   0x00000002   Code   RO          151    .text.MemManage_Handler  stm32l4xx_it.o
    0x080043ea   0x080043ea   0x00000002   PAD
    0x080043ec   0x080043ec   0x00000002   Code   RO          147    .text.NMI_Handler   stm32l4xx_it.o
    0x080043ee   0x080043ee   0x00000002   PAD
    0x080043f0   0x080043f0   0x00000002   Code   RO          161    .text.PendSV_Handler  stm32l4xx_it.o
    0x080043f2   0x080043f2   0x00000002   PAD
    0x080043f4   0x080043f4   0x0000016e   Code   RO          655    .text.RCCEx_PLLSAI1_Config  stm32l4xx_hal_rcc_ex.o
    0x08004562   0x08004562   0x00000002   PAD
    0x08004564   0x08004564   0x00000146   Code   RO          657    .text.RCCEx_PLLSAI2_Config  stm32l4xx_hal_rcc_ex.o
    0x080046aa   0x080046aa   0x00000002   PAD
    0x080046ac   0x080046ac   0x00000094   Code   RO         1190    .text.RTC_ExitInitMode  stm32l4xx_hal_rtc.o
    0x08004740   0x08004740   0x00000002   Code   RO          157    .text.SVC_Handler   stm32l4xx_it.o
    0x08004742   0x08004742   0x00000002   PAD
    0x08004744   0x08004744   0x0000007c   Code   RO          163    .text.SysTick_Handler  stm32l4xx_it.o
    0x080047c0   0x080047c0   0x000000a8   Code   RO          122    .text.SystemClock_Config  main.o
    0x08004868   0x08004868   0x00000012   Code   RO         1816    .text.SystemInit    system_stm32l4xx.o
    0x0800487a   0x0800487a   0x00000002   PAD
    0x0800487c   0x0800487c   0x0000000c   Code   RO          171    .text.TIM2_IRQHandler  stm32l4xx_it.o
    0x08004888   0x08004888   0x0000001e   Code   RO          177    .text.TIM6_DAC_IRQHandler  stm32l4xx_it.o
    0x080048a6   0x080048a6   0x00000002   PAD
    0x080048a8   0x080048a8   0x0000000c   Code   RO          179    .text.TIM7_IRQHandler  stm32l4xx_it.o
    0x080048b4   0x080048b4   0x0000013e   Code   RO         1330    .text.TIM_Base_SetConfig  stm32l4xx_hal_tim.o
    0x080049f2   0x080049f2   0x00000002   PAD
    0x080049f4   0x080049f4   0x000000e8   Code   RO         1657    .text.UART_AdvFeatureConfig  stm32l4xx_hal_uart.o
    0x08004adc   0x08004adc   0x00000010   Code   RO         1733    .text.UART_DMAAbortOnError  stm32l4xx_hal_uart.o
    0x08004aec   0x08004aec   0x00000180   Code   RO         1693    .text.UART_DMAError  stm32l4xx_hal_uart.o
    0x08004c6c   0x08004c6c   0x0000015c   Code   RO         1773    .text.UART_DMAReceiveCplt  stm32l4xx_hal_uart.o
    0x08004dc8   0x08004dc8   0x00000016   Code   RO         1775    .text.UART_DMARxHalfCplt  stm32l4xx_hal_uart.o
    0x08004dde   0x08004dde   0x00000002   PAD
    0x08004de0   0x08004de0   0x00000268   Code   RO         1655    .text.UART_SetConfig  stm32l4xx_hal_uart.o
    0x08005048   0x08005048   0x0000020e   Code   RO         1673    .text.UART_WaitOnFlagUntilTimeout  stm32l4xx_hal_uart.o
    0x08005256   0x08005256   0x00000002   PAD
    0x08005258   0x08005258   0x00000024   Code   RO          173    .text.USART2_IRQHandler  stm32l4xx_it.o
    0x0800527c   0x0800527c   0x00000002   Code   RO          155    .text.UsageFault_Handler  stm32l4xx_it.o
    0x0800527e   0x0800527e   0x00000002   PAD
    0x08005280   0x08005280   0x000005be   Code   RO          120    .text.main          main.o
    0x0800583e   0x0800583e   0x00000002   PAD
    0x08005840   0x08005840   0x000000da   Code   RO          108    .text.make_noise    filter.o
    0x0800591a   0x0800591a   0x00000002   PAD
    0x0800591c   0x0800591c   0x00000104   Code   RO         1904    i.__hardfp_fmod     m_wm.l(fmod.o)
    0x08005a20   0x08005a20   0x00000020   Code   RO         1998    i.__mathlib_dbl_invalid  m_wm.l(dunder.o)
    0x08005a40   0x08005a40   0x00000062   Code   RO         1876    x$fpl$d2f           fz_wm.l(d2f.o)
    0x08005aa2   0x08005aa2   0x00000002   PAD
    0x08005aa4   0x08005aa4   0x00000150   Code   RO         1878    x$fpl$dadd          fz_wm.l(daddsub_clz.o)
    0x08005bf4   0x08005bf4   0x00000018   Code   RO         2049    x$fpl$dcmpinf       fz_wm.l(dcmpi.o)
    0x08005c0c   0x08005c0c   0x000002b4   Code   RO         1887    x$fpl$ddiv          fz_wm.l(ddiv.o)
    0x08005ec0   0x08005ec0   0x00000078   Code   RO         1978    x$fpl$deqf          fz_wm.l(deqf.o)
    0x08005f38   0x08005f38   0x0000002e   Code   RO         1895    x$fpl$dflt          fz_wm.l(dflt_clz.o)
    0x08005f66   0x08005f66   0x00000002   PAD
    0x08005f68   0x08005f68   0x00000078   Code   RO         1980    x$fpl$dgeqf         fz_wm.l(dgeqf.o)
    0x08005fe0   0x08005fe0   0x00000078   Code   RO         1982    x$fpl$dleqf         fz_wm.l(dleqf.o)
    0x08006058   0x08006058   0x00000154   Code   RO         1900    x$fpl$dmul          fz_wm.l(dmul.o)
    0x080061ac   0x080061ac   0x0000009c   Code   RO         1984    x$fpl$dnaninf       fz_wm.l(dnaninf.o)
    0x08006248   0x08006248   0x00000150   Code   RO         1986    x$fpl$drem          fz_wm.l(drem_clz.o)
    0x08006398   0x08006398   0x0000000c   Code   RO         1988    x$fpl$dretinf       fz_wm.l(dretinf.o)
    0x080063a4   0x080063a4   0x00000016   Code   RO         1879    x$fpl$drsb          fz_wm.l(daddsub_clz.o)
    0x080063ba   0x080063ba   0x00000002   PAD
    0x080063bc   0x080063bc   0x000001dc   Code   RO         1880    x$fpl$dsub          fz_wm.l(daddsub_clz.o)
    0x08006598   0x08006598   0x00000056   Code   RO         1902    x$fpl$f2d           fz_wm.l(f2d.o)
    0x080065ee   0x080065ee   0x00000054   Code   RO         1884    x$fpl$fcmp          fz_wm.l(dcmp.o)
    0x08006642   0x08006642   0x0000008c   Code   RO         1990    x$fpl$fnaninf       fz_wm.l(fnaninf.o)
    0x080066ce   0x080066ce   0x0000001a   Code   RO         2051    x$fpl$fpinit        fz_wm.l(fpinit.o)
    0x080066e8   0x080066e8   0x0000000a   Code   RO         1992    x$fpl$fretinf       fz_wm.l(fretinf.o)
    0x080066f2   0x080066f2   0x00000000   Code   RO         1994    x$fpl$usenofp       fz_wm.l(usenofp.o)
    0x080066f2   0x080066f2   0x00000010   Data   RO         1821    .rodata.AHBPrescTable  system_stm32l4xx.o
    0x08006702   0x08006702   0x00000008   Data   RO         1822    .rodata.APBPrescTable  system_stm32l4xx.o
    0x0800670a   0x0800670a   0x00000002   PAD
    0x0800670c   0x0800670c   0x00000030   Data   RO         1823    .rodata.MSIRangeTable  system_stm32l4xx.o
    0x0800673c   0x0800673c   0x00000010   Data   RO         1777    .rodata.cst16       stm32l4xx_hal_uart.o
    0x0800674c   0x0800674c   0x00000804   Data   RO           95    .rodata.sinTable    fastmath.o
    0x08006f50   0x08006f50   0x00000020   Data   RO         2152    Region$$Table       anon$$obj.o


    Execution Region RW_IRAM2 (Exec base: 0x10000000, Load base: 0x08006f80, Size: 0x00000000, Max: 0x00008000, ABSOLUTE)

    **** No section assigned to this execution region ****


    Execution Region RW_IRAM1 (Exec base: 0x20000000, Load base: 0x08006f70, Size: 0x000015d0, Max: 0x00018000, ABSOLUTE)

    Exec Addr    Load Addr    Size         Type   Attr      Idx    E Section Name        Object

    0x20000000   0x08006f70   0x00000008   Data   RW          436    .data..L_MergedGlobals  stm32l4xx_hal.o
    0x20000008   0x08006f78   0x00000004   Data   RW         1820    .data.SystemCoreClock  system_stm32l4xx.o
    0x2000000c   0x08006f7c   0x00000004   PAD
    0x20000010        -       0x000000e4   Zero   RW         1867    .bss                c_w.l(rand.o)
    0x200000f4        -       0x00000060   Zero   RW         2054    .bss                c_w.l(libspace.o)
    0x20000154        -       0x0000006c   Zero   RW          139    .bss..L_MergedGlobals  main.o
    0x200001c0        -       0x0000001e   Zero   RW          182    .bss.buff           stm32l4xx_it.o
    0x200001de        -       0x00000002   Zero   RW          181    .bss.counts         stm32l4xx_it.o
    0x200001e0        -       0x00000064   Zero   RW          130    .bss.hadc1          main.o
    0x20000244        -       0x00000048   Zero   RW          136    .bss.hdma_usart2_rx  main.o
    0x2000028c        -       0x00000048   Zero   RW          137    .bss.hdma_usart2_tx  main.o
    0x200002d4        -       0x0000004c   Zero   RW          131    .bss.htim2          main.o
    0x20000320        -       0x0000004c   Zero   RW          132    .bss.htim3          main.o
    0x2000036c        -       0x0000004c   Zero   RW          133    .bss.htim6          main.o
    0x200003b8        -       0x0000004c   Zero   RW          134    .bss.htim7          main.o
    0x20000404        -       0x00000084   Zero   RW          135    .bss.huart2         main.o
    0x20000488        -       0x000005a0   Zero   RW          129    .bss.signal_filtered  main.o
    0x20000a28        -       0x000005a0   Zero   RW          128    .bss.signal_noise   main.o
    0x20000fc8        -       0x00000004   Zero   RW          435    .bss.uwTick         stm32l4xx_hal.o
    0x20000fcc   0x08006f7c   0x00000004   PAD
    0x20000fd0        -       0x00000200   Zero   RW            2    HEAP                startup_stm32l476xx.o
    0x200011d0        -       0x00000400   Zero   RW            1    STACK               startup_stm32l476xx.o


==============================================================================

Image component sizes


      Code (inc. data)   RO Data    RW Data    ZI Data      Debug   Object Name

       124          8       2052          0          0      10277   fastmath.o
      1012         40          0          0          0       3172   filter.o
      1648          0          0          0       3668      20027   main.o
        64         26        392          0       1536        816   startup_stm32l476xx.o
       184          0          0          8          4       8804   stm32l4xx_hal.o
      2084         16          0          0          0      27203   stm32l4xx_hal_adc.o
       218          0          0          0          0      21391   stm32l4xx_hal_adc_ex.o
       200          0          0          0          0      10485   stm32l4xx_hal_cortex.o
       120          0          0          0          0       7895   stm32l4xx_hal_crc.o
       140          4          0          0          0       2890   stm32l4xx_hal_crc_ex.o
       514          0          0          0          0       8207   stm32l4xx_hal_dac.o
         2          0          0          0          0       7019   stm32l4xx_hal_dac_ex.o
       700          0          0          0          0       7764   stm32l4xx_hal_dma.o
       500          0          0          0          0       5225   stm32l4xx_hal_gpio.o
      1056          6          0          0          0      18257   stm32l4xx_hal_msp.o
        18          0          0          0          0       5442   stm32l4xx_hal_pwr.o
       156          0          0          0          0      10035   stm32l4xx_hal_pwr_ex.o
      2820          0          0          0          0      12037   stm32l4xx_hal_rcc.o
      1706          8          0          0          0      14238   stm32l4xx_hal_rcc_ex.o
       116          0          0          0          0       4890   stm32l4xx_hal_rng.o
      1038          0          0          0          0      15376   stm32l4xx_hal_rtc.o
      2260         12          0          0          0      59866   stm32l4xx_hal_tim.o
       196          0          0          0          0      23177   stm32l4xx_hal_tim_ex.o
      4344         48         16          0          0      35434   stm32l4xx_hal_uart.o
         2          0          0          0          0       8799   stm32l4xx_hal_uart_ex.o
       288          4          0          0         32       9878   stm32l4xx_it.o
        18          0         72          4          0       2919   system_stm32l4xx.o

    ----------------------------------------------------------------------
     21672        172       2566         12       5248     361523   Object Totals
         0          0         32          0          0          0   (incl. Generated)
       144          0          2          0          8          0   (incl. Padding)

    ----------------------------------------------------------------------

      Code (inc. data)   RO Data    RW Data    ZI Data      Debug   Library Member Name

         8          0          0          0          0         68   __main.o
         0          0          0          0          0          0   __rtentry.o
        12          0          0          0          0          0   __rtentry2.o
         6          0          0          0          0          0   __rtentry4.o
        52          8          0          0          0          0   __scatter.o
        26          0          0          0          0          0   __scatter_copy.o
        28          0          0          0          0          0   __scatter_zi.o
        22          0          0          0          0        100   _rserrno.o
        18          0          0          0          0         80   exit.o
         6          0          0          0          0        152   heapauxi.o
         0          0          0          0          0          0   indicate_semi.o
         2          0          0          0          0          0   libinit.o
        10          0          0          0          0          0   libinit2.o
         2          0          0          0          0          0   libshutdown.o
         2          0          0          0          0          0   libshutdown2.o
         8          4          0          0         96         68   libspace.o
       240          0          0          0          0        100   lludivv7m.o
       112         18          0          0        228        160   rand.o
         8          4          0          0          0         68   rt_errno_addr_intlibspace.o
        78          0          0          0          0         80   rt_memclr_w.o
         2          0          0          0          0          0   rtexit.o
        10          0          0          0          0          0   rtexit2.o
        12          4          0          0          0         68   sys_exit.o
        74          0          0          0          0         80   sys_stackheap_outer.o
         2          0          0          0          0         68   use_no_semi.o
        98          4          0          0          0        140   d2f.o
       834         16          0          0          0        516   daddsub_clz.o
        84          0          0          0          0        244   dcmp.o
        24          0          0          0          0        116   dcmpi.o
       692        140          0          0          0        264   ddiv.o
       120          4          0          0          0        140   deqf.o
        46          0          0          0          0        116   dflt_clz.o
       120          4          0          0          0        140   dgeqf.o
       120          4          0          0          0        140   dleqf.o
       340         12          0          0          0        152   dmul.o
       156          4          0          0          0        140   dnaninf.o
       336         12          0          0          0        136   drem_clz.o
        12          0          0          0          0        116   dretinf.o
        86          4          0          0          0        132   f2d.o
       140          4          0          0          0        132   fnaninf.o
        26          0          0          0          0        116   fpinit.o
        10          0          0          0          0        116   fretinf.o
         0          0          0          0          0          0   usenofp.o
        32          8          0          0          0        124   dunder.o
       260          6          0          0          0        144   fmod.o

    ----------------------------------------------------------------------
      4290        260          0          0        324       4216   Library Totals
        14          0          0          0          0          0   (incl. Padding)

    ----------------------------------------------------------------------

      Code (inc. data)   RO Data    RW Data    ZI Data      Debug   Library Name

       740         38          0          0        324       1092   c_w.l
      3244        208          0          0          0       2856   fz_wm.l
       292         14          0          0          0        268   m_wm.l

    ----------------------------------------------------------------------
      4290        260          0          0        324       4216   Library Totals

    ----------------------------------------------------------------------

==============================================================================


      Code (inc. data)   RO Data    RW Data    ZI Data      Debug   

     25962        432       2566         12       5572     362871   Grand Totals
     25962        432       2566         12       5572     362871   ELF Image Totals
     25962        432       2566         12          0          0   ROM Totals

==============================================================================

    Total RO  Size (Code + RO Data)                28528 (  27.86kB)
    Total RW  Size (RW Data + ZI Data)              5584 (   5.45kB)
    Total ROM Size (Code + RO Data + RW Data)      28540 (  27.87kB)

==============================================================================

