Component: Arm Compiler for Embedded 6.19 Tool: armlink [5e73cb00]

==============================================================================

Section Cross References

    startup_stm32l476xx.o(STACK) refers (Special) to heapauxi.o(.text) for __use_two_region_memory
    startup_stm32l476xx.o(HEAP) refers (Special) to heapauxi.o(.text) for __use_two_region_memory
    startup_stm32l476xx.o(RESET) refers (Special) to heapauxi.o(.text) for __use_two_region_memory
    startup_stm32l476xx.o(RESET) refers to startup_stm32l476xx.o(STACK) for __initial_sp
    startup_stm32l476xx.o(RESET) refers to startup_stm32l476xx.o(.text) for Reset_Handler
    startup_stm32l476xx.o(RESET) refers to stm32l4xx_it.o(.text.NMI_Handler) for NMI_Handler
    startup_stm32l476xx.o(RESET) refers to stm32l4xx_it.o(.text.HardFault_Handler) for HardFault_Handler
    startup_stm32l476xx.o(RESET) refers to stm32l4xx_it.o(.text.MemManage_Handler) for MemManage_Handler
    startup_stm32l476xx.o(RESET) refers to stm32l4xx_it.o(.text.BusFault_Handler) for BusFault_Handler
    startup_stm32l476xx.o(RESET) refers to stm32l4xx_it.o(.text.UsageFault_Handler) for UsageFault_Handler
    startup_stm32l476xx.o(RESET) refers to stm32l4xx_it.o(.text.SVC_Handler) for SVC_Handler
    startup_stm32l476xx.o(RESET) refers to stm32l4xx_it.o(.text.DebugMon_Handler) for DebugMon_Handler
    startup_stm32l476xx.o(RESET) refers to stm32l4xx_it.o(.text.PendSV_Handler) for PendSV_Handler
    startup_stm32l476xx.o(RESET) refers to stm32l4xx_it.o(.text.SysTick_Handler) for SysTick_Handler
    startup_stm32l476xx.o(RESET) refers to stm32l4xx_it.o(.text.DMA1_Channel6_IRQHandler) for DMA1_Channel6_IRQHandler
    startup_stm32l476xx.o(RESET) refers to stm32l4xx_it.o(.text.DMA1_Channel7_IRQHandler) for DMA1_Channel7_IRQHandler
    startup_stm32l476xx.o(RESET) refers to stm32l4xx_it.o(.text.ADC1_2_IRQHandler) for ADC1_2_IRQHandler
    startup_stm32l476xx.o(RESET) refers to stm32l4xx_it.o(.text.TIM2_IRQHandler) for TIM2_IRQHandler
    startup_stm32l476xx.o(RESET) refers to stm32l4xx_it.o(.text.USART2_IRQHandler) for USART2_IRQHandler
    startup_stm32l476xx.o(RESET) refers to stm32l4xx_it.o(.text.EXTI15_10_IRQHandler) for EXTI15_10_IRQHandler
    startup_stm32l476xx.o(RESET) refers to stm32l4xx_it.o(.text.TIM6_DAC_IRQHandler) for TIM6_DAC_IRQHandler
    startup_stm32l476xx.o(RESET) refers to stm32l4xx_it.o(.text.TIM7_IRQHandler) for TIM7_IRQHandler
    startup_stm32l476xx.o(.text) refers (Special) to heapauxi.o(.text) for __use_two_region_memory
    startup_stm32l476xx.o(.text) refers to system_stm32l4xx.o(.text.SystemInit) for SystemInit
    startup_stm32l476xx.o(.text) refers to __main.o(!!!main) for __main
    startup_stm32l476xx.o(.text) refers to startup_stm32l476xx.o(HEAP) for Heap_Mem
    startup_stm32l476xx.o(.text) refers to startup_stm32l476xx.o(STACK) for Stack_Mem
    lcd.o(.text) refers (Special) to _printf_percent.o(.ARM.Collect$$_printf_percent$$00000000) for _printf_percent
    lcd.o(.text) refers (Special) to _printf_pad.o(.text) for _printf_pre_padding
    lcd.o(.text) refers (Special) to _printf_x.o(.ARM.Collect$$_printf_percent$$0000000C) for _printf_x
    lcd.o(.text) refers (Special) to _printf_d.o(.ARM.Collect$$_printf_percent$$00000009) for _printf_d
    lcd.o(.text) refers (Special) to _printf_u.o(.ARM.Collect$$_printf_percent$$0000000A) for _printf_u
    lcd.o(.text) refers (Special) to _printf_dec.o(.text) for _printf_int_dec
    lcd.o(.text) refers (Special) to _printf_hex_int.o(.text) for _printf_longlong_hex
    lcd.o(.text.delay) refers (Special) to _printf_percent.o(.ARM.Collect$$_printf_percent$$00000000) for _printf_percent
    lcd.o(.text.delay) refers (Special) to _printf_pad.o(.text) for _printf_pre_padding
    lcd.o(.text.delay) refers (Special) to _printf_x.o(.ARM.Collect$$_printf_percent$$0000000C) for _printf_x
    lcd.o(.text.delay) refers (Special) to _printf_d.o(.ARM.Collect$$_printf_percent$$00000009) for _printf_d
    lcd.o(.text.delay) refers (Special) to _printf_u.o(.ARM.Collect$$_printf_percent$$0000000A) for _printf_u
    lcd.o(.text.delay) refers (Special) to _printf_dec.o(.text) for _printf_int_dec
    lcd.o(.text.delay) refers (Special) to _printf_hex_int.o(.text) for _printf_longlong_hex
    lcd.o(.text.delay) refers to f2d.o(x$fpl$f2d) for __aeabi_f2d
    lcd.o(.text.delay) refers to dmul.o(x$fpl$dmul) for __aeabi_dmul
    lcd.o(.text.delay) refers to dfix.o(x$fpl$dfix) for __aeabi_d2iz
    lcd.o(.ARM.exidx.text.delay) refers (Special) to _printf_percent.o(.ARM.Collect$$_printf_percent$$00000000) for _printf_percent
    lcd.o(.ARM.exidx.text.delay) refers (Special) to _printf_pad.o(.text) for _printf_pre_padding
    lcd.o(.ARM.exidx.text.delay) refers (Special) to _printf_x.o(.ARM.Collect$$_printf_percent$$0000000C) for _printf_x
    lcd.o(.ARM.exidx.text.delay) refers (Special) to _printf_d.o(.ARM.Collect$$_printf_percent$$00000009) for _printf_d
[...]
    .text                                    0x080007a4   Section        2  use_no_semi.o(.text)
    .text                                    0x080007a6   Section        0  indicate_semi.o(.text)
    [Anonymous Symbol]                       0x080007a8   Section        0  stm32l4xx_it.o(.text.ADC1_2_IRQHandler)
    [Anonymous Symbol]                       0x080007c4   Section        0  stm32l4xx_it.o(.text.BusFault_Handler)
    [Anonymous Symbol]                       0x080007c8   Section        0  stm32l4xx_it.o(.text.DMA1_Channel6_IRQHandler)
    [Anonymous Symbol]                       0x08000814   Section        0  stm32l4xx_it.o(.text.DMA1_Channel7_IRQHandler)
    [Anonymous Symbol]                       0x08000820   Section        0  stm32l4xx_it.o(.text.DebugMon_Handler)
    [Anonymous Symbol]                       0x08000824   Section        0  stm32l4xx_it.o(.text.EXTI15_10_IRQHandler)
    [Anonymous Symbol]                       0x0800083c   Section        0  main.o(.text.Error_Handler)
    [Anonymous Symbol]                       0x08000848   Section        0  stm32l4xx_hal_adc_ex.o(.text.HAL_ADCEx_EndOfSamplingCallback)
    [Anonymous Symbol]                       0x0800084c   Section        0  stm32l4xx_hal_adc_ex.o(.text.HAL_ADCEx_InjectedConvCpltCallback)
    [Anonymous Symbol]                       0x08000850   Section        0  stm32l4xx_hal_adc_ex.o(.text.HAL_ADCEx_InjectedQueueOverflowCallback)
    [Anonymous Symbol]                       0x08000854   Section        0  stm32l4xx_hal_adc_ex.o(.text.HAL_ADCEx_LevelOutOfWindow2Callback)
    [Anonymous Symbol]                       0x08000858   Section        0  stm32l4xx_hal_adc_ex.o(.text.HAL_ADCEx_LevelOutOfWindow3Callback)
    [Anonymous Symbol]                       0x0800085c   Section        0  stm32l4xx_hal_adc_ex.o(.text.HAL_ADCEx_MultiModeConfigChannel)
    [Anonymous Symbol]                       0x0800092c   Section        0  stm32l4xx_hal_adc.o(.text.HAL_ADC_ConfigChannel)
    [Anonymous Symbol]                       0x08000cb0   Section        0  stm32l4xx_hal_adc.o(.text.HAL_ADC_ConvCpltCallback)
    [Anonymous Symbol]                       0x08000cb4   Section        0  stm32l4xx_hal_adc.o(.text.HAL_ADC_ErrorCallback)
    [Anonymous Symbol]                       0x08000cb8   Section        0  stm32l4xx_hal_adc.o(.text.HAL_ADC_IRQHandler)
    [Anonymous Symbol]                       0x08000f38   Section        0  stm32l4xx_hal_adc.o(.text.HAL_ADC_Init)
    [Anonymous Symbol]                       0x08001154   Section        0  stm32l4xx_hal_adc.o(.text.HAL_ADC_LevelOutOfWindowCallback)
    [Anonymous Symbol]                       0x08001158   Section        0  stm32l4xx_hal_msp.o(.text.HAL_ADC_MspInit)
    [Anonymous Symbol]                       0x080011cc   Section        0  stm32l4xx_hal_crc_ex.o(.text.HAL_CRCEx_Polynomial_Set)
    [Anonymous Symbol]                       0x08001258   Section        0  stm32l4xx_hal_crc.o(.text.HAL_CRC_Calculate)
    [Anonymous Symbol]                       0x0800154c   Section        0  stm32l4xx_hal_crc.o(.text.HAL_CRC_Init)
    [Anonymous Symbol]                       0x080015c4   Section        0  stm32l4xx_hal_msp.o(.text.HAL_CRC_MspInit)
    [Anonymous Symbol]                       0x080015f8   Section        0  stm32l4xx_hal_dma.o(.text.HAL_DMA_Abort)
    [Anonymous Symbol]                       0x08001644   Section        0  stm32l4xx_hal_dma.o(.text.HAL_DMA_Abort_IT)
    [Anonymous Symbol]                       0x0800169c   Section        0  stm32l4xx_hal_dma.o(.text.HAL_DMA_IRQHandler)
    [Anonymous Symbol]                       0x08001748   Section        0  stm32l4xx_hal_dma.o(.text.HAL_DMA_Init)
    [Anonymous Symbol]                       0x08001814   Section        0  stm32l4xx_hal_dma.o(.text.HAL_DMA_Start_IT)
    [Anonymous Symbol]                       0x080018b8   Section        0  stm32l4xx_hal_gpio.o(.text.HAL_GPIO_EXTI_Callback)
    [Anonymous Symbol]                       0x080018bc   Section        0  stm32l4xx_hal_gpio.o(.text.HAL_GPIO_EXTI_IRQHandler)
    [Anonymous Symbol]                       0x080018d4   Section        0  stm32l4xx_hal_gpio.o(.text.HAL_GPIO_Init)
    [Anonymous Symbol]                       0x08001aa4   Section        0  stm32l4xx_hal_gpio.o(.text.HAL_GPIO_WritePin)
    [Anonymous Symbol]                       0x08001ab0   Section        0  stm32l4xx_hal.o(.text.HAL_GetTick)
    [Anonymous Symbol]                       0x08001abc   Section        0  stm32l4xx_hal.o(.text.HAL_IncTick)
    [Anonymous Symbol]                       0x08001ad8   Section        0  stm32l4xx_hal.o(.text.HAL_Init)
    [Anonymous Symbol]                       0x08001af8   Section        0  stm32l4xx_hal.o(.text.HAL_InitTick)
    [Anonymous Symbol]                       0x08001b44   Section        0  stm32l4xx_hal_msp.o(.text.HAL_MspInit)
    [Anonymous Symbol]                       0x08001b78   Section        0  stm32l4xx_hal_cortex.o(.text.HAL_NVIC_EnableIRQ)
    [Anonymous Symbol]                       0x08001ba0   Section        0  stm32l4xx_hal_cortex.o(.text.HAL_NVIC_SetPriority)
    [Anonymous Symbol]                       0x08001bf8   Section        0  stm32l4xx_hal_cortex.o(.text.HAL_NVIC_SetPriorityGrouping)
    [Anonymous Symbol]                       0x08001c18   Section        0  stm32l4xx_hal_pwr_ex.o(.text.HAL_PWREx_ControlVoltageScaling)
    [Anonymous Symbol]                       0x08001ca4   Section        0  stm32l4xx_hal_pwr_ex.o(.text.HAL_PWREx_GetVoltageRange)
    [Anonymous Symbol]                       0x08001cb4   Section        0  stm32l4xx_hal_pwr.o(.text.HAL_PWR_EnableBkUpAccess)
    [Anonymous Symbol]                       0x08001cc8   Section        0  stm32l4xx_hal_rcc_ex.o(.text.HAL_RCCEx_EnableMSIPLLMode)
    [Anonymous Symbol]                       0x08001cdc   Section        0  stm32l4xx_hal_rcc_ex.o(.text.HAL_RCCEx_PeriphCLKConfig)
    [Anonymous Symbol]                       0x080020c0   Section        0  stm32l4xx_hal_rcc.o(.text.HAL_RCC_ClockConfig)
    [Anonymous Symbol]                       0x0800233c   Section        0  stm32l4xx_hal_rcc.o(.text.HAL_RCC_GetPCLK1Freq)
    [Anonymous Symbol]                       0x08002368   Section        0  stm32l4xx_hal_rcc.o(.text.HAL_RCC_GetPCLK2Freq)
    [Anonymous Symbol]                       0x08002394   Section        0  stm32l4xx_hal_rcc.o(.text.HAL_RCC_GetSysClockFreq)
    [Anonymous Symbol]                       0x08002458   Section        0  stm32l4xx_hal_rcc.o(.text.HAL_RCC_OscConfig)
    [Anonymous Symbol]                       0x08002bcc   Section        0  stm32l4xx_hal_rng.o(.text.HAL_RNG_GetRandomNumber)
    [Anonymous Symbol]                       0x08002c28   Section        0  stm32l4xx_hal_rng.o(.text.HAL_RNG_Init)
    [Anonymous Symbol]                       0x08002c9c   Section        0  stm32l4xx_hal_msp.o(.text.HAL_RNG_MspInit)
    [Anonymous Symbol]                       0x08002cd0   Section        0  stm32l4xx_hal_rtc.o(.text.HAL_RTC_GetDate)
    [Anonymous Symbol]                       0x08002d34   Section        0  stm32l4xx_hal_rtc.o(.text.HAL_RTC_GetTime)
    [Anonymous Symbol]                       0x08002da4   Section        0  stm32l4xx_hal_rtc.o(.text.HAL_RTC_Init)
    [Anonymous Symbol]                       0x08002e68   Section        0  stm32l4xx_hal_msp.o(.text.HAL_RTC_MspInit)
    [Anonymous Symbol]                       0x08002ebc   Section        0  stm32l4xx_hal_rtc.o(.text.HAL_RTC_SetDate)
    [Anonymous Symbol]                       0x08003000   Section        0  stm32l4xx_hal_rtc.o(.text.HAL_RTC_SetTime)
    [Anonymous Symbol]                       0x08003174   Section        0  stm32l4xx_hal_cortex.o(.text.HAL_SYSTICK_Config)
    [Anonymous Symbol]                       0x080031a0   Section        0  stm32l4xx_hal_tim_ex.o(.text.HAL_TIMEx_Break2Callback)
    [Anonymous Symbol]                       0x080031a4   Section        0  stm32l4xx_hal_tim_ex.o(.text.HAL_TIMEx_BreakCallback)
    [Anonymous Symbol]                       0x080031a8   Section        0  stm32l4xx_hal_tim_ex.o(.text.HAL_TIMEx_CommutCallback)
    [Anonymous Symbol]                       0x080031ac   Section        0  stm32l4xx_hal_tim_ex.o(.text.HAL_TIMEx_MasterConfigSynchronization)
    [Anonymous Symbol]                       0x0800326c   Section        0  stm32l4xx_hal_tim.o(.text.HAL_TIM_Base_Init)
    [Anonymous Symbol]                       0x080032d0   Section        0  stm32l4xx_hal_msp.o(.text.HAL_TIM_Base_MspInit)
    [Anonymous Symbol]                       0x0800339c   Section        0  stm32l4xx_hal_tim.o(.text.HAL_TIM_Base_Start_IT)
    [Anonymous Symbol]                       0x08003444   Section        0  stm32l4xx_hal_tim.o(.text.HAL_TIM_ConfigClockSource)
    [Anonymous Symbol]                       0x080035e0   Section        0  stm32l4xx_hal_tim.o(.text.HAL_TIM_IC_CaptureCallback)
    [Anonymous Symbol]                       0x080035e4   Section        0  stm32l4xx_hal_tim.o(.text.HAL_TIM_IRQHandler)
    [Anonymous Symbol]                       0x08003770   Section        0  stm32l4xx_hal_msp.o(.text.HAL_TIM_MspPostInit)
    [Anonymous Symbol]                       0x080037f4   Section        0  stm32l4xx_hal_tim.o(.text.HAL_TIM_OC_DelayElapsedCallback)
    [Anonymous Symbol]                       0x080037f8   Section        0  stm32l4xx_hal_tim.o(.text.HAL_TIM_PWM_ConfigChannel)
    [Anonymous Symbol]                       0x08003b98   Section        0  stm32l4xx_hal_tim.o(.text.HAL_TIM_PWM_Init)
    [Anonymous Symbol]                       0x08003bfc   Section        0  stm32l4xx_hal_tim.o(.text.HAL_TIM_PWM_MspInit)
    [Anonymous Symbol]                       0x08003c00   Section        0  stm32l4xx_hal_tim.o(.text.HAL_TIM_PWM_PulseFinishedCallback)
    [Anonymous Symbol]                       0x08003c04   Section        0  stm32l4xx_hal_tim.o(.text.HAL_TIM_PWM_Start)
    [Anonymous Symbol]                       0x08003dcc   Section        0  main.o(.text.HAL_TIM_PeriodElapsedCallback)
    [Anonymous Symbol]                       0x08003e18   Section        0  stm32l4xx_hal_tim.o(.text.HAL_TIM_TriggerCallback)
    [Anonymous Symbol]                       0x08003e1c   Section        0  stm32l4xx_hal_uart.o(.text.HAL_UARTEx_RxEventCallback)
    [Anonymous Symbol]                       0x08003e20   Section        0  stm32l4xx_hal_uart_ex.o(.text.HAL_UARTEx_WakeupCallback)
    [Anonymous Symbol]                       0x08003e24   Section        0  stm32l4xx_hal_uart.o(.text.HAL_UART_ErrorCallback)
    [Anonymous Symbol]                       0x08003e28   Section        0  stm32l4xx_hal_uart.o(.text.HAL_UART_IRQHandler)
    [Anonymous Symbol]                       0x080043fc   Section        0  stm32l4xx_hal_uart.o(.text.HAL_UART_Init)
    [Anonymous Symbol]                       0x080044c0   Section        0  stm32l4xx_hal_msp.o(.text.HAL_UART_MspInit)
    [Anonymous Symbol]                       0x080045c8   Section        0  stm32l4xx_hal_uart.o(.text.HAL_UART_Receive_DMA)
    [Anonymous Symbol]                       0x080047ac   Section        0  stm32l4xx_hal_uart.o(.text.HAL_UART_RxCpltCallback)
    [Anonymous Symbol]                       0x080047b0   Section        0  stm32l4xx_hal_uart.o(.text.HAL_UART_TxCpltCallback)
    [Anonymous Symbol]                       0x080047b4   Section        0  stm32l4xx_it.o(.text.HardFault_Handler)
    [Anonymous Symbol]                       0x080047b8   Section        0  lcd.o(.text.LCD_Command)
    [Anonymous Symbol]                       0x0800494c   Section        0  lcd.o(.text.LCD_Cursor_On_Off)
    [Anonymous Symbol]                       0x08004980   Section        0  lcd.o(.text.LCD_Print)
    [Anonymous Symbol]                       0x08004b14   Section        0  lcd.o(.text.LCD_Print_String)
    [Anonymous Symbol]                       0x08004d18   Section        0  lcd.o(.text.LCD_init)
    [Anonymous Symbol]                       0x08004e28   Section        0  stm32l4xx_it.o(.text.MemManage_Handler)
    [Anonymous Symbol]                       0x08004e2c   Section        0  stm32l4xx_it.o(.text.NMI_Handler)
    [Anonymous Symbol]                       0x08004e30   Section        0  stm32l4xx_it.o(.text.PendSV_Handler)
    RCCEx_PLLSAI1_Config                     0x08004e35   Thumb Code   366  stm32l4xx_hal_rcc_ex.o(.text.RCCEx_PLLSAI1_Config)
    [Anonymous Symbol]                       0x08004e34   Section        0  stm32l4xx_hal_rcc_ex.o(.text.RCCEx_PLLSAI1_Config)
    RCCEx_PLLSAI2_Config                     0x08004fa5   Thumb Code   326  stm32l4xx_hal_rcc_ex.o(.text.RCCEx_PLLSAI2_Config)
    [Anonymous Symbol]                       0x08004fa4   Section        0  stm32l4xx_hal_rcc_ex.o(.text.RCCEx_PLLSAI2_Config)
    [Anonymous Symbol]                       0x080050ec   Section        0  stm32l4xx_hal_rtc.o(.text.RTC_ExitInitMode)
    [Anonymous Symbol]                       0x08005180   Section        0  stm32l4xx_it.o(.text.SVC_Handler)
    [Anonymous Symbol]                       0x08005184   Section        0  stm32l4xx_it.o(.text.SysTick_Handler)
    [Anonymous Symbol]                       0x08005188   Section        0  main.o(.text.SystemClock_Config)
    [Anonymous Symbol]                       0x08005230   Section        0  system_stm32l4xx.o(.text.SystemInit)
    [Anonymous Symbol]                       0x08005244   Section        0  stm32l4xx_it.o(.text.TIM2_IRQHandler)
    [Anonymous Symbol]                       0x08005250   Section        0  stm32l4xx_it.o(.text.TIM6_DAC_IRQHandler)
    [Anonymous Symbol]                       0x0800525c   Section        0  stm32l4xx_it.o(.text.TIM7_IRQHandler)
    [Anonymous Symbol]                       0x080052b0   Section        0  stm32l4xx_hal_tim.o(.text.TIM_Base_SetConfig)
    [Anonymous Symbol]                       0x080053f0   Section        0  stm32l4xx_hal_uart.o(.text.UART_AdvFeatureConfig)
    UART_DMAAbortOnError                     0x080054d9   Thumb Code    16  stm32l4xx_hal_uart.o(.text.UART_DMAAbortOnError)
    [Anonymous Symbol]                       0x080054d8   Section        0  stm32l4xx_hal_uart.o(.text.UART_DMAAbortOnError)
    UART_DMAError                            0x080054e9   Thumb Code   384  stm32l4xx_hal_uart.o(.text.UART_DMAError)
    [Anonymous Symbol]                       0x080054e8   Section        0  stm32l4xx_hal_uart.o(.text.UART_DMAError)
    UART_DMAReceiveCplt                      0x08005669   Thumb Code   348  stm32l4xx_hal_uart.o(.text.UART_DMAReceiveCplt)
    [Anonymous Symbol]                       0x08005668   Section        0  stm32l4xx_hal_uart.o(.text.UART_DMAReceiveCplt)
    [Anonymous Symbol]                       0x080057c4   Section        0  stm32l4xx_hal_uart.o(.text.UART_SetConfig)
    [Anonymous Symbol]                       0x08005a2c   Section        0  stm32l4xx_hal_uart.o(.text.UART_WaitOnFlagUntilTimeout)
    [Anonymous Symbol]                       0x08005c3c   Section        0  stm32l4xx_it.o(.text.USART2_IRQHandler)
    [Anonymous Symbol]                       0x08005c64   Section        0  stm32l4xx_it.o(.text.UsageFault_Handler)
    [Anonymous Symbol]                       0x08005c68   Section        0  lcd.o(.text.analyze_protocol)
    [Anonymous Symbol]                       0x08005da0   Section        0  lcd.o(.text.clock)
    [Anonymous Symbol]                       0x08005e8c   Section        0  main.o(.text.main)
    [Anonymous Symbol]                       0x0800640c   Section        0  lcd.o(.text.print_protocol)
    [Anonymous Symbol]                       0x08006438   Section        0  fsa.o(.text.print_to_USART)
    [Anonymous Symbol]                       0x08006490   Section        0  lcd.o(.text.random_protocol)
    i._is_digit                              0x08006610   Section        0  __printf_wp.o(i._is_digit)
    $v0                                      0x0800661e   Number         0  fpinit.o(x$fpl$fpinit)
    x$fpl$fpinit                             0x0800661e   Section       26  fpinit.o(x$fpl$fpinit)
    uc_hextab                                0x08006638   Data          20  _printf_hex_int.o(.constdata)
    .constdata                               0x08006638   Section       40  _printf_hex_int.o(.constdata)
    lc_hextab                                0x0800664c   Data          20  _printf_hex_int.o(.constdata)
    maptable                                 0x08006660   Data          17  __printf_flags_wp.o(.constdata)
    .constdata                               0x08006660   Section       17  __printf_flags_wp.o(.constdata)
    .Lswitch.table.random_protocol           0x080066bc   Data          16  lcd.o(.rodata.cst16)
    .Lswitch.table.UART_SetConfig.5          0x080066cc   Data          16  stm32l4xx_hal_uart.o(.rodata.cst16)
    .L.str.2                                 0x080066dc   Data         102  lcd.o(.rodata.str1.1)
    [Anonymous Symbol]                       0x080066dc   Section        0  lcd.o(.rodata.str1.1)
    .L.str                                   0x08006742   Data          44  stm32l4xx_it.o(.rodata.str1.1)
    [Anonymous Symbol]                       0x08006742   Section        0  stm32l4xx_it.o(.rodata.str1.1)
    .L_MergedGlobals                         0x20000000   Data           8  stm32l4xx_hal.o(.data..L_MergedGlobals)
    [Anonymous Symbol]                       0x20000000   Section        0  stm32l4xx_hal.o(.data..L_MergedGlobals)
    .bss                                     0x20000010   Section       96  libspace.o(.bss)
    .L_MergedGlobals                         0x20000070   Data         124  lcd.o(.bss..L_MergedGlobals)
    random_print.i                           0x20000070   Data           1  lcd.o(.bss..L_MergedGlobals)
    [Anonymous Symbol]                       0x20000070   Section        0  lcd.o(.bss..L_MergedGlobals)
    random_print.j                           0x20000071   Data           1  lcd.o(.bss..L_MergedGlobals)
    random_print.rn_array                    0x2000008c   Data          32  lcd.o(.bss..L_MergedGlobals)
    .L_MergedGlobals                         0x200000ec   Data          92  main.o(.bss..L_MergedGlobals)
    HAL_TIM_PeriodElapsedCallback.flag       0x200000ec   Data           1  main.o(.bss..L_MergedGlobals)
    [Anonymous Symbol]                       0x200000ec   Section        0  main.o(.bss..L_MergedGlobals)
    .L_MergedGlobals                         0x20000148   Data          46  stm32l4xx_it.o(.bss..L_MergedGlobals)
    [Anonymous Symbol]                       0x20000148   Section        0  stm32l4xx_it.o(.bss..L_MergedGlobals)
    Heap_Mem                                 0x20000438   Data         512  startup_stm32l476xx.o(HEAP)
    HEAP                                     0x20000438   Section      512  startup_stm32l476xx.o(HEAP)
    Stack_Mem                                0x20000638   Data        1024  startup_stm32l476xx.o(STACK)
    STACK                                    0x20000638   Section     1024  startup_stm32l476xx.o(STACK)
    __initial_sp                             0x20000a38   Data           0  startup_stm32l476xx.o(STACK)

    Global Symbols

    Symbol Name                              Value     Ov Type        Size  Object(Section)

    BuildAttributes$$THM_ISAv4$E$P$D$K$B$S$7EM$VFPi3$EXTD16$VFPS$VFMA$PE$A:L22UL41UL21$X:L11$S22US41US21$IEEE1$IW$~IW$USESV6$~STKCKD$USESV7$~SHL$OTIME$ROPI$IEEEX$EBA8$UX$STANDARDLIB$REQ8$PRES8$EABIv2 0x00000000   Number         0  anon$$obj.o ABSOLUTE
    _printf_flags                            0x00000000   Number         0  printf_stubs.o ABSOLUTE
    _printf_return_value                     0x00000000   Number         0  printf_stubs.o ABSOLUTE
    _printf_sizespec                         0x00000000   Number         0  printf_stubs.o ABSOLUTE
    _printf_widthprec                        0x00000000   Number         0  printf_stubs.o ABSOLUTE
    __ARM_exceptions_init                     - Undefined Weak Reference
    __alloca_initialize                       - Undefined Weak Reference
    __arm_preinit_                            - Undefined Weak Reference
    __arm_relocate_pie_                       - Undefined Weak Reference
    __cpp_initialize__aeabi_                  - Undefined Weak Reference
    __cxa_finalize                            - Undefined Weak Reference
    __rt_locale                               - Undefined Weak Reference
    __sigvec_lookup                           - Undefined Weak Reference
    _atexit_init                              - Undefined Weak Reference
    _call_atexit_fns                          - Undefined Weak Reference
    _clock_init                               - Undefined Weak Reference
    _fp_trap_init                             - Undefined Weak Reference
    _fp_trap_shutdown                         - Undefined Weak Reference
    _get_lc_collate                           - Undefined Weak Reference
    _get_lc_ctype                             - Undefined Weak Reference
    _get_lc_monetary                          - Undefined Weak Reference
    _get_lc_numeric                           - Undefined Weak Reference
    _get_lc_time                              - Undefined Weak Reference
    _getenv_init                              - Undefined Weak Reference
    _handle_redirection                       - Undefined Weak Reference
    _init_alloc                               - Undefined Weak Reference
    _init_user_alloc                          - Undefined Weak Reference
    _initio                                   - Undefined Weak Reference
    _printf_truncate_signed                   - Undefined Weak Reference
    _printf_truncate_unsigned                 - Undefined Weak Reference
    _rand_init                                - Undefined Weak Reference
    _signal_finish                            - Undefined Weak Reference
    _signal_init                              - Undefined Weak Reference
    _terminate_alloc                          - Undefined Weak Reference
    _terminate_user_alloc                     - Undefined Weak Reference
    _terminateio                              - Undefined Weak Reference
    __Vectors_Size                           0x00000188   Number         0  startup_stm32l476xx.o ABSOLUTE
    __Vectors                                0x08000000   Data           4  startup_stm32l476xx.o(RESET)
    __Vectors_End                            0x08000188   Data           0  startup_stm32l476xx.o(RESET)
    __main                                   0x08000189   Thumb Code     8  __main.o(!!!main)
    __scatterload                            0x08000191   Thumb Code     0  __scatter.o(!!!scatter)
    __scatterload_rt2                        0x08000191   Thumb Code    44  __scatter.o(!!!scatter)
    __scatterload_rt2_thumb_only             0x08000191   Thumb Code     0  __scatter.o(!!!scatter)
    __scatterload_null                       0x0800019f   Thumb Code     0  __scatter.o(!!!scatter)
    __scatterload_copy                       0x080001c5   Thumb Code    26  __scatter_copy.o(!!handler_copy)
    __scatterload_zeroinit                   0x080001e1   Thumb Code    28  __scatter_zi.o(!!handler_zi)
    _printf_d                                0x080001fd   Thumb Code     0  _printf_d.o(.ARM.Collect$$_printf_percent$$00000009)
    _printf_percent                          0x080001fd   Thumb Code     0  _printf_percent.o(.ARM.Collect$$_printf_percent$$00000000)
    _printf_u                                0x08000203   Thumb Code     0  _printf_u.o(.ARM.Collect$$_printf_percent$$0000000A)
    _printf_x                                0x08000209   Thumb Code     0  _printf_x.o(.ARM.Collect$$_printf_percent$$0000000C)
    _printf_percent_end                      0x0800020f   Thumb Code     0  _printf_percent_end.o(.ARM.Collect$$_printf_percent$$00000017)
    __rt_lib_init                            0x08000213   Thumb Code     0  libinit.o(.ARM.Collect$$libinit$$00000000)
    __rt_lib_init_fp_1                       0x08000215   Thumb Code     0  libinit2.o(.ARM.Collect$$libinit$$00000001)
    __rt_lib_init_alloca_1                   0x08000219   Thumb Code     0  libinit2.o(.ARM.Collect$$libinit$$00000030)
    __rt_lib_init_argv_1                     0x08000219   Thumb Code     0  libinit2.o(.ARM.Collect$$libinit$$0000002E)
    __rt_lib_init_atexit_1                   0x08000219   Thumb Code     0  libinit2.o(.ARM.Collect$$libinit$$0000001D)
    __rt_lib_init_clock_1                    0x08000219   Thumb Code     0  libinit2.o(.ARM.Collect$$libinit$$00000023)
    __rt_lib_init_cpp_1                      0x08000219   Thumb Code     0  libinit2.o(.ARM.Collect$$libinit$$00000034)
    __rt_lib_init_exceptions_1               0x08000219   Thumb Code     0  libinit2.o(.ARM.Collect$$libinit$$00000032)
    __rt_lib_init_fp_trap_1                  0x08000219   Thumb Code     0  libinit2.o(.ARM.Collect$$libinit$$00000021)
    __rt_lib_init_getenv_1                   0x08000219   Thumb Code     0  libinit2.o(.ARM.Collect$$libinit$$00000025)
    __rt_lib_init_heap_1                     0x08000219   Thumb Code     0  libinit2.o(.ARM.Collect$$libinit$$0000000C)
    __rt_lib_init_lc_collate_1               0x08000219   Thumb Code     0  libinit2.o(.ARM.Collect$$libinit$$00000013)
    __rt_lib_init_lc_ctype_1                 0x08000219   Thumb Code     0  libinit2.o(.ARM.Collect$$libinit$$00000015)
    __rt_lib_init_lc_monetary_1              0x08000219   Thumb Code     0  libinit2.o(.ARM.Collect$$libinit$$00000017)
    __rt_lib_init_lc_numeric_1               0x08000219   Thumb Code     0  libinit2.o(.ARM.Collect$$libinit$$00000019)
    __rt_lib_init_lc_time_1                  0x08000219   Thumb Code     0  libinit2.o(.ARM.Collect$$libinit$$0000001B)
    __rt_lib_init_preinit_1                  0x08000219   Thumb Code     0  libinit2.o(.ARM.Collect$$libinit$$00000006)
    __rt_lib_init_rand_1                     0x08000219   Thumb Code     0  libinit2.o(.ARM.Collect$$libinit$$00000010)
    __rt_lib_init_relocate_pie_1             0x08000219   Thumb Code     0  libinit2.o(.ARM.Collect$$libinit$$00000004)
    __rt_lib_init_return                     0x08000219   Thumb Code     0  libinit2.o(.ARM.Collect$$libinit$$00000035)
    __rt_lib_init_signal_1                   0x08000219   Thumb Code     0  libinit2.o(.ARM.Collect$$libinit$$0000001F)
    __rt_lib_init_stdio_1                    0x08000219   Thumb Code     0  libinit2.o(.ARM.Collect$$libinit$$00000027)
    __rt_lib_init_user_alloc_1               0x08000219   Thumb Code     0  libinit2.o(.ARM.Collect$$libinit$$0000000E)
    __rt_lib_shutdown                        0x0800021b   Thumb Code     0  libshutdown.o(.ARM.Collect$$libshutdown$$00000000)
    __rt_lib_shutdown_cpp_1                  0x0800021d   Thumb Code     0  libshutdown2.o(.ARM.Collect$$libshutdown$$00000002)
    __rt_lib_shutdown_fp_trap_1              0x0800021d   Thumb Code     0  libshutdown2.o(.ARM.Collect$$libshutdown$$00000007)
    __rt_lib_shutdown_heap_1                 0x0800021d   Thumb Code     0  libshutdown2.o(.ARM.Collect$$libshutdown$$0000000F)
    __rt_lib_shutdown_return                 0x0800021d   Thumb Code     0  libshutdown2.o(.ARM.Collect$$libshutdown$$00000010)
    __rt_lib_shutdown_signal_1               0x0800021d   Thumb Code     0  libshutdown2.o(.ARM.Collect$$libshutdown$$0000000A)
    __rt_lib_shutdown_stdio_1                0x0800021d   Thumb Code     0  libshutdown2.o(.ARM.Collect$$libshutdown$$00000004)
    __rt_lib_shutdown_user_alloc_1           0x0800021d   Thumb Code     0  libshutdown2.o(.ARM.Collect$$libshutdown$$0000000C)
    __rt_entry                               0x0800021f   Thumb Code     0  __rtentry.o(.ARM.Collect$$rtentry$$00000000)
    __rt_entry_presh_1                       0x0800021f   Thumb Code     0  __rtentry2.o(.ARM.Collect$$rtentry$$00000002)
    __rt_entry_sh                            0x0800021f   Thumb Code     0  __rtentry4.o(.ARM.Collect$$rtentry$$00000004)
    __rt_entry_li                            0x08000225   Thumb Code     0  __rtentry2.o(.ARM.Collect$$rtentry$$0000000A)
    __rt_entry_postsh_1                      0x08000225   Thumb Code     0  __rtentry2.o(.ARM.Collect$$rtentry$$00000009)
    __rt_entry_main                          0x08000229   Thumb Code     0  __rtentry2.o(.ARM.Collect$$rtentry$$0000000D)
    __rt_entry_postli_1                      0x08000229   Thumb Code     0  __rtentry2.o(.ARM.Collect$$rtentry$$0000000C)
    __rt_exit                                0x08000231   Thumb Code     0  rtexit.o(.ARM.Collect$$rtexit$$00000000)
    __rt_exit_ls                             0x08000233   Thumb Code     0  rtexit2.o(.ARM.Collect$$rtexit$$00000003)
    __rt_exit_prels_1                        0x08000233   Thumb Code     0  rtexit2.o(.ARM.Collect$$rtexit$$00000002)
    __rt_exit_exit                           0x08000237   Thumb Code     0  rtexit2.o(.ARM.Collect$$rtexit$$00000004)
    Reset_Handler                            0x0800023d   Thumb Code     8  startup_stm32l476xx.o(.text)
    ADC3_IRQHandler                          0x08000257   Thumb Code     0  startup_stm32l476xx.o(.text)
    CAN1_RX0_IRQHandler                      0x08000257   Thumb Code     0  startup_stm32l476xx.o(.text)
    CAN1_RX1_IRQHandler                      0x08000257   Thumb Code     0  startup_stm32l476xx.o(.text)
    CAN1_SCE_IRQHandler                      0x08000257   Thumb Code     0  startup_stm32l476xx.o(.text)
    CAN1_TX_IRQHandler                       0x08000257   Thumb Code     0  startup_stm32l476xx.o(.text)
    COMP_IRQHandler                          0x08000257   Thumb Code     0  startup_stm32l476xx.o(.text)
    DFSDM1_FLT0_IRQHandler                   0x08000257   Thumb Code     0  startup_stm32l476xx.o(.text)
    DFSDM1_FLT1_IRQHandler                   0x08000257   Thumb Code     0  startup_stm32l476xx.o(.text)
    DFSDM1_FLT2_IRQHandler                   0x08000257   Thumb Code     0  startup_stm32l476xx.o(.text)
    DFSDM1_FLT3_IRQHandler                   0x08000257   Thumb Code     0  startup_stm32l476xx.o(.text)
    DMA1_Channel1_IRQHandler                 0x08000257   Thumb Code     0  startup_stm32l476xx.o(.text)
    DMA1_Channel2_IRQHandler                 0x08000257   Thumb Code     0  startup_stm32l476xx.o(.text)
    DMA1_Channel3_IRQHandler                 0x08000257   Thumb Code     0  startup_stm32l476xx.o(.text)
    DMA1_Channel4_IRQHandler                 0x08000257   Thumb Code     0  startup_stm32l476xx.o(.text)
    DMA1_Channel5_IRQHandler                 0x08000257   Thumb Code     0  startup_stm32l476xx.o(.text)
    DMA2_Channel1_IRQHandler                 0x08000257   Thumb Code     0  startup_stm32l476xx.o(.text)
    DMA2_Channel2_IRQHandler                 0x08000257   Thumb Code     0  startup_stm32l476xx.o(.text)
    DMA2_Channel3_IRQHandler                 0x08000257   Thumb Code     0  startup_stm32l476xx.o(.text)
    DMA2_Channel4_IRQHandler                 0x08000257   Thumb Code     0  startup_stm32l476xx.o(.text)
    DMA2_Channel5_IRQHandler                 0x08000257   Thumb Code     0  startup_stm32l476xx.o(.text)
    DMA2_Channel6_IRQHandler                 0x08000257   Thumb Code     0  startup_stm32l476xx.o(.text)
    DMA2_Channel7_IRQHandler                 0x08000257   Thumb Code     0  startup_stm32l476xx.o(.text)
    EXTI0_IRQHandler                         0x08000257   Thumb Code     0  startup_stm32l476xx.o(.text)
    EXTI1_IRQHandler                         0x08000257   Thumb Code     0  startup_stm32l476xx.o(.text)
    EXTI2_IRQHandler                         0x08000257   Thumb Code     0  startup_stm32l476xx.o(.text)
    EXTI3_IRQHandler                         0x08000257   Thumb Code     0  startup_stm32l476xx.o(.text)
    EXTI4_IRQHandler                         0x08000257   Thumb Code     0  startup_stm32l476xx.o(.text)
    EXTI9_5_IRQHandler                       0x08000257   Thumb Code     0  startup_stm32l476xx.o(.text)
    FLASH_IRQHandler                         0x08000257   Thumb Code     0  startup_stm32l476xx.o(.text)
    FMC_IRQHandler                           0x08000257   Thumb Code     0  startup_stm32l476xx.o(.text)
    FPU_IRQHandler                           0x08000257   Thumb Code     0  startup_stm32l476xx.o(.text)
    I2C1_ER_IRQHandler                       0x08000257   Thumb Code     0  startup_stm32l476xx.o(.text)
    I2C1_EV_IRQHandler                       0x08000257   Thumb Code     0  startup_stm32l476xx.o(.text)
    I2C2_ER_IRQHandler                       0x08000257   Thumb Code     0  startup_stm32l476xx.o(.text)
    I2C2_EV_IRQHandler                       0x08000257   Thumb Code     0  startup_stm32l476xx.o(.text)
    I2C3_ER_IRQHandler                       0x08000257   Thumb Code     0  startup_stm32l476xx.o(.text)
    I2C3_EV_IRQHandler                       0x08000257   Thumb Code     0  startup_stm32l476xx.o(.text)
    LCD_IRQHandler                           0x08000257   Thumb Code     0  startup_stm32l476xx.o(.text)
    LPTIM1_IRQHandler                        0x08000257   Thumb Code     0  startup_stm32l476xx.o(.text)
    LPTIM2_IRQHandler                        0x08000257   Thumb Code     0  startup_stm32l476xx.o(.text)
    LPUART1_IRQHandler                       0x08000257   Thumb Code     0  startup_stm32l476xx.o(.text)
    OTG_FS_IRQHandler                        0x08000257   Thumb Code     0  startup_stm32l476xx.o(.text)
    PVD_PVM_IRQHandler                       0x08000257   Thumb Code     0  startup_stm32l476xx.o(.text)
    QUADSPI_IRQHandler                       0x08000257   Thumb Code     0  startup_stm32l476xx.o(.text)
    RCC_IRQHandler                           0x08000257   Thumb Code     0  startup_stm32l476xx.o(.text)
    RNG_IRQHandler                           0x08000257   Thumb Code     0  startup_stm32l476xx.o(.text)
    RTC_Alarm_IRQHandler                     0x08000257   Thumb Code     0  startup_stm32l476xx.o(.text)
    RTC_WKUP_IRQHandler                      0x08000257   Thumb Code     0  startup_stm32l476xx.o(.text)
    SAI1_IRQHandler                          0x08000257   Thumb Code     0  startup_stm32l476xx.o(.text)
    SAI2_IRQHandler                          0x08000257   Thumb Code     0  startup_stm32l476xx.o(.text)
    SDMMC1_IRQHandler                        0x08000257   Thumb Code     0  startup_stm32l476xx.o(.text)
    SPI1_IRQHandler                          0x08000257   Thumb Code     0  startup_stm32l476xx.o(.text)
    SPI2_IRQHandler                          0x08000257   Thumb Code     0  startup_stm32l476xx.o(.text)
    SPI3_IRQHandler                          0x08000257   Thumb Code     0  startup_stm32l476xx.o(.text)
    SWPMI1_IRQHandler                        0x08000257   Thumb Code     0  startup_stm32l476xx.o(.text)
    TAMP_STAMP_IRQHandler                    0x08000257   Thumb Code     0  startup_stm32l476xx.o(.text)
    TIM1_BRK_TIM15_IRQHandler                0x08000257   Thumb Code     0  startup_stm32l476xx.o(.text)
    TIM1_CC_IRQHandler                       0x08000257   Thumb Code     0  startup_stm32l476xx.o(.text)
    TIM1_TRG_COM_TIM17_IRQHandler            0x08000257   Thumb Code     0  startup_stm32l476xx.o(.text)
    TIM1_UP_TIM16_IRQHandler                 0x08000257   Thumb Code     0  startup_stm32l476xx.o(.text)
    TIM3_IRQHandler                          0x08000257   Thumb Code     0  startup_stm32l476xx.o(.text)
    TIM4_IRQHandler                          0x08000257   Thumb Code     0  startup_stm32l476xx.o(.text)
    TIM5_IRQHandler                          0x08000257   Thumb Code     0  startup_stm32l476xx.o(.text)
    TIM8_BRK_IRQHandler                      0x08000257   Thumb Code     0  startup_stm32l476xx.o(.text)
    TIM8_CC_IRQHandler                       0x08000257   Thumb Code     0  startup_stm32l476xx.o(.text)
    TIM8_TRG_COM_IRQHandler                  0x08000257   Thumb Code     0  startup_stm32l476xx.o(.text)
    TIM8_UP_IRQHandler                       0x08000257   Thumb Code     0  startup_stm32l476xx.o(.text)
    TSC_IRQHandler                           0x08000257   Thumb Code     0  startup_stm32l476xx.o(.text)
    UART4_IRQHandler                         0x08000257   Thumb Code     0  startup_stm32l476xx.o(.text)
    UART5_IRQHandler                         0x08000257   Thumb Code     0  startup_stm32l476xx.o(.text)
    USART1_IRQHandler                        0x08000257   Thumb Code     0  startup_stm32l476xx.o(.text)
    USART3_IRQHandler                        0x08000257   Thumb Code     0  startup_stm32l476xx.o(.text)
    WWDG_IRQHandler                          0x08000257   Thumb Code     0  startup_stm32l476xx.o(.text)
    __user_initial_stackheap                 0x08000259   Thumb Code     0  startup_stm32l476xx.o(.text)
    __aeabi_uldivmod                         0x0800027d   Thumb Code     0  lludivv7m.o(.text)
    _ll_udiv                                 0x0800027d   Thumb Code   240  lludivv7m.o(.text)
    __2sprintf                               0x0800036d   Thumb Code    34  noretval__2sprintf.o(.text)
    _printf_pre_padding                      0x08000395   Thumb Code    44  _printf_pad.o(.text)
    _printf_post_padding                     0x080003c1   Thumb Code    34  _printf_pad.o(.text)
    _printf_int_dec                          0x080003e5   Thumb Code   104  _printf_dec.o(.text)
    _printf_int_hex                          0x0800045d   Thumb Code    84  _printf_hex_int.o(.text)
    _printf_longlong_hex                     0x0800045d   Thumb Code     0  _printf_hex_int.o(.text)
    __printf                                 0x080004b5   Thumb Code   308  __printf_flags_wp.o(.text)
    __aeabi_memclr4                          0x080005f3   Thumb Code     0  rt_memclr_w.o(.text)
    __aeabi_memclr8                          0x080005f3   Thumb Code     0  rt_memclr_w.o(.text)
    __rt_memclr_w                            0x080005f3   Thumb Code     0  rt_memclr_w.o(.text)
    _memset_w                                0x080005f7   Thumb Code    74  rt_memclr_w.o(.text)
    __use_two_region_memory                  0x08000641   Thumb Code     2  heapauxi.o(.text)
    __rt_heap_escrow$2region                 0x08000643   Thumb Code     2  heapauxi.o(.text)
    __rt_heap_expand$2region                 0x08000645   Thumb Code     2  heapauxi.o(.text)
    _printf_int_common                       0x08000647   Thumb Code   178  _printf_intcommon.o(.text)
    _printf_char_common                      0x08000703   Thumb Code    32  _printf_char_common.o(.text)
    _sputc                                   0x08000729   Thumb Code    10  _sputc.o(.text)
    __user_libspace                          0x08000735   Thumb Code     8  libspace.o(.text)
    __user_perproc_libspace                  0x08000735   Thumb Code     0  libspace.o(.text)
    __user_perthread_libspace                0x08000735   Thumb Code     0  libspace.o(.text)
    __user_setup_stackheap                   0x0800073d   Thumb Code    74  sys_stackheap_outer.o(.text)
    exit                                     0x08000787   Thumb Code    18  exit.o(.text)
    _sys_exit                                0x08000799   Thumb Code     8  sys_exit.o(.text)
    __I$use$semihosting                      0x080007a5   Thumb Code     0  use_no_semi.o(.text)
    __use_no_semihosting_swi                 0x080007a5   Thumb Code     2  use_no_semi.o(.text)
    __semihosting_library_function           0x080007a7   Thumb Code     0  indicate_semi.o(.text)
    ADC1_2_IRQHandler                        0x080007a9   Thumb Code    26  stm32l4xx_it.o(.text.ADC1_2_IRQHandler)
    BusFault_Handler                         0x080007c5   Thumb Code     2  stm32l4xx_it.o(.text.BusFault_Handler)
    DMA1_Channel6_IRQHandler                 0x080007c9   Thumb Code    76  stm32l4xx_it.o(.text.DMA1_Channel6_IRQHandler)
    DMA1_Channel7_IRQHandler                 0x08000815   Thumb Code    12  stm32l4xx_it.o(.text.DMA1_Channel7_IRQHandler)
    DebugMon_Handler                         0x08000821   Thumb Code     2  stm32l4xx_it.o(.text.DebugMon_Handler)
    EXTI15_10_IRQHandler                     0x08000825   Thumb Code    24  stm32l4xx_it.o(.text.EXTI15_10_IRQHandler)
    Error_Handler                            0x0800083d   Thumb Code    10  main.o(.text.Error_Handler)
    HAL_ADCEx_EndOfSamplingCallback          0x08000849   Thumb Code     2  stm32l4xx_hal_adc_ex.o(.text.HAL_ADCEx_EndOfSamplingCallback)
    HAL_ADCEx_InjectedConvCpltCallback       0x0800084d   Thumb Code     2  stm32l4xx_hal_adc_ex.o(.text.HAL_ADCEx_InjectedConvCpltCallback)
    HAL_ADCEx_InjectedQueueOverflowCallback  0x08000851   Thumb Code     2  stm32l4xx_hal_adc_ex.o(.text.HAL_ADCEx_InjectedQueueOverflowCallback)
    HAL_ADCEx_LevelOutOfWindow2Callback      0x08000855   Thumb Code     2  stm32l4xx_hal_adc_ex.o(.text.HAL_ADCEx_LevelOutOfWindow2Callback)
    HAL_ADCEx_LevelOutOfWindow3Callback      0x08000859   Thumb Code     2  stm32l4xx_hal_adc_ex.o(.text.HAL_ADCEx_LevelOutOfWindow3Callback)
    HAL_ADCEx_MultiModeConfigChannel         0x0800085d   Thumb Code   208  stm32l4xx_hal_adc_ex.o(.text.HAL_ADCEx_MultiModeConfigChannel)
    HAL_ADC_ConfigChannel                    0x0800092d   Thumb Code   884  stm32l4xx_hal_adc.o(.text.HAL_ADC_ConfigChannel)
    HAL_ADC_ConvCpltCallback                 0x08000cb1   Thumb Code     2  stm32l4xx_hal_adc.o(.text.HAL_ADC_ConvCpltCallback)
    HAL_ADC_ErrorCallback                    0x08000cb5   Thumb Code     2  stm32l4xx_hal_adc.o(.text.HAL_ADC_ErrorCallback)
    HAL_ADC_IRQHandler                       0x08000cb9   Thumb Code   638  stm32l4xx_hal_adc.o(.text.HAL_ADC_IRQHandler)
    HAL_ADC_Init                             0x08000f39   Thumb Code   540  stm32l4xx_hal_adc.o(.text.HAL_ADC_Init)
    HAL_ADC_LevelOutOfWindowCallback         0x08001155   Thumb Code     2  stm32l4xx_hal_adc.o(.text.HAL_ADC_LevelOutOfWindowCallback)
    HAL_ADC_MspInit                          0x08001159   Thumb Code   116  stm32l4xx_hal_msp.o(.text.HAL_ADC_MspInit)
    HAL_CRCEx_Polynomial_Set                 0x080011cd   Thumb Code   140  stm32l4xx_hal_crc_ex.o(.text.HAL_CRCEx_Polynomial_Set)
    HAL_CRC_Calculate                        0x08001259   Thumb Code   754  stm32l4xx_hal_crc.o(.text.HAL_CRC_Calculate)
    HAL_CRC_Init                             0x0800154d   Thumb Code   120  stm32l4xx_hal_crc.o(.text.HAL_CRC_Init)
    HAL_CRC_MspInit                          0x080015c5   Thumb Code    50  stm32l4xx_hal_msp.o(.text.HAL_CRC_MspInit)
    HAL_DMA_Abort                            0x080015f9   Thumb Code    74  stm32l4xx_hal_dma.o(.text.HAL_DMA_Abort)
    HAL_DMA_Abort_IT                         0x08001645   Thumb Code    88  stm32l4xx_hal_dma.o(.text.HAL_DMA_Abort_IT)
    HAL_DMA_IRQHandler                       0x0800169d   Thumb Code   170  stm32l4xx_hal_dma.o(.text.HAL_DMA_IRQHandler)
    HAL_DMA_Init                             0x08001749   Thumb Code   204  stm32l4xx_hal_dma.o(.text.HAL_DMA_Init)
    HAL_DMA_Start_IT                         0x08001815   Thumb Code   164  stm32l4xx_hal_dma.o(.text.HAL_DMA_Start_IT)
    HAL_GPIO_EXTI_Callback                   0x080018b9   Thumb Code     2  stm32l4xx_hal_gpio.o(.text.HAL_GPIO_EXTI_Callback)
    HAL_GPIO_EXTI_IRQHandler                 0x080018bd   Thumb Code    22  stm32l4xx_hal_gpio.o(.text.HAL_GPIO_EXTI_IRQHandler)
    HAL_GPIO_Init                            0x080018d5   Thumb Code   458  stm32l4xx_hal_gpio.o(.text.HAL_GPIO_Init)
    HAL_GPIO_WritePin                        0x08001aa5   Thumb Code    12  stm32l4xx_hal_gpio.o(.text.HAL_GPIO_WritePin)
    HAL_GetTick                              0x08001ab1   Thumb Code    12  stm32l4xx_hal.o(.text.HAL_GetTick)
    HAL_IncTick                              0x08001abd   Thumb Code    26  stm32l4xx_hal.o(.text.HAL_IncTick)
    HAL_Init                                 0x08001ad9   Thumb Code    30  stm32l4xx_hal.o(.text.HAL_Init)
    HAL_InitTick                             0x08001af9   Thumb Code    76  stm32l4xx_hal.o(.text.HAL_InitTick)
    HAL_MspInit                              0x08001b45   Thumb Code    50  stm32l4xx_hal_msp.o(.text.HAL_MspInit)
    HAL_NVIC_EnableIRQ                       0x08001b79   Thumb Code    38  stm32l4xx_hal_cortex.o(.text.HAL_NVIC_EnableIRQ)
    HAL_NVIC_SetPriority                     0x08001ba1   Thumb Code    86  stm32l4xx_hal_cortex.o(.text.HAL_NVIC_SetPriority)
    HAL_NVIC_SetPriorityGrouping             0x08001bf9   Thumb Code    32  stm32l4xx_hal_cortex.o(.text.HAL_NVIC_SetPriorityGrouping)
    HAL_PWREx_ControlVoltageScaling          0x08001c19   Thumb Code   140  stm32l4xx_hal_pwr_ex.o(.text.HAL_PWREx_ControlVoltageScaling)
    HAL_PWREx_GetVoltageRange                0x08001ca5   Thumb Code    16  stm32l4xx_hal_pwr_ex.o(.text.HAL_PWREx_GetVoltageRange)
    HAL_PWR_EnableBkUpAccess                 0x08001cb5   Thumb Code    18  stm32l4xx_hal_pwr.o(.text.HAL_PWR_EnableBkUpAccess)
    HAL_RCCEx_EnableMSIPLLMode               0x08001cc9   Thumb Code    18  stm32l4xx_hal_rcc_ex.o(.text.HAL_RCCEx_EnableMSIPLLMode)
    HAL_RCCEx_PeriphCLKConfig                0x08001cdd   Thumb Code   996  stm32l4xx_hal_rcc_ex.o(.text.HAL_RCCEx_PeriphCLKConfig)
    HAL_RCC_ClockConfig                      0x080020c1   Thumb Code   634  stm32l4xx_hal_rcc.o(.text.HAL_RCC_ClockConfig)
    HAL_RCC_GetPCLK1Freq                     0x0800233d   Thumb Code    42  stm32l4xx_hal_rcc.o(.text.HAL_RCC_GetPCLK1Freq)
    HAL_RCC_GetPCLK2Freq                     0x08002369   Thumb Code    42  stm32l4xx_hal_rcc.o(.text.HAL_RCC_GetPCLK2Freq)
    HAL_RCC_GetSysClockFreq                  0x08002395   Thumb Code   194  stm32l4xx_hal_rcc.o(.text.HAL_RCC_GetSysClockFreq)
    HAL_RCC_OscConfig                        0x08002459   Thumb Code  1908  stm32l4xx_hal_rcc.o(.text.HAL_RCC_OscConfig)
    HAL_RNG_GetRandomNumber                  0x08002bcd   Thumb Code    90  stm32l4xx_hal_rng.o(.text.HAL_RNG_GetRandomNumber)
    HAL_RNG_Init                             0x08002c29   Thumb Code   116  stm32l4xx_hal_rng.o(.text.HAL_RNG_Init)
    HAL_RNG_MspInit                          0x08002c9d   Thumb Code    50  stm32l4xx_hal_msp.o(.text.HAL_RNG_MspInit)
    HAL_RTC_GetDate                          0x08002cd1   Thumb Code   100  stm32l4xx_hal_rtc.o(.text.HAL_RTC_GetDate)
    HAL_RTC_GetTime                          0x08002d35   Thumb Code   112  stm32l4xx_hal_rtc.o(.text.HAL_RTC_GetTime)
    HAL_RTC_Init                             0x08002da5   Thumb Code   196  stm32l4xx_hal_rtc.o(.text.HAL_RTC_Init)
    HAL_RTC_MspInit                          0x08002e69   Thumb Code    82  stm32l4xx_hal_msp.o(.text.HAL_RTC_MspInit)
    HAL_RTC_SetDate                          0x08002ebd   Thumb Code   324  stm32l4xx_hal_rtc.o(.text.HAL_RTC_SetDate)
    HAL_RTC_SetTime                          0x08003001   Thumb Code   370  stm32l4xx_hal_rtc.o(.text.HAL_RTC_SetTime)
    HAL_SYSTICK_Config                       0x08003175   Thumb Code    44  stm32l4xx_hal_cortex.o(.text.HAL_SYSTICK_Config)
    HAL_TIMEx_Break2Callback                 0x080031a1   Thumb Code     2  stm32l4xx_hal_tim_ex.o(.text.HAL_TIMEx_Break2Callback)
    HAL_TIMEx_BreakCallback                  0x080031a5   Thumb Code     2  stm32l4xx_hal_tim_ex.o(.text.HAL_TIMEx_BreakCallback)
    HAL_TIMEx_CommutCallback                 0x080031a9   Thumb Code     2  stm32l4xx_hal_tim_ex.o(.text.HAL_TIMEx_CommutCallback)
    HAL_TIMEx_MasterConfigSynchronization    0x080031ad   Thumb Code   190  stm32l4xx_hal_tim_ex.o(.text.HAL_TIMEx_MasterConfigSynchronization)
    HAL_TIM_Base_Init                        0x0800326d   Thumb Code    98  stm32l4xx_hal_tim.o(.text.HAL_TIM_Base_Init)
    HAL_TIM_Base_MspInit                     0x080032d1   Thumb Code   204  stm32l4xx_hal_msp.o(.text.HAL_TIM_Base_MspInit)
    HAL_TIM_Base_Start_IT                    0x0800339d   Thumb Code   166  stm32l4xx_hal_tim.o(.text.HAL_TIM_Base_Start_IT)
    HAL_TIM_ConfigClockSource                0x08003445   Thumb Code   412  stm32l4xx_hal_tim.o(.text.HAL_TIM_ConfigClockSource)
    HAL_TIM_IC_CaptureCallback               0x080035e1   Thumb Code     2  stm32l4xx_hal_tim.o(.text.HAL_TIM_IC_CaptureCallback)
    HAL_TIM_IRQHandler                       0x080035e5   Thumb Code   396  stm32l4xx_hal_tim.o(.text.HAL_TIM_IRQHandler)
    HAL_TIM_MspPostInit                      0x08003771   Thumb Code   130  stm32l4xx_hal_msp.o(.text.HAL_TIM_MspPostInit)
    HAL_TIM_OC_DelayElapsedCallback          0x080037f5   Thumb Code     2  stm32l4xx_hal_tim.o(.text.HAL_TIM_OC_DelayElapsedCallback)
    HAL_TIM_PWM_ConfigChannel                0x080037f9   Thumb Code   926  stm32l4xx_hal_tim.o(.text.HAL_TIM_PWM_ConfigChannel)
    HAL_TIM_PWM_Init                         0x08003b99   Thumb Code    98  stm32l4xx_hal_tim.o(.text.HAL_TIM_PWM_Init)
    HAL_TIM_PWM_MspInit                      0x08003bfd   Thumb Code     2  stm32l4xx_hal_tim.o(.text.HAL_TIM_PWM_MspInit)
    HAL_TIM_PWM_PulseFinishedCallback        0x08003c01   Thumb Code     2  stm32l4xx_hal_tim.o(.text.HAL_TIM_PWM_PulseFinishedCallback)
    HAL_TIM_PWM_Start                        0x08003c05   Thumb Code   454  stm32l4xx_hal_tim.o(.text.HAL_TIM_PWM_Start)
    HAL_TIM_PeriodElapsedCallback            0x08003dcd   Thumb Code    76  main.o(.text.HAL_TIM_PeriodElapsedCallback)
    HAL_TIM_TriggerCallback                  0x08003e19   Thumb Code     2  stm32l4xx_hal_tim.o(.text.HAL_TIM_TriggerCallback)
    HAL_UARTEx_RxEventCallback               0x08003e1d   Thumb Code     2  stm32l4xx_hal_uart.o(.text.HAL_UARTEx_RxEventCallback)
    HAL_UARTEx_WakeupCallback                0x08003e21   Thumb Code     2  stm32l4xx_hal_uart_ex.o(.text.HAL_UARTEx_WakeupCallback)
    HAL_UART_ErrorCallback                   0x08003e25   Thumb Code     2  stm32l4xx_hal_uart.o(.text.HAL_UART_ErrorCallback)
    HAL_UART_IRQHandler                      0x08003e29   Thumb Code  1492  stm32l4xx_hal_uart.o(.text.HAL_UART_IRQHandler)
    HAL_UART_Init                            0x080043fd   Thumb Code   194  stm32l4xx_hal_uart.o(.text.HAL_UART_Init)
    HAL_UART_MspInit                         0x080044c1   Thumb Code   262  stm32l4xx_hal_msp.o(.text.HAL_UART_MspInit)
    HAL_UART_Receive_DMA                     0x080045c9   Thumb Code   482  stm32l4xx_hal_uart.o(.text.HAL_UART_Receive_DMA)
    HAL_UART_RxCpltCallback                  0x080047ad   Thumb Code     2  stm32l4xx_hal_uart.o(.text.HAL_UART_RxCpltCallback)
    HAL_UART_TxCpltCallback                  0x080047b1   Thumb Code     2  stm32l4xx_hal_uart.o(.text.HAL_UART_TxCpltCallback)
    HardFault_Handler                        0x080047b5   Thumb Code     2  stm32l4xx_it.o(.text.HardFault_Handler)
    LCD_Command                              0x080047b9   Thumb Code   402  lcd.o(.text.LCD_Command)
    LCD_Cursor_On_Off                        0x0800494d   Thumb Code    52  lcd.o(.text.LCD_Cursor_On_Off)
    LCD_Print                                0x08004981   Thumb Code   402  lcd.o(.text.LCD_Print)
    LCD_Print_String                         0x08004b15   Thumb Code   516  lcd.o(.text.LCD_Print_String)
    LCD_init                                 0x08004d19   Thumb Code   272  lcd.o(.text.LCD_init)
    MemManage_Handler                        0x08004e29   Thumb Code     2  stm32l4xx_it.o(.text.MemManage_Handler)
    NMI_Handler                              0x08004e2d   Thumb Code     2  stm32l4xx_it.o(.text.NMI_Handler)
    PendSV_Handler                           0x08004e31   Thumb Code     2  stm32l4xx_it.o(.text.PendSV_Handler)
    RTC_ExitInitMode                         0x080050ed   Thumb Code   148  stm32l4xx_hal_rtc.o(.text.RTC_ExitInitMode)
    SVC_Handler                              0x08005181   Thumb Code     2  stm32l4xx_it.o(.text.SVC_Handler)
    SysTick_Handler                          0x08005185   Thumb Code     4  stm32l4xx_it.o(.text.SysTick_Handler)
    SystemClock_Config                       0x08005189   Thumb Code   168  main.o(.text.SystemClock_Config)
    SystemInit                               0x08005231   Thumb Code    18  system_stm32l4xx.o(.text.SystemInit)
    TIM2_IRQHandler                          0x08005245   Thumb Code    12  stm32l4xx_it.o(.text.TIM2_IRQHandler)
    TIM6_DAC_IRQHandler                      0x08005251   Thumb Code    12  stm32l4xx_it.o(.text.TIM6_DAC_IRQHandler)
    TIM7_IRQHandler                          0x0800525d   Thumb Code    84  stm32l4xx_it.o(.text.TIM7_IRQHandler)
    TIM_Base_SetConfig                       0x080052b1   Thumb Code   318  stm32l4xx_hal_tim.o(.text.TIM_Base_SetConfig)
    UART_AdvFeatureConfig                    0x080053f1   Thumb Code   232  stm32l4xx_hal_uart.o(.text.UART_AdvFeatureConfig)
    UART_SetConfig                           0x080057c5   Thumb Code   600  stm32l4xx_hal_uart.o(.text.UART_SetConfig)
    UART_WaitOnFlagUntilTimeout              0x08005a2d   Thumb Code   526  stm32l4xx_hal_uart.o(.text.UART_WaitOnFlagUntilTimeout)
    USART2_IRQHandler                        0x08005c3d   Thumb Code    40  stm32l4xx_it.o(.text.USART2_IRQHandler)
    UsageFault_Handler                       0x08005c65   Thumb Code     2  stm32l4xx_it.o(.text.UsageFault_Handler)
    analyze_protocol                         0x08005c69   Thumb Code   310  lcd.o(.text.analyze_protocol)
    clock                                    0x08005da1   Thumb Code   180  lcd.o(.text.clock)
    main                                     0x08005e8d   Thumb Code  1408  main.o(.text.main)
    print_protocol                           0x0800640d   Thumb Code    44  lcd.o(.text.print_protocol)
    print_to_USART                           0x08006439   Thumb Code    88  fsa.o(.text.print_to_USART)
    random_protocol                          0x08006491   Thumb Code   378  lcd.o(.text.random_protocol)
    _is_digit                                0x08006611   Thumb Code    14  __printf_wp.o(i._is_digit)
    _fp_init                                 0x0800661f   Thumb Code    26  fpinit.o(x$fpl$fpinit)
    __fplib_config_fpu_vfp                   0x08006637   Thumb Code     0  fpinit.o(x$fpl$fpinit)
    __fplib_config_pureend_doubles           0x08006637   Thumb Code     0  fpinit.o(x$fpl$fpinit)
    AHBPrescTable                            0x08006671   Data          16  system_stm32l4xx.o(.rodata.AHBPrescTable)
    APBPrescTable                            0x08006681   Data           8  system_stm32l4xx.o(.rodata.APBPrescTable)
    MSIRangeTable                            0x0800668c   Data          48  system_stm32l4xx.o(.rodata.MSIRangeTable)
    Region$$Table$$Base                      0x08006770   Number         0  anon$$obj.o(Region$$Table)
    Region$$Table$$Limit                     0x08006790   Number         0  anon$$obj.o(Region$$Table)
    uwTickFreq                               0x20000000   Data           1  stm32l4xx_hal.o(.data..L_MergedGlobals)
    uwTickPrio                               0x20000004   Data           4  stm32l4xx_hal.o(.data..L_MergedGlobals)
    SystemCoreClock                          0x20000008   Data           4  system_stm32l4xx.o(.data.SystemCoreClock)
    __libspace_start                         0x20000010   Data          96  libspace.o(.bss)
    __temporary_stack_top$libspace           0x20000070   Data           0  libspace.o(.bss)
    DateToUpdate                             0x20000072   Data           4  lcd.o(.bss..L_MergedGlobals)
    sTime                                    0x20000078   Data          20  lcd.o(.bss..L_MergedGlobals)
    trans_str                                0x200000ac   Data          64  lcd.o(.bss..L_MergedGlobals)
    hrng                                     0x200000f0   Data          16  main.o(.bss..L_MergedGlobals)
    hcrc                                     0x20000100   Data          36  main.o(.bss..L_MergedGlobals)
    hrtc                                     0x20000124   Data          36  main.o(.bss..L_MergedGlobals)
    protocol_status                          0x20000148   Data           1  stm32l4xx_it.o(.bss..L_MergedGlobals)
    det_protocol                             0x2000014c   Data          12  stm32l4xx_it.o(.bss..L_MergedGlobals)
    buff                                     0x20000158   Data          30  stm32l4xx_it.o(.bss..L_MergedGlobals)
    hadc1                                    0x20000178   Data         100  main.o(.bss.hadc1)
    hdma_usart2_rx                           0x200001dc   Data          72  main.o(.bss.hdma_usart2_rx)
    hdma_usart2_tx                           0x20000224   Data          72  main.o(.bss.hdma_usart2_tx)
    htim2                                    0x2000026c   Data          76  main.o(.bss.htim2)
    htim3                                    0x200002b8   Data          76  main.o(.bss.htim3)
    htim6                                    0x20000304   Data          76  main.o(.bss.htim6)
    htim7                                    0x20000350   Data          76  main.o(.bss.htim7)
    huart2                                   0x2000039c   Data         132  main.o(.bss.huart2)
    protocol                                 0x20000420   Data          14  lcd.o(.bss.protocol)
    uwTick                                   0x20000430   Data           4  stm32l4xx_hal.o(.bss.uwTick)



==============================================================================

Memory Map of the image

  Image Entry point : 0x08000189

  Load Region LR_IROM1 (Base: 0x08000000, Size: 0x000067a0, Max: 0x00100000, ABSOLUTE)

    Execution Region ER_IROM1 (Exec base: 0x08000000, Load base: 0x08000000, Size: 0x00006790, Max: 0x00100000, ABSOLUTE)

    Exec Addr    Load Addr    Size         Type   Attr      Idx    E Section Name        Object

    0x08000000   0x08000000   0x00000188   Data   RO            3    RESET               startup_stm32l476xx.o
    0x08000188   0x08000188   0x00000008   Code   RO         1765  * !!!main             c_w.l(__main.o)
    0x08000190   0x08000190   0x00000034   Code   RO         2043    !!!scatter          c_w.l(__scatter.o)
    0x080001c4   0x080001c4   0x0000001a   Code   RO         2045    !!handler_copy      c_w.l(__scatter_copy.o)
    0x080001de   0x080001de   0x00000002   PAD
    0x080001e0   0x080001e0   0x0000001c   Code   RO         2047    !!handler_zi        c_w.l(__scatter_zi.o)
    0x080001fc   0x080001fc   0x00000000   Code   RO         1760    .ARM.Collect$$_printf_percent$$00000000  c_w.l(_printf_percent.o)
    0x080001fc   0x080001fc   0x00000006   Code   RO         1758    .ARM.Collect$$_printf_percent$$00000009  c_w.l(_printf_d.o)
    0x08000202   0x08000202   0x00000006   Code   RO         1759    .ARM.Collect$$_printf_percent$$0000000A  c_w.l(_printf_u.o)
    0x08000208   0x08000208   0x00000006   Code   RO         1757    .ARM.Collect$$_printf_percent$$0000000C  c_w.l(_printf_x.o)
    0x0800020e   0x0800020e   0x00000004   Code   RO         1807    .ARM.Collect$$_printf_percent$$00000017  c_w.l(_printf_percent_end.o)
    0x08000212   0x08000212   0x00000002   Code   RO         1902    .ARM.Collect$$libinit$$00000000  c_w.l(libinit.o)
    0x08000214   0x08000214   0x00000004   Code   RO         1915    .ARM.Collect$$libinit$$00000001  c_w.l(libinit2.o)
    0x08000218   0x08000218   0x00000000   Code   RO         1918    .ARM.Collect$$libinit$$00000004  c_w.l(libinit2.o)
    0x08000218   0x08000218   0x00000000   Code   RO         1920    .ARM.Collect$$libinit$$00000006  c_w.l(libinit2.o)
    0x08000218   0x08000218   0x00000000   Code   RO         1923    .ARM.Collect$$libinit$$0000000C  c_w.l(libinit2.o)
    0x08000218   0x08000218   0x00000000   Code   RO         1925    .ARM.Collect$$libinit$$0000000E  c_w.l(libinit2.o)
    0x08000218   0x08000218   0x00000000   Code   RO         1927    .ARM.Collect$$libinit$$00000010  c_w.l(libinit2.o)
    0x08000218   0x08000218   0x00000000   Code   RO         1930    .ARM.Collect$$libinit$$00000013  c_w.l(libinit2.o)
    0x08000218   0x08000218   0x00000000   Code   RO         1932    .ARM.Collect$$libinit$$00000015  c_w.l(libinit2.o)
    0x08000218   0x08000218   0x00000000   Code   RO         1934    .ARM.Collect$$libinit$$00000017  c_w.l(libinit2.o)
    0x08000218   0x08000218   0x00000000   Code   RO         1936    .ARM.Collect$$libinit$$00000019  c_w.l(libinit2.o)
    0x08000218   0x08000218   0x00000000   Code   RO         1938    .ARM.Collect$$libinit$$0000001B  c_w.l(libinit2.o)
    0x08000218   0x08000218   0x00000000   Code   RO         1940    .ARM.Collect$$libinit$$0000001D  c_w.l(libinit2.o)
    0x08000218   0x08000218   0x00000000   Code   RO         1942    .ARM.Collect$$libinit$$0000001F  c_w.l(libinit2.o)
    0x08000218   0x08000218   0x00000000   Code   RO         1944    .ARM.Collect$$libinit$$00000021  c_w.l(libinit2.o)
    0x08000218   0x08000218   0x00000000   Code   RO         1946    .ARM.Collect$$libinit$$00000023  c_w.l(libinit2.o)
    0x08000218   0x08000218   0x00000000   Code   RO         1948    .ARM.Collect$$libinit$$00000025  c_w.l(libinit2.o)
    0x08000218   0x08000218   0x00000000   Code   RO         1950    .ARM.Collect$$libinit$$00000027  c_w.l(libinit2.o)
    0x08000218   0x08000218   0x00000000   Code   RO         1954    .ARM.Collect$$libinit$$0000002E  c_w.l(libinit2.o)
    0x08000218   0x08000218   0x00000000   Code   RO         1956    .ARM.Collect$$libinit$$00000030  c_w.l(libinit2.o)
    0x08000218   0x08000218   0x00000000   Code   RO         1958    .ARM.Collect$$libinit$$00000032  c_w.l(libinit2.o)
    0x08000218   0x08000218   0x00000000   Code   RO         1960    .ARM.Collect$$libinit$$00000034  c_w.l(libinit2.o)
    0x08000218   0x08000218   0x00000002   Code   RO         1961    .ARM.Collect$$libinit$$00000035  c_w.l(libinit2.o)
    0x0800021a   0x0800021a   0x00000002   Code   RO         1998    .ARM.Collect$$libshutdown$$00000000  c_w.l(libshutdown.o)
    0x0800021c   0x0800021c   0x00000000   Code   RO         2026    .ARM.Collect$$libshutdown$$00000002  c_w.l(libshutdown2.o)
    0x0800021c   0x0800021c   0x00000000   Code   RO         2028    .ARM.Collect$$libshutdown$$00000004  c_w.l(libshutdown2.o)
    0x0800021c   0x0800021c   0x00000000   Code   RO         2031    .ARM.Collect$$libshutdown$$00000007  c_w.l(libshutdown2.o)
    0x0800021c   0x0800021c   0x00000000   Code   RO         2034    .ARM.Collect$$libshutdown$$0000000A  c_w.l(libshutdown2.o)
    0x0800021c   0x0800021c   0x00000000   Code   RO         2036    .ARM.Collect$$libshutdown$$0000000C  c_w.l(libshutdown2.o)
    0x0800021c   0x0800021c   0x00000000   Code   RO         2039    .ARM.Collect$$libshutdown$$0000000F  c_w.l(libshutdown2.o)
    0x0800021c   0x0800021c   0x00000002   Code   RO         2040    .ARM.Collect$$libshutdown$$00000010  c_w.l(libshutdown2.o)
    0x0800021e   0x0800021e   0x00000000   Code   RO         1794    .ARM.Collect$$rtentry$$00000000  c_w.l(__rtentry.o)
    0x0800021e   0x0800021e   0x00000000   Code   RO         1857    .ARM.Collect$$rtentry$$00000002  c_w.l(__rtentry2.o)
    0x0800021e   0x0800021e   0x00000006   Code   RO         1869    .ARM.Collect$$rtentry$$00000004  c_w.l(__rtentry4.o)
    0x08000224   0x08000224   0x00000000   Code   RO         1859    .ARM.Collect$$rtentry$$00000009  c_w.l(__rtentry2.o)
    0x08000224   0x08000224   0x00000004   Code   RO         1860    .ARM.Collect$$rtentry$$0000000A  c_w.l(__rtentry2.o)
    0x08000228   0x08000228   0x00000000   Code   RO         1862    .ARM.Collect$$rtentry$$0000000C  c_w.l(__rtentry2.o)
    0x08000228   0x08000228   0x00000008   Code   RO         1863    .ARM.Collect$$rtentry$$0000000D  c_w.l(__rtentry2.o)
    0x08000230   0x08000230   0x00000002   Code   RO         1907    .ARM.Collect$$rtexit$$00000000  c_w.l(rtexit.o)
    0x08000232   0x08000232   0x00000000   Code   RO         1969    .ARM.Collect$$rtexit$$00000002  c_w.l(rtexit2.o)
    0x08000232   0x08000232   0x00000004   Code   RO         1970    .ARM.Collect$$rtexit$$00000003  c_w.l(rtexit2.o)
    0x08000236   0x08000236   0x00000006   Code   RO         1971    .ARM.Collect$$rtexit$$00000004  c_w.l(rtexit2.o)
    0x0800023c   0x0800023c   0x00000040   Code   RO            4    .text               startup_stm32l476xx.o
    0x0800027c   0x0800027c   0x000000f0   Code   RO         1704    .text               c_w.l(lludivv7m.o)
    0x0800036c   0x0800036c   0x00000028   Code   RO         1708    .text               c_w.l(noretval__2sprintf.o)
    0x08000394   0x08000394   0x0000004e   Code   RO         1712    .text               c_w.l(_printf_pad.o)
    0x080003e2   0x080003e2   0x00000002   PAD
    0x080003e4   0x080003e4   0x00000078   Code   RO         1714    .text               c_w.l(_printf_dec.o)
    0x0800045c   0x0800045c   0x00000058   Code   RO         1719    .text               c_w.l(_printf_hex_int.o)
    0x080004b4   0x080004b4   0x0000013e   Code   RO         1749    .text               c_w.l(__printf_flags_wp.o)
    0x080005f2   0x080005f2   0x0000004e   Code   RO         1761    .text               c_w.l(rt_memclr_w.o)
    0x08000640   0x08000640   0x00000006   Code   RO         1763    .text               c_w.l(heapauxi.o)
    0x08000646   0x08000646   0x000000b2   Code   RO         1801    .text               c_w.l(_printf_intcommon.o)
    0x080006f8   0x080006f8   0x00000030   Code   RO         1803    .text               c_w.l(_printf_char_common.o)
    0x08000728   0x08000728   0x0000000a   Code   RO         1805    .text               c_w.l(_sputc.o)
    0x08000732   0x08000732   0x00000002   PAD
    0x08000734   0x08000734   0x00000008   Code   RO         1886    .text               c_w.l(libspace.o)
    0x0800073c   0x0800073c   0x0000004a   Code   RO         1889    .text               c_w.l(sys_stackheap_outer.o)
    0x08000786   0x08000786   0x00000012   Code   RO         1891    .text               c_w.l(exit.o)
    0x08000798   0x08000798   0x0000000c   Code   RO         1964    .text               c_w.l(sys_exit.o)
    0x080007a4   0x080007a4   0x00000002   Code   RO         1987    .text               c_w.l(use_no_semi.o)
    0x080007a6   0x080007a6   0x00000000   Code   RO         1989    .text               c_w.l(indicate_semi.o)
    0x080007a6   0x080007a6   0x00000002   PAD
    0x080007a8   0x080007a8   0x0000001a   Code   RO          136    .text.ADC1_2_IRQHandler  stm32l4xx_it.o
    0x080007c2   0x080007c2   0x00000002   PAD
    0x080007c4   0x080007c4   0x00000002   Code   RO          120    .text.BusFault_Handler  stm32l4xx_it.o
    0x080007c6   0x080007c6   0x00000002   PAD
    0x080007c8   0x080007c8   0x0000004c   Code   RO          132    .text.DMA1_Channel6_IRQHandler  stm32l4xx_it.o
    0x08000814   0x08000814   0x0000000c   Code   RO          134    .text.DMA1_Channel7_IRQHandler  stm32l4xx_it.o
    0x08000820   0x08000820   0x00000002   Code   RO          126    .text.DebugMon_Handler  stm32l4xx_it.o
    0x08000822   0x08000822   0x00000002   PAD
    0x08000824   0x08000824   0x00000018   Code   RO          142    .text.EXTI15_10_IRQHandler  stm32l4xx_it.o
    0x0800083c   0x0800083c   0x0000000a   Code   RO           94    .text.Error_Handler  main.o
    0x08000846   0x08000846   0x00000002   PAD
    0x08000848   0x08000848   0x00000002   Code   RO          296    .text.HAL_ADCEx_EndOfSamplingCallback  stm32l4xx_hal_adc_ex.o
    0x0800084a   0x0800084a   0x00000002   PAD
    0x0800084c   0x0800084c   0x00000002   Code   RO          288    .text.HAL_ADCEx_InjectedConvCpltCallback  stm32l4xx_hal_adc_ex.o
    0x0800084e   0x0800084e   0x00000002   PAD
    0x08000850   0x08000850   0x00000002   Code   RO          290    .text.HAL_ADCEx_InjectedQueueOverflowCallback  stm32l4xx_hal_adc_ex.o
    0x08000852   0x08000852   0x00000002   PAD
    0x08000854   0x08000854   0x00000002   Code   RO          292    .text.HAL_ADCEx_LevelOutOfWindow2Callback  stm32l4xx_hal_adc_ex.o
    0x08000856   0x08000856   0x00000002   PAD
    0x08000858   0x08000858   0x00000002   Code   RO          294    .text.HAL_ADCEx_LevelOutOfWindow3Callback  stm32l4xx_hal_adc_ex.o
    0x0800085a   0x0800085a   0x00000002   PAD
    0x0800085c   0x0800085c   0x000000d0   Code   RO          308    .text.HAL_ADCEx_MultiModeConfigChannel  stm32l4xx_hal_adc_ex.o
    0x0800092c   0x0800092c   0x00000384   Code   RO          248    .text.HAL_ADC_ConfigChannel  stm32l4xx_hal_adc.o
    0x08000cb0   0x08000cb0   0x00000002   Code   RO          240    .text.HAL_ADC_ConvCpltCallback  stm32l4xx_hal_adc.o
    0x08000cb2   0x08000cb2   0x00000002   PAD
    0x08000cb4   0x08000cb4   0x00000002   Code   RO          244    .text.HAL_ADC_ErrorCallback  stm32l4xx_hal_adc.o
    0x08000cb6   0x08000cb6   0x00000002   PAD
    0x08000cb8   0x08000cb8   0x0000027e   Code   RO          238    .text.HAL_ADC_IRQHandler  stm32l4xx_hal_adc.o
    0x08000f36   0x08000f36   0x00000002   PAD
    0x08000f38   0x08000f38   0x0000021c   Code   RO          200    .text.HAL_ADC_Init  stm32l4xx_hal_adc.o
    0x08001154   0x08001154   0x00000002   Code   RO          242    .text.HAL_ADC_LevelOutOfWindowCallback  stm32l4xx_hal_adc.o
    0x08001156   0x08001156   0x00000002   PAD
    0x08001158   0x08001158   0x00000074   Code   RO          166    .text.HAL_ADC_MspInit  stm32l4xx_hal_msp.o
    0x080011cc   0x080011cc   0x0000008c   Code   RO         1009    .text.HAL_CRCEx_Polynomial_Set  stm32l4xx_hal_crc_ex.o
    0x08001258   0x08001258   0x000002f2   Code   RO          997    .text.HAL_CRC_Calculate  stm32l4xx_hal_crc.o
    0x0800154a   0x0800154a   0x00000002   PAD
    0x0800154c   0x0800154c   0x00000078   Code   RO          987    .text.HAL_CRC_Init  stm32l4xx_hal_crc.o
    0x080015c4   0x080015c4   0x00000032   Code   RO          170    .text.HAL_CRC_MspInit  stm32l4xx_hal_msp.o
    0x080015f6   0x080015f6   0x00000002   PAD
    0x080015f8   0x080015f8   0x0000004a   Code   RO          760    .text.HAL_DMA_Abort  stm32l4xx_hal_dma.o
    0x08001642   0x08001642   0x00000002   PAD
    0x08001644   0x08001644   0x00000058   Code   RO          762    .text.HAL_DMA_Abort_IT  stm32l4xx_hal_dma.o
    0x0800169c   0x0800169c   0x000000aa   Code   RO          766    .text.HAL_DMA_IRQHandler  stm32l4xx_hal_dma.o
    0x08001746   0x08001746   0x00000002   PAD
    0x08001748   0x08001748   0x000000cc   Code   RO          752    .text.HAL_DMA_Init  stm32l4xx_hal_dma.o
    0x08001814   0x08001814   0x000000a4   Code   RO          758    .text.HAL_DMA_Start_IT  stm32l4xx_hal_dma.o
    0x080018b8   0x080018b8   0x00000002   Code   RO          742    .text.HAL_GPIO_EXTI_Callback  stm32l4xx_hal_gpio.o
    0x080018ba   0x080018ba   0x00000002   PAD
    0x080018bc   0x080018bc   0x00000016   Code   RO          740    .text.HAL_GPIO_EXTI_IRQHandler  stm32l4xx_hal_gpio.o
    0x080018d2   0x080018d2   0x00000002   PAD
    0x080018d4   0x080018d4   0x000001d0   Code   RO          728    .text.HAL_GPIO_Init  stm32l4xx_hal_gpio.o
    0x08001aa4   0x08001aa4   0x0000000c   Code   RO          734    .text.HAL_GPIO_WritePin  stm32l4xx_hal_gpio.o
    0x08001ab0   0x08001ab0   0x0000000c   Code   RO          338    .text.HAL_GetTick   stm32l4xx_hal.o
    0x08001abc   0x08001abc   0x0000001a   Code   RO          336    .text.HAL_IncTick   stm32l4xx_hal.o
    0x08001ad6   0x08001ad6   0x00000002   PAD
    0x08001ad8   0x08001ad8   0x0000001e   Code   RO          326    .text.HAL_Init      stm32l4xx_hal.o
    0x08001af6   0x08001af6   0x00000002   PAD
    0x08001af8   0x08001af8   0x0000004c   Code   RO          328    .text.HAL_InitTick  stm32l4xx_hal.o
    0x08001b44   0x08001b44   0x00000032   Code   RO          164    .text.HAL_MspInit   stm32l4xx_hal_msp.o
    0x08001b76   0x08001b76   0x00000002   PAD
    0x08001b78   0x08001b78   0x00000026   Code   RO          919    .text.HAL_NVIC_EnableIRQ  stm32l4xx_hal_cortex.o
    0x08001b9e   0x08001b9e   0x00000002   PAD
    0x08001ba0   0x08001ba0   0x00000056   Code   RO          917    .text.HAL_NVIC_SetPriority  stm32l4xx_hal_cortex.o
    0x08001bf6   0x08001bf6   0x00000002   PAD
    0x08001bf8   0x08001bf8   0x00000020   Code   RO          915    .text.HAL_NVIC_SetPriorityGrouping  stm32l4xx_hal_cortex.o
    0x08001c18   0x08001c18   0x0000008c   Code   RO          827    .text.HAL_PWREx_ControlVoltageScaling  stm32l4xx_hal_pwr_ex.o
    0x08001ca4   0x08001ca4   0x00000010   Code   RO          825    .text.HAL_PWREx_GetVoltageRange  stm32l4xx_hal_pwr_ex.o
    0x08001cb4   0x08001cb4   0x00000012   Code   RO          787    .text.HAL_PWR_EnableBkUpAccess  stm32l4xx_hal_pwr.o
    0x08001cc6   0x08001cc6   0x00000002   PAD
    0x08001cc8   0x08001cc8   0x00000012   Code   RO          652    .text.HAL_RCCEx_EnableMSIPLLMode  stm32l4xx_hal_rcc_ex.o
    0x08001cda   0x08001cda   0x00000002   PAD
    0x08001cdc   0x08001cdc   0x000003e4   Code   RO          614    .text.HAL_RCCEx_PeriphCLKConfig  stm32l4xx_hal_rcc_ex.o
    0x080020c0   0x080020c0   0x0000027a   Code   RO          584    .text.HAL_RCC_ClockConfig  stm32l4xx_hal_rcc.o
    0x0800233a   0x0800233a   0x00000002   PAD
    0x0800233c   0x0800233c   0x0000002a   Code   RO          590    .text.HAL_RCC_GetPCLK1Freq  stm32l4xx_hal_rcc.o
    0x08002366   0x08002366   0x00000002   PAD
    0x08002368   0x08002368   0x0000002a   Code   RO          592    .text.HAL_RCC_GetPCLK2Freq  stm32l4xx_hal_rcc.o
    0x08002392   0x08002392   0x00000002   PAD
    0x08002394   0x08002394   0x000000c2   Code   RO          582    .text.HAL_RCC_GetSysClockFreq  stm32l4xx_hal_rcc.o
    0x08002456   0x08002456   0x00000002   PAD
    0x08002458   0x08002458   0x00000774   Code   RO          580    .text.HAL_RCC_OscConfig  stm32l4xx_hal_rcc.o
    0x08002bcc   0x08002bcc   0x0000005a   Code   RO         1035    .text.HAL_RNG_GetRandomNumber  stm32l4xx_hal_rng.o
    0x08002c26   0x08002c26   0x00000002   PAD
    0x08002c28   0x08002c28   0x00000074   Code   RO         1023    .text.HAL_RNG_Init  stm32l4xx_hal_rng.o
    0x08002c9c   0x08002c9c   0x00000032   Code   RO          174    .text.HAL_RNG_MspInit  stm32l4xx_hal_msp.o
    0x08002cce   0x08002cce   0x00000002   PAD
    0x08002cd0   0x08002cd0   0x00000064   Code   RO         1081    .text.HAL_RTC_GetDate  stm32l4xx_hal_rtc.o
    0x08002d34   0x08002d34   0x00000070   Code   RO         1075    .text.HAL_RTC_GetTime  stm32l4xx_hal_rtc.o
    0x08002da4   0x08002da4   0x000000c4   Code   RO         1059    .text.HAL_RTC_Init  stm32l4xx_hal_rtc.o
    0x08002e68   0x08002e68   0x00000052   Code   RO          178    .text.HAL_RTC_MspInit  stm32l4xx_hal_msp.o
    0x08002eba   0x08002eba   0x00000002   PAD
    0x08002ebc   0x08002ebc   0x00000144   Code   RO         1079    .text.HAL_RTC_SetDate  stm32l4xx_hal_rtc.o
    0x08003000   0x08003000   0x00000172   Code   RO         1071    .text.HAL_RTC_SetTime  stm32l4xx_hal_rtc.o
    0x08003172   0x08003172   0x00000002   PAD
    0x08003174   0x08003174   0x0000002c   Code   RO          927    .text.HAL_SYSTICK_Config  stm32l4xx_hal_cortex.o
    0x080031a0   0x080031a0   0x00000002   Code   RO         1512    .text.HAL_TIMEx_Break2Callback  stm32l4xx_hal_tim_ex.o
    0x080031a2   0x080031a2   0x00000002   PAD
    0x080031a4   0x080031a4   0x00000002   Code   RO         1510    .text.HAL_TIMEx_BreakCallback  stm32l4xx_hal_tim_ex.o
    0x080031a6   0x080031a6   0x00000002   PAD
    0x080031a8   0x080031a8   0x00000002   Code   RO         1506    .text.HAL_TIMEx_CommutCallback  stm32l4xx_hal_tim_ex.o
    0x080031aa   0x080031aa   0x00000002   PAD
    0x080031ac   0x080031ac   0x000000be   Code   RO         1496    .text.HAL_TIMEx_MasterConfigSynchronization  stm32l4xx_hal_tim_ex.o
    0x0800326a   0x0800326a   0x00000002   PAD
    0x0800326c   0x0800326c   0x00000062   Code   RO         1201    .text.HAL_TIM_Base_Init  stm32l4xx_hal_tim.o
    0x080032ce   0x080032ce   0x00000002   PAD
    0x080032d0   0x080032d0   0x000000cc   Code   RO          182    .text.HAL_TIM_Base_MspInit  stm32l4xx_hal_msp.o
    0x0800339c   0x0800339c   0x000000a6   Code   RO         1215    .text.HAL_TIM_Base_Start_IT  stm32l4xx_hal_tim.o
    0x08003442   0x08003442   0x00000002   PAD
    0x08003444   0x08003444   0x0000019c   Code   RO         1381    .text.HAL_TIM_ConfigClockSource  stm32l4xx_hal_tim.o
    0x080035e0   0x080035e0   0x00000002   Code   RO         1337    .text.HAL_TIM_IC_CaptureCallback  stm32l4xx_hal_tim.o
    0x080035e2   0x080035e2   0x00000002   PAD
    0x080035e4   0x080035e4   0x0000018c   Code   RO         1335    .text.HAL_TIM_IRQHandler  stm32l4xx_hal_tim.o
    0x08003770   0x08003770   0x00000082   Code   RO          184    .text.HAL_TIM_MspPostInit  stm32l4xx_hal_msp.o
    0x080037f2   0x080037f2   0x00000002   PAD
    0x080037f4   0x080037f4   0x00000002   Code   RO         1339    .text.HAL_TIM_OC_DelayElapsedCallback  stm32l4xx_hal_tim.o
    0x080037f6   0x080037f6   0x00000002   PAD
    0x080037f8   0x080037f8   0x0000039e   Code   RO         1355    .text.HAL_TIM_PWM_ConfigChannel  stm32l4xx_hal_tim.o
    0x08003b96   0x08003b96   0x00000002   PAD
    0x08003b98   0x08003b98   0x00000062   Code   RO         1255    .text.HAL_TIM_PWM_Init  stm32l4xx_hal_tim.o
    0x08003bfa   0x08003bfa   0x00000002   PAD
    0x08003bfc   0x08003bfc   0x00000002   Code   RO         1257    .text.HAL_TIM_PWM_MspInit  stm32l4xx_hal_tim.o
    0x08003bfe   0x08003bfe   0x00000002   PAD
    0x08003c00   0x08003c00   0x00000002   Code   RO         1341    .text.HAL_TIM_PWM_PulseFinishedCallback  stm32l4xx_hal_tim.o
    0x08003c02   0x08003c02   0x00000002   PAD
    0x08003c04   0x08003c04   0x000001c6   Code   RO         1263    .text.HAL_TIM_PWM_Start  stm32l4xx_hal_tim.o
    0x08003dca   0x08003dca   0x00000002   PAD
    0x08003dcc   0x08003dcc   0x0000004c   Code   RO           86    .text.HAL_TIM_PeriodElapsedCallback  main.o
    0x08003e18   0x08003e18   0x00000002   Code   RO         1345    .text.HAL_TIM_TriggerCallback  stm32l4xx_hal_tim.o
    0x08003e1a   0x08003e1a   0x00000002   PAD
    0x08003e1c   0x08003e1c   0x00000002   Code   RO         1610    .text.HAL_UARTEx_RxEventCallback  stm32l4xx_hal_uart.o
    0x08003e1e   0x08003e1e   0x00000002   PAD
    0x08003e20   0x08003e20   0x00000002   Code   RO         1659    .text.HAL_UARTEx_WakeupCallback  stm32l4xx_hal_uart_ex.o
    0x08003e22   0x08003e22   0x00000002   PAD
    0x08003e24   0x08003e24   0x00000002   Code   RO         1608    .text.HAL_UART_ErrorCallback  stm32l4xx_hal_uart.o
    0x08003e26   0x08003e26   0x00000002   PAD
    0x08003e28   0x08003e28   0x000005d4   Code   RO         1604    .text.HAL_UART_IRQHandler  stm32l4xx_hal_uart.o
    0x080043fc   0x080043fc   0x000000c2   Code   RO         1526    .text.HAL_UART_Init  stm32l4xx_hal_uart.o
    0x080044be   0x080044be   0x00000002   PAD
    0x080044c0   0x080044c0   0x00000106   Code   RO          188    .text.HAL_UART_MspInit  stm32l4xx_hal_msp.o
    0x080045c6   0x080045c6   0x00000002   PAD
    0x080045c8   0x080045c8   0x000001e2   Code   RO         1568    .text.HAL_UART_Receive_DMA  stm32l4xx_hal_uart.o
    0x080047aa   0x080047aa   0x00000002   PAD
    0x080047ac   0x080047ac   0x00000002   Code   RO         1616    .text.HAL_UART_RxCpltCallback  stm32l4xx_hal_uart.o
    0x080047ae   0x080047ae   0x00000002   PAD
    0x080047b0   0x080047b0   0x00000002   Code   RO         1612    .text.HAL_UART_TxCpltCallback  stm32l4xx_hal_uart.o
    0x080047b2   0x080047b2   0x00000002   PAD
    0x080047b4   0x080047b4   0x00000002   Code   RO          116    .text.HardFault_Handler  stm32l4xx_it.o
    0x080047b6   0x080047b6   0x00000002   PAD
    0x080047b8   0x080047b8   0x00000192   Code   RO           15    .text.LCD_Command   lcd.o
    0x0800494a   0x0800494a   0x00000002   PAD
    0x0800494c   0x0800494c   0x00000034   Code   RO           29    .text.LCD_Cursor_On_Off  lcd.o
    0x08004980   0x08004980   0x00000192   Code   RO           19    .text.LCD_Print     lcd.o
    0x08004b12   0x08004b12   0x00000002   PAD
    0x08004b14   0x08004b14   0x00000204   Code   RO           21    .text.LCD_Print_String  lcd.o
    0x08004d18   0x08004d18   0x00000110   Code   RO           13    .text.LCD_init      lcd.o
    0x08004e28   0x08004e28   0x00000002   Code   RO          118    .text.MemManage_Handler  stm32l4xx_it.o
    0x08004e2a   0x08004e2a   0x00000002   PAD
    0x08004e2c   0x08004e2c   0x00000002   Code   RO          114    .text.NMI_Handler   stm32l4xx_it.o
    0x08004e2e   0x08004e2e   0x00000002   PAD
    0x08004e30   0x08004e30   0x00000002   Code   RO          128    .text.PendSV_Handler  stm32l4xx_it.o
    0x08004e32   0x08004e32   0x00000002   PAD
    0x08004e34   0x08004e34   0x0000016e   Code   RO          616    .text.RCCEx_PLLSAI1_Config  stm32l4xx_hal_rcc_ex.o
    0x08004fa2   0x08004fa2   0x00000002   PAD
    0x08004fa4   0x08004fa4   0x00000146   Code   RO          618    .text.RCCEx_PLLSAI2_Config  stm32l4xx_hal_rcc_ex.o
    0x080050ea   0x080050ea   0x00000002   PAD
    0x080050ec   0x080050ec   0x00000094   Code   RO         1065    .text.RTC_ExitInitMode  stm32l4xx_hal_rtc.o
    0x08005180   0x08005180   0x00000002   Code   RO          124    .text.SVC_Handler   stm32l4xx_it.o
    0x08005182   0x08005182   0x00000002   PAD
    0x08005184   0x08005184   0x00000004   Code   RO          130    .text.SysTick_Handler  stm32l4xx_it.o
    0x08005188   0x08005188   0x000000a8   Code   RO           90    .text.SystemClock_Config  main.o
    0x08005230   0x08005230   0x00000012   Code   RO         1687    .text.SystemInit    system_stm32l4xx.o
    0x08005242   0x08005242   0x00000002   PAD
    0x08005244   0x08005244   0x0000000c   Code   RO          138    .text.TIM2_IRQHandler  stm32l4xx_it.o
    0x08005250   0x08005250   0x0000000c   Code   RO          144    .text.TIM6_DAC_IRQHandler  stm32l4xx_it.o
    0x0800525c   0x0800525c   0x00000054   Code   RO          146    .text.TIM7_IRQHandler  stm32l4xx_it.o
    0x080052b0   0x080052b0   0x0000013e   Code   RO         1205    .text.TIM_Base_SetConfig  stm32l4xx_hal_tim.o
    0x080053ee   0x080053ee   0x00000002   PAD
    0x080053f0   0x080053f0   0x000000e8   Code   RO         1532    .text.UART_AdvFeatureConfig  stm32l4xx_hal_uart.o
    0x080054d8   0x080054d8   0x00000010   Code   RO         1606    .text.UART_DMAAbortOnError  stm32l4xx_hal_uart.o
    0x080054e8   0x080054e8   0x00000180   Code   RO         1566    .text.UART_DMAError  stm32l4xx_hal_uart.o
    0x08005668   0x08005668   0x0000015c   Code   RO         1646    .text.UART_DMAReceiveCplt  stm32l4xx_hal_uart.o
    0x080057c4   0x080057c4   0x00000268   Code   RO         1530    .text.UART_SetConfig  stm32l4xx_hal_uart.o
    0x08005a2c   0x08005a2c   0x0000020e   Code   RO         1548    .text.UART_WaitOnFlagUntilTimeout  stm32l4xx_hal_uart.o
    0x08005c3a   0x08005c3a   0x00000002   PAD
    0x08005c3c   0x08005c3c   0x00000028   Code   RO          140    .text.USART2_IRQHandler  stm32l4xx_it.o
    0x08005c64   0x08005c64   0x00000002   Code   RO          122    .text.UsageFault_Handler  stm32l4xx_it.o
    0x08005c66   0x08005c66   0x00000002   PAD
    0x08005c68   0x08005c68   0x00000136   Code   RO           41    .text.analyze_protocol  lcd.o
    0x08005d9e   0x08005d9e   0x00000002   PAD
    0x08005da0   0x08005da0   0x000000ec   Code   RO           31    .text.clock         lcd.o
    0x08005e8c   0x08005e8c   0x00000580   Code   RO           88    .text.main          main.o
    0x0800640c   0x0800640c   0x0000002c   Code   RO           43    .text.print_protocol  lcd.o
    0x08006438   0x08006438   0x00000058   Code   RO           65    .text.print_to_USART  fsa.o
    0x08006490   0x08006490   0x00000180   Code   RO           45    .text.random_protocol  lcd.o
    0x08006610   0x08006610   0x0000000e   Code   RO         1747    i._is_digit         c_w.l(__printf_wp.o)
    0x0800661e   0x0800661e   0x0000001a   Code   RO         1981    x$fpl$fpinit        fz_wm.l(fpinit.o)
    0x08006638   0x08006638   0x00000028   Data   RO         1720    .constdata          c_w.l(_printf_hex_int.o)
    0x08006660   0x08006660   0x00000011   Data   RO         1750    .constdata          c_w.l(__printf_flags_wp.o)
    0x08006671   0x08006671   0x00000010   Data   RO         1692    .rodata.AHBPrescTable  system_stm32l4xx.o
    0x08006681   0x08006681   0x00000008   Data   RO         1693    .rodata.APBPrescTable  system_stm32l4xx.o
    0x08006689   0x08006689   0x00000003   PAD
    0x0800668c   0x0800668c   0x00000030   Data   RO         1694    .rodata.MSIRangeTable  system_stm32l4xx.o
    0x080066bc   0x080066bc   0x00000010   Data   RO           51    .rodata.cst16       lcd.o
    0x080066cc   0x080066cc   0x00000010   Data   RO         1648    .rodata.cst16       stm32l4xx_hal_uart.o
    0x080066dc   0x080066dc   0x00000066   Data   RO           49    .rodata.str1.1      lcd.o
    0x08006742   0x08006742   0x0000002c   Data   RO          148    .rodata.str1.1      stm32l4xx_it.o
    0x0800676e   0x0800676e   0x00000002   PAD
    0x08006770   0x08006770   0x00000020   Data   RO         2042    Region$$Table       anon$$obj.o


    Execution Region RW_IRAM2 (Exec base: 0x10000000, Load base: 0x080067a0, Size: 0x00000000, Max: 0x00008000, ABSOLUTE)

    **** No section assigned to this execution region ****


    Execution Region RW_IRAM1 (Exec base: 0x20000000, Load base: 0x08006790, Size: 0x00000a38, Max: 0x00018000, ABSOLUTE)

    Exec Addr    Load Addr    Size         Type   Attr      Idx    E Section Name        Object

    0x20000000   0x08006790   0x00000008   Data   RW          397    .data..L_MergedGlobals  stm32l4xx_hal.o
    0x20000008   0x08006798   0x00000004   Data   RW         1691    .data.SystemCoreClock  system_stm32l4xx.o
    0x2000000c   0x0800679c   0x00000004   PAD
    0x20000010        -       0x00000060   Zero   RW         1887    .bss                c_w.l(libspace.o)
    0x20000070        -       0x0000007c   Zero   RW           52    .bss..L_MergedGlobals  lcd.o
    0x200000ec        -       0x0000005c   Zero   RW          105    .bss..L_MergedGlobals  main.o
    0x20000148        -       0x0000002e   Zero   RW          156    .bss..L_MergedGlobals  stm32l4xx_it.o
    0x20000176   0x0800679c   0x00000002   PAD
    0x20000178        -       0x00000064   Zero   RW          100    .bss.hadc1          main.o
    0x200001dc        -       0x00000048   Zero   RW          102    .bss.hdma_usart2_rx  main.o
    0x20000224        -       0x00000048   Zero   RW          103    .bss.hdma_usart2_tx  main.o
    0x2000026c        -       0x0000004c   Zero   RW           96    .bss.htim2          main.o
    0x200002b8        -       0x0000004c   Zero   RW           99    .bss.htim3          main.o
    0x20000304        -       0x0000004c   Zero   RW           97    .bss.htim6          main.o
    0x20000350        -       0x0000004c   Zero   RW           98    .bss.htim7          main.o
    0x2000039c        -       0x00000084   Zero   RW          101    .bss.huart2         main.o
    0x20000420        -       0x0000000e   Zero   RW           50    .bss.protocol       lcd.o
    0x2000042e   0x0800679c   0x00000002   PAD
    0x20000430        -       0x00000004   Zero   RW          396    .bss.uwTick         stm32l4xx_hal.o
    0x20000434   0x0800679c   0x00000004   PAD
    0x20000438        -       0x00000200   Zero   RW            2    HEAP                startup_stm32l476xx.o
    0x20000638        -       0x00000400   Zero   RW            1    STACK               startup_stm32l476xx.o


==============================================================================

Image component sizes


      Code (inc. data)   RO Data    RW Data    ZI Data      Debug   Object Name

        88          0          0          0          0       7214   fsa.o
      2618        324        118          0        138      18498   lcd.o
      1662          0          0          0        772      19074   main.o
        64         26        392          0       1536        840   startup_stm32l476xx.o
       144          0          0          8          4       8828   stm32l4xx_hal.o
      2084         16          0          0          0      27227   stm32l4xx_hal_adc.o
       218          0          0          0          0      21415   stm32l4xx_hal_adc_ex.o
       200          0          0          0          0      10509   stm32l4xx_hal_cortex.o
       874          0          0          0          0       7919   stm32l4xx_hal_crc.o
       140          4          0          0          0       2914   stm32l4xx_hal_crc_ex.o
       700          0          0          0          0       7788   stm32l4xx_hal_dma.o
       500          0          0          0          0       5249   stm32l4xx_hal_gpio.o
       944          6          0          0          0      17048   stm32l4xx_hal_msp.o
        18          0          0          0          0       5466   stm32l4xx_hal_pwr.o
       156          0          0          0          0      10059   stm32l4xx_hal_pwr_ex.o
      2820          0          0          0          0      12061   stm32l4xx_hal_rcc.o
      1706          8          0          0          0      14262   stm32l4xx_hal_rcc_ex.o
       206          0          0          0          0       4914   stm32l4xx_hal_rng.o
      1250          0          0          0          0      15400   stm32l4xx_hal_rtc.o
      2878         22          0          0          0      59890   stm32l4xx_hal_tim.o
       196          0          0          0          0      23201   stm32l4xx_hal_tim_ex.o
      4298         48         16          0          0      34988   stm32l4xx_hal_uart.o
         2          0          0          0          0       8823   stm32l4xx_hal_uart_ex.o
       306          0         44          0         46       9164   stm32l4xx_it.o
        18          0         72          4          0       2943   system_stm32l4xx.o

    ----------------------------------------------------------------------
     24232        454        679         12       2508     355694   Object Totals
         0          0         32          0          0          0   (incl. Generated)
       142          0          5          0         12          0   (incl. Padding)

    ----------------------------------------------------------------------

      Code (inc. data)   RO Data    RW Data    ZI Data      Debug   Library Member Name

         8          0          0          0          0         68   __main.o
       318          4         17          0          0         92   __printf_flags_wp.o
        14          0          0          0          0         68   __printf_wp.o
         0          0          0          0          0          0   __rtentry.o
        12          0          0          0          0          0   __rtentry2.o
         6          0          0          0          0          0   __rtentry4.o
        52          8          0          0          0          0   __scatter.o
        26          0          0          0          0          0   __scatter_copy.o
        28          0          0          0          0          0   __scatter_zi.o
        48          6          0          0          0         96   _printf_char_common.o
         6          0          0          0          0          0   _printf_d.o
       120         16          0          0          0         92   _printf_dec.o
        88          4         40          0          0         88   _printf_hex_int.o
       178          0          0          0          0         88   _printf_intcommon.o
        78          0          0          0          0        108   _printf_pad.o
         0          0          0          0          0          0   _printf_percent.o
         4          0          0          0          0          0   _printf_percent_end.o
         6          0          0          0          0          0   _printf_u.o
         6          0          0          0          0          0   _printf_x.o
        10          0          0          0          0         68   _sputc.o
        18          0          0          0          0         80   exit.o
         6          0          0          0          0        152   heapauxi.o
         0          0          0          0          0          0   indicate_semi.o
         2          0          0          0          0          0   libinit.o
         6          0          0          0          0          0   libinit2.o
         2          0          0          0          0          0   libshutdown.o
         2          0          0          0          0          0   libshutdown2.o
         8          4          0          0         96         68   libspace.o
       240          0          0          0          0        100   lludivv7m.o
        40          6          0          0          0         84   noretval__2sprintf.o
        78          0          0          0          0         80   rt_memclr_w.o
         2          0          0          0          0          0   rtexit.o
        10          0          0          0          0          0   rtexit2.o
        12          4          0          0          0         68   sys_exit.o
        74          0          0          0          0         80   sys_stackheap_outer.o
         2          0          0          0          0         68   use_no_semi.o
        26          0          0          0          0        116   fpinit.o

    ----------------------------------------------------------------------
      1544         52         57          0         96       1664   Library Totals
         8          0          0          0          0          0   (incl. Padding)

    ----------------------------------------------------------------------

      Code (inc. data)   RO Data    RW Data    ZI Data      Debug   Library Name

      1510         52         57          0         96       1548   c_w.l
        26          0          0          0          0        116   fz_wm.l

    ----------------------------------------------------------------------
      1544         52         57          0         96       1664   Library Totals

    ----------------------------------------------------------------------

==============================================================================


      Code (inc. data)   RO Data    RW Data    ZI Data      Debug   

     25776        506        736         12       2604     356170   Grand Totals
     25776        506        736         12       2604     356170   ELF Image Totals
     25776        506        736         12          0          0   ROM Totals

==============================================================================

    Total RO  Size (Code + RO Data)                26512 (  25.89kB)
    Total RW  Size (RW Data + ZI Data)              2616 (   2.55kB)
    Total ROM Size (Code + RO Data + RW Data)      26524 (  25.90kB)

==============================================================================

